warning: profiles for the non root package will be ignored, specify profiles at the workspace root:
package:   C:\Users\z7299\Documents\GitHub\AnixOps-EasySSH\tui\Cargo.toml
workspace: C:\Users\z7299\Documents\GitHub\AnixOps-EasySSH\Cargo.toml
warning: profiles for the non root package will be ignored, specify profiles at the workspace root:
package:   C:\Users\z7299\Documents\GitHub\AnixOps-EasySSH\platforms\linux\easyssh-gtk4\Cargo.toml
workspace: C:\Users\z7299\Documents\GitHub\AnixOps-EasySSH\Cargo.toml
warning: profiles for the non root package will be ignored, specify profiles at the workspace root:
package:   C:\Users\z7299\Documents\GitHub\AnixOps-EasySSH\platforms\windows\easyssh-winui\Cargo.toml
workspace: C:\Users\z7299\Documents\GitHub\AnixOps-EasySSH\Cargo.toml
warning: profiles for the non root package will be ignored, specify profiles at the workspace root:
package:   C:\Users\z7299\Documents\GitHub\AnixOps-EasySSH\pro-server\Cargo.toml
workspace: C:\Users\z7299\Documents\GitHub\AnixOps-EasySSH\Cargo.toml
    Blocking waiting for file lock on package cache
    Blocking waiting for file lock on package cache
    Blocking waiting for file lock on build directory
   Compiling easyssh-core v0.3.0 (C:\Users\z7299\Documents\GitHub\AnixOps-EasySSH\core)
warning: unused import: `mpsc`
  --> core\src\connection_pool.rs:19:19
   |
19 | use tokio::sync::{mpsc, Mutex, RwLock};
   |                   ^^^^
   |
   = note: `#[warn(unused_imports)]` on by default

warning: unused import: `tokio::time::interval`
  --> core\src\connection_pool.rs:21:5
   |
21 | use tokio::time::interval;
   |     ^^^^^^^^^^^^^^^^^^^^^

warning: unused import: `std::path::Path`
 --> core\src\config_import_export.rs:2:5
  |
2 | use std::path::Path;
  |     ^^^^^^^^^^^^^^^

warning: unused imports: `HostRecord`, `IdentityRecord`, `NewHost`, `SnippetRecord`, and `TagRecord`
 --> core\src\config_import_export.rs:6:28
  |
6 |     Database, GroupRecord, HostRecord, IdentityRecord, NewGroup, NewHost, NewIdentity,
  |                            ^^^^^^^^^^  ^^^^^^^^^^^^^^            ^^^^^^^
7 |     ServerRecord, SnippetRecord, TagRecord,
  |                   ^^^^^^^^^^^^^  ^^^^^^^^^

warning: unused import: `std::collections::HashMap`
 --> core\src\terminal.rs:5:5
  |
5 | use std::collections::HashMap;
  |     ^^^^^^^^^^^^^^^^^^^^^^^^^

warning: unused import: `CryptoState`
  --> core\src\vault.rs:15:21
   |
15 | use crate::crypto::{CryptoState, CRYPTO_STATE};
   |                     ^^^^^^^^^^^

warning: unused import: `std::time::Duration`
 --> core\src\workflow_engine.rs:3:5
  |
3 | use std::time::Duration;
  |     ^^^^^^^^^^^^^^^^^^^

warning: unused imports: `Deserialize` and `Serialize`
 --> core\src\workflow_executor.rs:1:13
  |
1 | use serde::{Deserialize, Serialize};
  |             ^^^^^^^^^^^  ^^^^^^^^^

warning: unused import: `oneshot`
 --> core\src\workflow_executor.rs:4:25
  |
4 | use tokio::sync::{mpsc, oneshot};
  |                         ^^^^^^^

warning: unused import: `warn`
 --> core\src\workflow_executor.rs:7:28
  |
7 | use tracing::{error, info, warn};
  |                            ^^^^

warning: unused import: `Instant`
 --> core\src\workflow_scheduler.rs:3:27
  |
3 | use std::time::{Duration, Instant};
  |                           ^^^^^^^

warning: unused imports: `Interval` and `interval`
 --> core\src\workflow_scheduler.rs:4:19
  |
4 | use tokio::time::{interval, Interval};
  |                   ^^^^^^^^  ^^^^^^^^

warning: unused import: `Weekday`
 --> core\src\workflow_scheduler.rs:6:49
  |
6 | use chrono::{DateTime, Utc, Datelike, Timelike, Weekday};
  |                                                 ^^^^^^^

warning: unused imports: `error` and `warn`
 --> core\src\workflow_scheduler.rs:7:15
  |
7 | use tracing::{error, info, warn};
  |               ^^^^^        ^^^^

warning: unused import: `crate::workflow_engine::Workflow`
 --> core\src\workflow_scheduler.rs:9:5
  |
9 | use crate::workflow_engine::Workflow;
  |     ^^^^^^^^^^^^^^^^^^^^^^^^^^^^^^^^

warning: unused imports: `Duration` and `Instant`
 --> core\src\workflow_variables.rs:3:17
  |
3 | use std::time::{Duration, Instant};
  |                 ^^^^^^^^  ^^^^^^^

warning: unused import: `Path`
 --> core\src\script_library.rs:3:17
  |
3 | use std::path::{Path, PathBuf};
  |                 ^^^^

warning: unused import: `uuid::Uuid`
 --> core\src\script_library.rs:4:5
  |
4 | use uuid::Uuid;
  |     ^^^^^^^^^^

warning: unused imports: `TcpListener` and `TcpStream`
  --> core\src\port_forward.rs:17:16
   |
17 | use std::net::{TcpListener, TcpStream, SocketAddr, IpAddr, Ipv4Addr};
   |                ^^^^^^^^^^^  ^^^^^^^^^

warning: unused import: `AtomicU64`
  --> core\src\port_forward.rs:18:37
   |
18 | use std::sync::atomic::{AtomicBool, AtomicU64, Ordering};
   |                                     ^^^^^^^^^

warning: unused import: `Instant`
  --> core\src\port_forward.rs:20:27
   |
20 | use std::time::{Duration, Instant};
   |                           ^^^^^^^

warning: unused import: `mpsc`
  --> core\src\port_forward.rs:23:19
   |
23 | use tokio::sync::{mpsc, RwLock};
   |                   ^^^^

warning: unused import: `interval`
  --> core\src\port_forward.rs:25:19
   |
25 | use tokio::time::{interval, sleep};
   |                   ^^^^^^^^

warning: unused import: `RwLock`
   --> core\src\lib.rs:263:22
    |
263 | use std::sync::{Arc, RwLock};
    |                      ^^^^^^

warning: unused variable: `base_manager`
   --> core\src\connection_pool.rs:538:13
    |
538 |         let base_manager = self.base_manager.clone();
    |             ^^^^^^^^^^^^ help: if this is intentional, prefix it with an underscore: `_base_manager`
    |
    = note: `#[warn(unused_variables)]` on by default

warning: unused variable: `timeout_secs`
   --> core\src\workflow_executor.rs:382:9
    |
382 |         timeout_secs: Option<u64>,
    |         ^^^^^^^^^^^^ help: if this is intentional, prefix it with an underscore: `_timeout_secs`

warning: unused variable: `create_dirs`
   --> core\src\workflow_executor.rs:399:9
    |
399 |         create_dirs: bool,
    |         ^^^^^^^^^^^ help: if this is intentional, prefix it with an underscore: `_create_dirs`

warning: unused variable: `create_dirs`
   --> core\src\workflow_executor.rs:413:9
    |
413 |         create_dirs: bool,
    |         ^^^^^^^^^^^ help: if this is intentional, prefix it with an underscore: `_create_dirs`

warning: unused variable: `local_stream`
   --> core\src\port_forward.rs:901:9
    |
901 |     mut local_stream: TokioTcpStream,
    |         ^^^^^^^^^^^^ help: if this is intentional, prefix it with an underscore: `_local_stream`

warning: variable does not need to be mutable
   --> core\src\port_forward.rs:930:21
    |
930 |                 let mut local_closed = false;
    |                     ----^^^^^^^^^^^^
    |                     |
    |                     help: remove this `mut`
    |
    = note: `#[warn(unused_mut)]` on by default

warning: variable does not need to be mutable
   --> core\src\port_forward.rs:931:21
    |
931 |                 let mut channel_closed = false;
    |                     ----^^^^^^^^^^^^^^
    |                     |
    |                     help: remove this `mut`

warning: variable does not need to be mutable
   --> core\src\port_forward.rs:901:5
    |
901 |     mut local_stream: TokioTcpStream,
    |     ----^^^^^^^^^^^^
    |     |
    |     help: remove this `mut`

warning: unused variable: `session`
   --> core\src\port_forward.rs:566:17
    |
566 |             let session = ssh_session.blocking_lock();
    |                 ^^^^^^^ help: if this is intentional, prefix it with an underscore: `_session`

warning: unused variable: `stats_clone`
    --> core\src\port_forward.rs:1104:17
     |
1104 |             let stats_clone = stats.clone();
     |                 ^^^^^^^^^^^ help: if this is intentional, prefix it with an underscore: `_stats_clone`

warning: unused variable: `stop_clone`
    --> core\src\port_forward.rs:1105:17
     |
1105 |             let stop_clone = stop_signal.clone();
     |                 ^^^^^^^^^^ help: if this is intentional, prefix it with an underscore: `_stop_clone`

warning: variable does not need to be mutable
   --> core\src\port_forward.rs:713:21
    |
713 |         if let Some(mut forward) = forwards.remove(rule_id) {
    |                     ----^^^^^^^
    |                     |
    |                     help: remove this `mut`

warning: unused import: `Write`
 --> core\src\config_import_export.rs:3:21
  |
3 | use std::io::{Read, Write};
  |                     ^^^^^

warning: unused import: `Read`
 --> core\src\config_import_export.rs:3:15
  |
3 | use std::io::{Read, Write};
  |               ^^^^

warning: unused import: `Write`
  --> core\src\port_forward.rs:16:21
   |
16 | use std::io::{Read, Write};
   |                     ^^^^^

warning: unused import: `Read`
  --> core\src\port_forward.rs:16:15
   |
16 | use std::io::{Read, Write};
   |               ^^^^

warning: unused variable: `password`
   --> core\src\vault.rs:490:25
    |
490 |             if let Some(password) = options.master_password {
    |                         ^^^^^^^^ help: if this is intentional, prefix it with an underscore: `_password`

warning: unused variable: `encrypted`
   --> core\src\vault.rs:603:17
    |
603 |             let encrypted = std::fs::read(&items_path)
    |                 ^^^^^^^^^ help: if this is intentional, prefix it with an underscore: `_encrypted`

warning: variable does not need to be mutable
   --> core\src\vault.rs:746:13
    |
746 |         let mut metadata = VaultItemMetadata {
    |             ----^^^^^^^^
    |             |
    |             help: remove this `mut`

warning: variable does not need to be mutable
   --> core\src\vault.rs:784:13
    |
784 |         let mut metadata = VaultItemMetadata {
    |             ----^^^^^^^^
    |             |
    |             help: remove this `mut`

warning: variable does not need to be mutable
   --> core\src\vault.rs:816:13
    |
816 |         let mut metadata = VaultItemMetadata {
    |             ----^^^^^^^^
    |             |
    |             help: remove this `mut`

warning: variable does not need to be mutable
   --> core\src\vault.rs:849:13
    |
849 |         let mut metadata = VaultItemMetadata {
    |             ----^^^^^^^^
    |             |
    |             help: remove this `mut`

warning: variable does not need to be mutable
   --> core\src\vault.rs:876:13
    |
876 |         let mut metadata = VaultItemMetadata {
    |             ----^^^^^^^^
    |             |
    |             help: remove this `mut`

warning: unused variable: `initial_variables`
  --> core\src\workflow_executor.rs:58:9
   |
58 |         initial_variables: HashMap<String, serde_json::Value>,
   |         ^^^^^^^^^^^^^^^^^ help: if this is intentional, prefix it with an underscore: `_initial_variables`

warning: unused variable: `cat`
   --> core\src\script_library.rs:322:25
    |
322 |         if let Some(ref cat) = options.category {
    |                         ^^^ help: if this is intentional, prefix it with an underscore: `_cat`

warning: method `health_status` is never used
   --> core\src\connection_pool.rs:328:8
    |
254 | impl HealthCheckWorker {
    | ---------------------- method in this implementation
...
328 |     fn health_status(&self) -> ConnectionHealth {
    |        ^^^^^^^^^^^^^
    |
    = note: `#[warn(dead_code)]` on by default

warning: fields `ssh_tx` and `result_rx` are never read
  --> core\src\workflow_executor.rs:17:5
   |
13 | pub struct WorkflowExecutor {
   |            ---------------- fields in this struct
...
17 |     ssh_tx: Option<mpsc::UnboundedSender<SshCommand>>,
   |     ^^^^^^
18 |     /// Result receiver
19 |     result_rx: Option<mpsc::UnboundedReceiver<StepExecutionResult>>,
   |     ^^^^^^^^^

warning: field `listener` is never read
   --> core\src\port_forward.rs:234:5
    |
222 | struct ActiveForward {
    |        ------------- field in this struct
...
234 |     listener: Option<Arc<TokioTcpListener>>,
    |     ^^^^^^^^
    |
    = note: `ActiveForward` has a derived impl for the trait `Debug`, but this is intentionally ignored during dead code analysis

warning: function `forward_to_local` is never used
   --> core\src\port_forward.rs:971:4
    |
971 | fn forward_to_local(_channel: ssh2::Channel, _local_addr: SocketAddr) -> Result<(), LiteError> {
    |    ^^^^^^^^^^^^^^^^

warning: hiding a lifetime that's elided elsewhere is confusing
   --> core\src\script_library.rs:286:19
    |
286 |     pub fn search(&self, options: ScriptSearchOptions) -> Vec<ScriptSearchResult> {
    |                   ^^^^^ the lifetime is elided here           ------------------ the same lifetime is hidden here
    |
    = help: the same lifetime is referred to in inconsistent ways, making the signature confusing
    = note: `#[warn(mismatched_lifetime_syntaxes)]` on by default
help: use `'_` for type paths
    |
286 |     pub fn search(&self, options: ScriptSearchOptions) -> Vec<ScriptSearchResult<'_>> {
    |                                                                                 ++++

warning: hiding a lifetime that's elided elsewhere is confusing
   --> core\src\script_library.rs:401:26
    |
401 |     pub fn get_favorites(&self) -> Vec<ScriptSearchResult> {
    |                          ^^^^^         ------------------ the same lifetime is hidden here
    |                          |
    |                          the lifetime is elided here
    |
    = help: the same lifetime is referred to in inconsistent ways, making the signature confusing
help: use `'_` for type paths
    |
401 |     pub fn get_favorites(&self) -> Vec<ScriptSearchResult<'_>> {
    |                                                          ++++

warning: hiding a lifetime that's elided elsewhere is confusing
   --> core\src\script_library.rs:420:30
    |
420 |     pub fn get_recently_used(&self, limit: usize) -> Vec<ScriptSearchResult> {
    |                              ^^^^^                       ------------------ the same lifetime is hidden here
    |                              |
    |                              the lifetime is elided here
    |
    = help: the same lifetime is referred to in inconsistent ways, making the signature confusing
help: use `'_` for type paths
    |
420 |     pub fn get_recently_used(&self, limit: usize) -> Vec<ScriptSearchResult<'_>> {
    |                                                                            ++++

warning: hiding a lifetime that's elided elsewhere is confusing
   --> core\src\script_library.rs:438:26
    |
438 |     pub fn get_most_used(&self, limit: usize) -> Vec<ScriptSearchResult> {
    |                          ^^^^^                       ------------------ the same lifetime is hidden here
    |                          |
    |                          the lifetime is elided here
    |
    = help: the same lifetime is referred to in inconsistent ways, making the signature confusing
help: use `'_` for type paths
    |
438 |     pub fn get_most_used(&self, limit: usize) -> Vec<ScriptSearchResult<'_>> {
    |                                                                        ++++

warning: unused `Result` that must be used
   --> core\src\port_forward.rs:565:9
    |
565 | /         tokio::task::spawn_blocking(move || {
566 | |             let session = ssh_session.blocking_lock();
...   |
578 | |             Ok::<(), LiteError>(())
579 | |         }).await.map_err(|e| LiteError::Io(format!("Remote forward task failed: {}", e)))?;
    | |__________________________________________________________________________________________^
    |
    = note: this `Result` may be an `Err` variant, which should be handled
    = note: `#[warn(unused_must_use)]` on by default
help: use `let _ = ...` to ignore the resulting value
    |
565 |         let _ = tokio::task::spawn_blocking(move || {
    |         +++++++

warning: `easyssh-core` (lib) generated 58 warnings (run `cargo fix --lib -p easyssh-core` to apply 33 suggestions)
   Compiling easyssh-winui v0.3.0 (C:\Users\z7299\Documents\GitHub\AnixOps-EasySSH\platforms\windows\easyssh-winui)
   Compiling easyssh-tui v0.3.0 (C:\Users\z7299\Documents\GitHub\AnixOps-EasySSH\tui)
warning: unused imports: `ForwardRuleTemplate`, `ForwardStatus`, `ForwardTopology`, `PortForwardManager`, and `TrafficStats`
 --> platforms\windows\easyssh-winui\src\viewmodels\port_forward.rs:7:18
  |
7 |     ForwardRule, ForwardRuleTemplate, ForwardStatus, ForwardTopology,
  |                  ^^^^^^^^^^^^^^^^^^^  ^^^^^^^^^^^^^  ^^^^^^^^^^^^^^^
8 |     ForwardType, PortForwardManager, TrafficStats, builtin_templates,
  |                  ^^^^^^^^^^^^^^^^^^  ^^^^^^^^^^^^
  |
  = note: `#[warn(unused_imports)]` on by default

warning: unused import: `SshSessionManager`
  --> platforms\windows\easyssh-winui\src\viewmodels\port_forward.rs:10:20
   |
10 | use easyssh_core::{SshSessionManager, AppState};
   |                    ^^^^^^^^^^^^^^^^^

warning: unused import: `std::collections::HashMap`
  --> platforms\windows\easyssh-winui\src\viewmodels\port_forward.rs:12:5
   |
12 | use std::collections::HashMap;
   |     ^^^^^^^^^^^^^^^^^^^^^^^^^

warning: unused imports: `error` and `warn`
  --> platforms\windows\easyssh-winui\src\viewmodels\port_forward.rs:16:15
   |
16 | use tracing::{error, info, warn};
   |               ^^^^^        ^^^^

warning: unused import: `PortForwardManager`
 --> platforms\windows\easyssh-winui\src\viewmodels\mod.rs:8:107
  |
8 | use easyssh_core::{AppState, GroupRecord, NewServer, ServerRecord, SshSessionManager, SftpSessionManager, PortForwardManager};
  |                                                                                                           ^^^^^^^^^^^^^^^^^^

warning: variable does not need to be mutable
   --> platforms\windows\easyssh-winui\src\viewmodels\port_forward.rs:129:21
    |
129 |                 let mut mgr = pf_mgr.write().await;
    |                     ----^^^
    |                     |
    |                     help: remove this `mut`
    |
    = note: `#[warn(unused_mut)]` on by default

warning: unused variable: `server_id`
   --> platforms\windows\easyssh-winui\src\viewmodels\port_forward.rs:143:40
    |
143 |     pub fn get_rules_for_server(&self, server_id: &str) -> Vec<ForwardRuleDto> {
    |                                        ^^^^^^^^^ help: if this is intentional, prefix it with an underscore: `_server_id`
    |
    = note: `#[warn(unused_variables)]` on by default

warning: variable does not need to be mutable
   --> platforms\windows\easyssh-winui\src\viewmodels\port_forward.rs:322:17
    |
322 |             let mut mgr = pf_mgr.write().await;
    |                 ----^^^
    |                 |
    |                 help: remove this `mut`

warning: field `port_forward_vm` is never read
  --> platforms\windows\easyssh-winui\src\viewmodels\mod.rs:22:5
   |
17 | pub struct AppViewModel {
   |            ------------ field in this struct
...
22 |     port_forward_vm: Arc<Mutex<PortForwardViewModel>>,
   |     ^^^^^^^^^^^^^^^
   |
   = note: `AppViewModel` has a derived impl for the trait `Clone`, but this is intentionally ignored during dead code analysis
   = note: `#[warn(dead_code)]` on by default

warning: multiple methods are never used
   --> platforms\windows\easyssh-winui\src\viewmodels\mod.rs:64:12
    |
33  | impl AppViewModel {
    | ----------------- methods in this implementation
...
64  |     pub fn get_port_forward_vm(&self) -> std::sync::MutexGuard<'_, PortForwardViewModel> {
    |            ^^^^^^^^^^^^^^^^^^^
...
79  |     pub fn get_groups(&self) -> Vec<GroupViewModel> {
    |            ^^^^^^^^^^
...
208 |     pub fn execute_blocking_with_timeout(
    |            ^^^^^^^^^^^^^^^^^^^^^^^^^^^^^
...
236 |     pub fn execute_via_sftp(&self, session_id: &str, command: &str) -> anyhow::Result<String> {
    |            ^^^^^^^^^^^^^^^^
...
309 |     pub fn init_sftp(&self, session_id: &str) {
    |            ^^^^^^^^^
...
368 |     pub fn is_sftp_initialized(&self, session_id: &str) -> bool {
    |            ^^^^^^^^^^^^^^^^^^^
...
374 |     pub fn sftp_list_dir(&self, session_id: &str, path: &str) -> anyhow::Result<Vec<SftpEntry>> {
    |            ^^^^^^^^^^^^^
...
401 |     pub fn sftp_mkdir(&self, session_id: &str, path: &str) -> anyhow::Result<()> {
    |            ^^^^^^^^^^
...
415 |     pub fn sftp_remove(&self, session_id: &str, path: &str) -> anyhow::Result<()> {
    |            ^^^^^^^^^^^
...
429 |     pub fn sftp_rmdir(&self, session_id: &str, path: &str) -> anyhow::Result<()> {
    |            ^^^^^^^^^^
...
443 |     pub fn sftp_rename(
    |            ^^^^^^^^^^^
...
512 |     pub fn sftp_close(&self, session_id: &str) -> anyhow::Result<()> {
    |            ^^^^^^^^^^
...
547 |     pub fn import_config(
    |            ^^^^^^^^^^^^^
...
594 |     pub fn import_config_encrypted(
    |            ^^^^^^^^^^^^^^^^^^^^^^^
...
610 |     pub fn export_config(
    |            ^^^^^^^^^^^^^

warning: struct `GroupViewModel` is never constructed
   --> platforms\windows\easyssh-winui\src\viewmodels\mod.rs:669:12
    |
669 | pub struct GroupViewModel {
    |            ^^^^^^^^^^^^^^

warning: fields `runtime` and `app_state` are never read
  --> platforms\windows\easyssh-winui\src\viewmodels\port_forward.rs:21:5
   |
20 | pub struct PortForwardViewModel {
   |            -------------------- fields in this struct
21 |     runtime: Arc<Runtime>,
   |     ^^^^^^^
22 |     app_state: Arc<Mutex<AppState>>,
   |     ^^^^^^^^^
   |
   = note: `PortForwardViewModel` has a derived impl for the trait `Clone`, but this is intentionally ignored during dead code analysis

warning: multiple fields are never read
   --> platforms\windows\easyssh-winui\src\viewmodels\port_forward.rs:103:9
    |
102 | pub struct CreateForwardRuleRequest {
    |            ------------------------ fields in this struct
103 |     pub name: String,
    |         ^^^^
104 |     pub server_id: String,
    |         ^^^^^^^^^
105 |     pub forward_type: String,
    |         ^^^^^^^^^^^^
106 |     pub local_addr: String,
    |         ^^^^^^^^^^
107 |     pub remote_host: Option<String>,
    |         ^^^^^^^^^^^
108 |     pub remote_port: Option<u16>,
    |         ^^^^^^^^^^^
109 |     pub auto_reconnect: bool,
    |         ^^^^^^^^^^^^^^
110 |     pub browser_url: Option<String>,
    |         ^^^^^^^^^^^
111 |     pub notes: Option<String>,
    |         ^^^^^
    |
    = note: `CreateForwardRuleRequest` has derived impls for the traits `Clone` and `Debug`, but these are intentionally ignored during dead code analysis

warning: multiple methods are never used
   --> platforms\windows\easyssh-winui\src\viewmodels\port_forward.rs:143:12
    |
114 | impl PortForwardViewModel {
    | ------------------------- methods in this implementation
...
143 |     pub fn get_rules_for_server(&self, server_id: &str) -> Vec<ForwardRuleDto> {
    |            ^^^^^^^^^^^^^^^^^^^^
...
150 |     pub fn get_active_rules(&self) -> Vec<ForwardRuleDto> {
    |            ^^^^^^^^^^^^^^^^
...
184 |     pub fn get_rule_traffic(&self, rule_id: &str) -> TrafficStatsDto {
    |            ^^^^^^^^^^^^^^^^
...
208 |     pub fn create_rule(&self, request: CreateForwardRuleRequest) -> anyhow::Result<ForwardRuleDto> {
    |            ^^^^^^^^^^^
...
280 |     pub fn start_forward(
    |            ^^^^^^^^^^^^^
...
329 |     pub fn stop_forward(&self, rule_id: &str) -> anyhow::Result<()> {
    |            ^^^^^^^^^^^^
...
342 |     pub fn get_templates(&self) -> Vec<ForwardRuleTemplateDto> {
    |            ^^^^^^^^^^^^^
...
367 |     pub fn create_from_template(
    |            ^^^^^^^^^^^^^^^^^^^^
...
404 |     pub fn get_topology(&self) -> ForwardTopologyDto {
    |            ^^^^^^^^^^^^
...
440 |     pub fn open_browser(&self, url: &str) -> anyhow::Result<()> {
    |            ^^^^^^^^^^^^
...
468 |     pub fn stop_session_forwards(&self, session_id: &str) {
    |            ^^^^^^^^^^^^^^^^^^^^^

warning: function `format_bytes` is never used
   --> platforms\windows\easyssh-winui\src\viewmodels\port_forward.rs:483:4
    |
483 | fn format_bytes(bytes: u64) -> String {
    |    ^^^^^^^^^^^^

warning: function `current_time_millis` is never used
   --> platforms\windows\easyssh-winui\src\viewmodels\port_forward.rs:497:4
    |
497 | fn current_time_millis() -> u128 {
    |    ^^^^^^^^^^^^^^^^^^^

warning: unused import: `Duration`
 --> platforms\windows\easyssh-winui\src\main.rs:6:17
  |
6 | use std::time::{Duration, Instant};
  |                 ^^^^^^^^
  |
  = note: `#[warn(unused_imports)]` on by default

warning: unused import: `debug`
 --> platforms\windows\easyssh-winui\src\main.rs:8:28
  |
8 | use tracing::{error, info, debug};
  |                            ^^^^^

warning: unused import: `SyntaxHighlighter`
  --> platforms\windows\easyssh-winui\src\code_editor\mod.rs:18:30
   |
18 | pub use syntax_highlighter::{SyntaxHighlighter, Language};
   |                              ^^^^^^^^^^^^^^^^^

warning: unused imports: `CodeFolding`, `FoldRange`, and `FoldType`
  --> platforms\windows\easyssh-winui\src\code_editor\mod.rs:19:24
   |
19 | pub use code_folding::{CodeFolding, FoldRange, FoldType};
   |                        ^^^^^^^^^^^  ^^^^^^^^^  ^^^^^^^^

warning: unused imports: `Cursor` and `MultiCursor`
  --> platforms\windows\easyssh-winui\src\code_editor\mod.rs:20:24
   |
20 | pub use multi_cursor::{MultiCursor, Cursor};
   |                        ^^^^^^^^^^^  ^^^^^^

warning: unused import: `minimap::Minimap`
  --> platforms\windows\easyssh-winui\src\code_editor\mod.rs:21:9
   |
21 | pub use minimap::Minimap;
   |         ^^^^^^^^^^^^^^^^

warning: unused imports: `FindReplace` and `SearchOptions`
  --> platforms\windows\easyssh-winui\src\code_editor\mod.rs:22:24
   |
22 | pub use find_replace::{FindReplace, SearchOptions};
   |                        ^^^^^^^^^^^  ^^^^^^^^^^^^^

warning: unused import: `diff_view::DiffView`
  --> platforms\windows\easyssh-winui\src\code_editor\mod.rs:23:9
   |
23 | pub use diff_view::DiffView;
   |         ^^^^^^^^^^^^^^^^^^^

warning: unused import: `remote_editor::RemoteFileEditor`
  --> platforms\windows\easyssh-winui\src\code_editor\mod.rs:25:9
   |
25 | pub use remote_editor::RemoteFileEditor;
   |         ^^^^^^^^^^^^^^^^^^^^^^^^^^^^^^^

warning: unused import: `embedded_terminal::EditorTerminal`
  --> platforms\windows\easyssh-winui\src\code_editor\mod.rs:26:9
   |
26 | pub use embedded_terminal::EditorTerminal;
   |         ^^^^^^^^^^^^^^^^^^^^^^^^^^^^^^^^^

warning: unused imports: `ForwardRuleTemplate`, `ForwardStatus`, `ForwardTopology`, `PortForwardManager`, and `TrafficStats`
 --> platforms\windows\easyssh-winui\src\viewmodels\port_forward.rs:7:18
  |
7 |     ForwardRule, ForwardRuleTemplate, ForwardStatus, ForwardTopology,
  |                  ^^^^^^^^^^^^^^^^^^^  ^^^^^^^^^^^^^  ^^^^^^^^^^^^^^^
8 |     ForwardType, PortForwardManager, TrafficStats, builtin_templates,
  |                  ^^^^^^^^^^^^^^^^^^  ^^^^^^^^^^^^

warning: unused imports: `Rect`, `Sense`, and `epaint`
  --> platforms\windows\easyssh-winui\src\apple_design.rs:16:103
   |
16 | use egui::{Color32, Rounding, Shadow, Stroke, Vec2, Margin, FontId, FontFamily, Response, Widget, Ui, Rect, Sense, Pos2, epaint};
   |                                                                                                       ^^^^  ^^^^^        ^^^^^^

warning: unused import: `std::sync::Arc`
 --> platforms\windows\easyssh-winui\src\search.rs:2:5
  |
2 | use std::sync::Arc;
  |     ^^^^^^^^^^^^^^

warning: unused import: `AppViewModel`
 --> platforms\windows\easyssh-winui\src\search.rs:5:42
  |
5 | use crate::viewmodels::{ServerViewModel, AppViewModel};
  |                                          ^^^^^^^^^^^^

warning: unused import: `DropTarget`
 --> platforms\windows\easyssh-winui\src\layout_manager.rs:4:74
  |
4 | use crate::split_layout::{PanelContent, PanelId, PanelType, SplitLayout, DropTarget, LayoutNode};
  |                                                                          ^^^^^^^^^^

warning: unused imports: `error`, `info`, and `warn`
  --> platforms\windows\easyssh-winui\src\terminal\webgl_terminal.rs:17:22
   |
17 | use tracing::{debug, error, info, warn};
   |                      ^^^^^  ^^^^  ^^^^

warning: unused import: `Rect`
  --> platforms\windows\easyssh-winui\src\terminal\webgl_terminal.rs:18:36
   |
18 | use wry::{WebView, WebViewBuilder, Rect};
   |                                    ^^^^

warning: unused import: `std::cell::RefCell`
 --> platforms\windows\easyssh-winui\src\terminal\egui_integration.rs:6:5
  |
6 | use std::cell::RefCell;
  |     ^^^^^^^^^^^^^^^^^^

warning: unused import: `std::rc::Rc`
 --> platforms\windows\easyssh-winui\src\terminal\egui_integration.rs:7:5
  |
7 | use std::rc::Rc;
  |     ^^^^^^^^^^^

warning: unused imports: `Frame` and `NativeOptions`
  --> platforms\windows\easyssh-winui\src\terminal\egui_integration.rs:11:14
   |
11 | use eframe::{Frame, NativeOptions};
   |              ^^^^^  ^^^^^^^^^^^^^

warning: unused imports: `Context`, `Frame as EguiFrame`, `Pos2`, `Rect`, and `Vec2`
  --> platforms\windows\easyssh-winui\src\terminal\egui_integration.rs:12:12
   |
12 | use egui::{Context, Ui, Vec2, Rect, Pos2, Color32, Rounding, Frame as EguiFrame, Stroke};
   |            ^^^^^^^      ^^^^  ^^^^  ^^^^                     ^^^^^^^^^^^^^^^^^^

warning: unused import: `HasWindowHandle`
  --> platforms\windows\easyssh-winui\src\terminal\egui_integration.rs:13:25
   |
13 | use raw_window_handle::{HasWindowHandle, WindowHandle};
   |                         ^^^^^^^^^^^^^^^

warning: unused imports: `debug`, `error`, and `info`
  --> platforms\windows\easyssh-winui\src\terminal\egui_integration.rs:14:15
   |
14 | use tracing::{debug, error, info, warn};
   |               ^^^^^  ^^^^^  ^^^^

warning: unused import: `WebViewBuilder`
  --> platforms\windows\easyssh-winui\src\terminal\egui_integration.rs:15:20
   |
15 | use wry::{WebView, WebViewBuilder, Rect as WryRect};
   |                    ^^^^^^^^^^^^^^

warning: unused imports: `Arc` and `Mutex`
 --> platforms\windows\easyssh-winui\src\terminal\renderer.rs:7:17
  |
7 | use std::sync::{Arc, Mutex};
  |                 ^^^  ^^^^^

warning: unused import: `warn`
 --> platforms\windows\easyssh-winui\src\terminal\renderer.rs:9:29
  |
9 | use tracing::{debug, trace, warn};
  |                             ^^^^

warning: unused import: `trace`
  --> platforms\windows\easyssh-winui\src\terminal\streaming.rs:10:22
   |
10 | use tracing::{debug, trace, warn};
   |                      ^^^^^

warning: unused import: `error`
  --> platforms\windows\easyssh-winui\src\terminal\manager.rs:10:22
   |
10 | use tracing::{debug, error, info, trace};
   |                      ^^^^^

warning: unused imports: `CursorConfig`, `CursorStyle`, `FontConfig`, `TerminalBuffer`, `TerminalCell`, `WebGlTerminal`, `create_default_terminal`, and `create_streaming_terminal`
  --> platforms\windows\easyssh-winui\src\terminal\mod.rs:13:5
   |
13 |     WebGlTerminal,
   |     ^^^^^^^^^^^^^
14 |     TerminalConfig,
15 |     TerminalBuffer,
   |     ^^^^^^^^^^^^^^
16 |     TerminalCell,
   |     ^^^^^^^^^^^^
17 |     ColorSupport,
18 |     FontConfig,
   |     ^^^^^^^^^^
19 |     CursorStyle,
   |     ^^^^^^^^^^^
20 |     CursorConfig,
   |     ^^^^^^^^^^^^
21 |     RenderStats,
22 |     create_default_terminal,
   |     ^^^^^^^^^^^^^^^^^^^^^^^
23 |     create_streaming_terminal,
   |     ^^^^^^^^^^^^^^^^^^^^^^^^^

warning: unused import: `WebGlTerminalWidget`
  --> platforms\windows\easyssh-winui\src\terminal\mod.rs:28:5
   |
28 |     WebGlTerminalWidget,
   |     ^^^^^^^^^^^^^^^^^^^

warning: unused imports: `FrameScheduler`, `RenderBatch`, `TerminalRenderer`, and `create_60fps_scheduler`
  --> platforms\windows\easyssh-winui\src\terminal\mod.rs:34:5
   |
34 |     TerminalRenderer,
   |     ^^^^^^^^^^^^^^^^
35 |     FrameScheduler,
   |     ^^^^^^^^^^^^^^
36 |     RenderBatch,
   |     ^^^^^^^^^^^
37 |     create_60fps_scheduler,
   |     ^^^^^^^^^^^^^^^^^^^^^^

warning: unused imports: `DataBatcher`, `StreamingBuffer`, and `create_optimized_batcher`
  --> platforms\windows\easyssh-winui\src\terminal\mod.rs:41:5
   |
41 |     StreamingBuffer,
   |     ^^^^^^^^^^^^^^^
42 |     DataBatcher,
   |     ^^^^^^^^^^^
43 |     StreamingProcessor,
44 |     create_optimized_batcher,
   |     ^^^^^^^^^^^^^^^^^^^^^^^^

warning: unused import: `std::collections::HashMap`
 --> platforms\windows\easyssh-winui\src\sftp_file_manager.rs:5:5
  |
5 | use std::collections::HashMap;
  |     ^^^^^^^^^^^^^^^^^^^^^^^^^

warning: unused import: `std::time::SystemTime`
  --> platforms\windows\easyssh-winui\src\notifications.rs:16:5
   |
16 | use std::time::SystemTime;
   |     ^^^^^^^^^^^^^^^^^^^^^

warning: unused import: `warn`
  --> platforms\windows\easyssh-winui\src\hotkeys.rs:15:35
   |
15 | use tracing::{debug, error, info, warn};
   |                                   ^^^^

warning: unused imports: `LPARAM` and `LRESULT`
  --> platforms\windows\easyssh-winui\src\hotkeys.rs:18:40
   |
18 | use windows::Win32::Foundation::{HWND, LPARAM, LRESULT, WPARAM};
   |                                        ^^^^^^  ^^^^^^^

warning: unused imports: `CallWindowProcW`, `GWLP_WNDPROC`, `GetWindowLongPtrW`, `SetWindowLongPtrW`, and `WM_HOTKEY`
  --> platforms\windows\easyssh-winui\src\hotkeys.rs:22:47
   |
22 | use windows::Win32::UI::WindowsAndMessaging::{WM_HOTKEY, CallWindowProcW, GetWindowLongPtrW, GWLP_WNDPROC, SetWindowLongPtrW};
   |                                               ^^^^^^^^^  ^^^^^^^^^^^^^^^  ^^^^^^^^^^^^^^^^^  ^^^^^^^^^^^^  ^^^^^^^^^^^^^^^^^

warning: unused import: `std::sync::Arc`
    --> platforms\windows\easyssh-winui\src\hotkeys.rs:1536:9
     |
1536 |     use std::sync::Arc;
     |         ^^^^^^^^^^^^^^

warning: unused import: `AtomicUsize`
 --> platforms\windows\easyssh-winui\src\performance\connection_pool.rs:6:36
  |
6 | use std::sync::atomic::{AtomicU64, AtomicUsize, Ordering};
  |                                    ^^^^^^^^^^^

warning: unused import: `Condvar`
 --> platforms\windows\easyssh-winui\src\performance\thread_pool.rs:6:19
  |
6 | use parking_lot::{Condvar, Mutex};
  |                   ^^^^^^^

warning: unused import: `std::sync::Arc`
  --> platforms\windows\easyssh-winui\src\performance\mod.rs:21:5
   |
21 | use std::sync::Arc;
   |     ^^^^^^^^^^^^^^

warning: unused imports: `OptimizedConnectionPool`, `PoolConfig`, and `global_connection_pool`
   --> platforms\windows\easyssh-winui\src\performance\mod.rs:159:27
    |
159 | pub use connection_pool::{global_connection_pool, OptimizedConnectionPool, PoolConfig};
    |                           ^^^^^^^^^^^^^^^^^^^^^^  ^^^^^^^^^^^^^^^^^^^^^^^  ^^^^^^^^^^

warning: unused imports: `BufferPool`, `ObjectPool`, `PoolStats`, and `Resettable`
   --> platforms\windows\easyssh-winui\src\performance\mod.rs:160:23
    |
160 | pub use memory_pool::{BufferPool, ObjectPool, PoolStats, Resettable, GLOBAL_TRACKER};
    |                       ^^^^^^^^^^  ^^^^^^^^^^  ^^^^^^^^^  ^^^^^^^^^^

warning: unused import: `ScopedTimer`
   --> platforms\windows\easyssh-winui\src\performance\mod.rs:161:74
    |
161 | pub use monitor::{global_monitor, PerformanceMonitor, PerformanceReport, ScopedTimer};
    |                                                                          ^^^^^^^^^^^

warning: unused imports: `RenderOptimizer` and `should_animate`
   --> platforms\windows\easyssh-winui\src\performance\mod.rs:162:53
    |
162 | pub use render_optimizer::{global_render_optimizer, RenderOptimizer, should_animate};
    |                                                     ^^^^^^^^^^^^^^^  ^^^^^^^^^^^^^^

warning: unused imports: `AsyncBridge`, `TaskPriority`, and `io_pool`
   --> platforms\windows\easyssh-winui\src\performance\mod.rs:163:23
    |
163 | pub use thread_pool::{io_pool, AsyncBridge, TaskPriority};
    |                       ^^^^^^^  ^^^^^^^^^^^  ^^^^^^^^^^^^

warning: unused imports: `FileVirtualList`, `RecycledListView`, `ServerItem`, `ServerVirtualList`, `VirtualListState`, `VirtualList`, and `WidgetRecyclePool`
   --> platforms\windows\easyssh-winui\src\performance\mod.rs:165:5
    |
165 |     FileVirtualList, RecycledListView, ServerItem, ServerVirtualList,
    |     ^^^^^^^^^^^^^^^  ^^^^^^^^^^^^^^^^  ^^^^^^^^^^  ^^^^^^^^^^^^^^^^^
166 |     VirtualList, VirtualListState, WidgetRecyclePool,
    |     ^^^^^^^^^^^  ^^^^^^^^^^^^^^^^  ^^^^^^^^^^^^^^^^^

warning: unused import: `std::sync::Arc`
 --> platforms\windows\easyssh-winui\src\performance_panel.rs:5:5
  |
5 | use std::sync::Arc;
  |     ^^^^^^^^^^^^^^

warning: unused import: `PerformanceMonitor`
 --> platforms\windows\easyssh-winui\src\performance_panel.rs:6:42
  |
6 | use crate::performance::{global_monitor, PerformanceMonitor, PerformanceReport, GLOBAL_TRACKER};
  |                                          ^^^^^^^^^^^^^^^^^^

warning: unused import: `ConfigManager`
 --> platforms\windows\easyssh-winui\src\settings.rs:7:5
  |
7 |     ConfigManager, ExportFormat, ConfigConflictResolution as ConflictResolution, ImportResult, ImportFormat,
  |     ^^^^^^^^^^^^^

warning: unused imports: `Stroke` and `Vec2`
  --> platforms\windows\easyssh-winui\src\theme_system.rs:17:51
   |
17 | use egui::{Color32, FontFamily, FontId, Rounding, Stroke, Vec2};
   |                                                   ^^^^^^  ^^^^

warning: unused import: `std::sync::Arc`
  --> platforms\windows\easyssh-winui\src\theme_system.rs:21:5
   |
21 | use std::sync::Arc;
   |     ^^^^^^^^^^^^^^

warning: unused imports: `AtomicBool` and `Ordering`
  --> platforms\windows\easyssh-winui\src\theme_system.rs:22:25
   |
22 | use std::sync::atomic::{AtomicBool, Ordering};
   |                         ^^^^^^^^^^  ^^^^^^^^

warning: unused import: `Serialize`
  --> platforms\windows\easyssh-winui\src\theme_system.rs:30:44
   |
30 |     use serde::{Deserialize, Deserializer, Serialize, Serializer};
   |                                            ^^^^^^^^^

warning: unused imports: `AccessibilitySettings` and `DesignTheme`
  --> platforms\windows\easyssh-winui\src\port_forward_dialog.rs:10:21
   |
10 | use crate::design::{DesignTheme, AccessibilitySettings};
   |                     ^^^^^^^^^^^  ^^^^^^^^^^^^^^^^^^^^^

warning: unused imports: `AppleSpinner`, `AppleTypography`, `LucideIcons`, and `Motion`
  --> platforms\windows\easyssh-winui\src\port_forward_dialog.rs:12:29
   |
12 |     AppleButton, AppleCard, AppleSpinner, AppleTypography,
   |                             ^^^^^^^^^^^^  ^^^^^^^^^^^^^^^
13 |     ButtonSize, ButtonStyle, LucideIcons, Motion,
   |                              ^^^^^^^^^^^  ^^^^^^

warning: unused import: `std::sync::Arc`
  --> platforms\windows\easyssh-winui\src\port_forward_dialog.rs:17:5
   |
17 | use std::sync::Arc;
   |     ^^^^^^^^^^^^^^

warning: unused import: `std::sync::Mutex`
  --> platforms\windows\easyssh-winui\src\port_forward_dialog.rs:18:5
   |
18 | use std::sync::Mutex;
   |     ^^^^^^^^^^^^^^^^

warning: unused imports: `error` and `info`
  --> platforms\windows\easyssh-winui\src\port_forward_dialog.rs:19:15
   |
19 | use tracing::{error, info};
   |               ^^^^^  ^^^^

warning: unused import: `std::sync::Arc`
 --> platforms\windows\easyssh-winui\src\remote_desktop_ui.rs:3:5
  |
3 | use std::sync::Arc;
  |     ^^^^^^^^^^^^^^

warning: unused import: `tokio::sync::Mutex`
 --> platforms\windows\easyssh-winui\src\remote_desktop_ui.rs:4:5
  |
4 | use tokio::sync::Mutex;
  |     ^^^^^^^^^^^^^^^^^^

warning: unused imports: `RichText` and `Widget`
 --> platforms\windows\easyssh-winui\src\workflow_editor.rs:2:69
  |
2 | use egui::{Color32, DragValue, Frame, Margin, Pos2, Rect, Response, RichText, Rounding, Sense, Stroke, Ui, Vec2, Widget};
  |                                                                     ^^^^^^^^                                     ^^^^^^

warning: unused import: `std::collections::HashMap`
 --> platforms\windows\easyssh-winui\src\workflow_editor.rs:3:5
  |
3 | use std::collections::HashMap;
  |     ^^^^^^^^^^^^^^^^^^^^^^^^^

warning: unused import: `easyssh_core::workflow_variables::VariableResolver`
 --> platforms\windows\easyssh-winui\src\workflow_editor.rs:7:5
  |
7 | use easyssh_core::workflow_variables::VariableResolver;
  |     ^^^^^^^^^^^^^^^^^^^^^^^^^^^^^^^^^^^^^^^^^^^^^^^^^^

warning: unused import: `ScriptCategory`
 --> platforms\windows\easyssh-winui\src\workflow_editor.rs:8:51
  |
8 | use easyssh_core::script_library::{ScriptLibrary, ScriptCategory};
  |                                                   ^^^^^^^^^^^^^^

warning: unused imports: `Margin` and `Vec2`
 --> platforms\windows\easyssh-winui\src\macro_recorder_ui.rs:2:28
  |
2 | use egui::{Color32, Frame, Margin, ProgressBar, RichText, Ui, Vec2};
  |                            ^^^^^^                             ^^^^

warning: unused imports: `Arc` and `Mutex`
 --> platforms\windows\easyssh-winui\src\macro_recorder_ui.rs:3:17
  |
3 | use std::sync::{Arc, Mutex};
  |                 ^^^  ^^^^^

warning: unused import: `std::time::Duration`
 --> platforms\windows\easyssh-winui\src\macro_recorder_ui.rs:4:5
  |
4 | use std::time::Duration;
  |     ^^^^^^^^^^^^^^^^^^^

warning: unused imports: `Margin`, `ProgressBar`, and `Vec2`
 --> platforms\windows\easyssh-winui\src\scheduled_tasks_ui.rs:2:28
  |
2 | use egui::{Color32, Frame, Margin, ProgressBar, RichText, Ui, Vec2};
  |                            ^^^^^^  ^^^^^^^^^^^                ^^^^

warning: unused import: `std::collections::HashMap`
 --> platforms\windows\easyssh-winui\src\scheduled_tasks_ui.rs:3:5
  |
3 | use std::collections::HashMap;
  |     ^^^^^^^^^^^^^^^^^^^^^^^^^

warning: unused imports: `Margin` and `Vec2`
 --> platforms\windows\easyssh-winui\src\batch_results_ui.rs:2:28
  |
2 | use egui::{Color32, Frame, Margin, ProgressBar, RichText, Ui, Vec2};
  |                            ^^^^^^                             ^^^^

warning: unused import: `StepResultSummary`
 --> platforms\windows\easyssh-winui\src\batch_results_ui.rs:5:85
  |
5 | use easyssh_core::workflow_executor::{BatchExecutionSummary, ServerExecutionResult, StepResultSummary};
  |                                                                                     ^^^^^^^^^^^^^^^^^

warning: unused imports: `Color32`, `Frame`, `Margin`, and `Vec2`
 --> platforms\windows\easyssh-winui\src\workflow_panel.rs:2:12
  |
2 | use egui::{Color32, Frame, Margin, RichText, Ui, Vec2};
  |            ^^^^^^^  ^^^^^  ^^^^^^                ^^^^

warning: unused import: `std::collections::HashMap`
 --> platforms\windows\easyssh-winui\src\workflow_panel.rs:3:5
  |
3 | use std::collections::HashMap;
  |     ^^^^^^^^^^^^^^^^^^^^^^^^^

warning: unused import: `VariableResolver`
  --> platforms\windows\easyssh-winui\src\workflow_panel.rs:10:55
   |
10 | use easyssh_core::workflow_variables::{ServerContext, VariableResolver};
   |                                                       ^^^^^^^^^^^^^^^^

warning: unused import: `easyssh_core::macro_recorder::Macro`
  --> platforms\windows\easyssh-winui\src\workflow_panel.rs:11:5
   |
11 | use easyssh_core::macro_recorder::Macro;
   |     ^^^^^^^^^^^^^^^^^^^^^^^^^^^^^^^^^^^

warning: unused import: `ScriptSearchOptions`
  --> platforms\windows\easyssh-winui\src\workflow_panel.rs:12:51
   |
12 | use easyssh_core::script_library::{ScriptLibrary, ScriptSearchOptions, ScriptType};
   |                                                   ^^^^^^^^^^^^^^^^^^^

warning: unused imports: `ScriptSelection` and `WorkflowEditorResponse`
  --> platforms\windows\easyssh-winui\src\workflow_panel.rs:14:68
   |
14 | use crate::workflow_editor::{WorkflowEditor, ScriptLibraryBrowser, ScriptSelection, WorkflowEditorResponse};
   |                                                                    ^^^^^^^^^^^^^^^  ^^^^^^^^^^^^^^^^^^^^^^

warning: unused import: `MacroRecorderResponse`
  --> platforms\windows\easyssh-winui\src\workflow_panel.rs:15:52
   |
15 | use crate::macro_recorder_ui::{MacroRecorderPanel, MacroRecorderResponse};
   |                                                    ^^^^^^^^^^^^^^^^^^^^^

warning: unused import: `ScheduledTasksResponse`
  --> platforms\windows\easyssh-winui\src\workflow_panel.rs:16:54
   |
16 | use crate::scheduled_tasks_ui::{ScheduledTasksPanel, ScheduledTasksResponse};
   |                                                      ^^^^^^^^^^^^^^^^^^^^^^

warning: unused import: `BatchResultsResponse`
  --> platforms\windows\easyssh-winui\src\workflow_panel.rs:17:59
   |
17 | use crate::batch_results_ui::{BatchExecutionResultsPanel, BatchResultsResponse};
   |                                                           ^^^^^^^^^^^^^^^^^^^^

warning: unused import: `std::collections::HashMap`
 --> platforms\windows\easyssh-winui\src\ai_terminal\mod.rs:6:5
  |
6 | use std::collections::HashMap;
  |     ^^^^^^^^^^^^^^^^^^^^^^^^^

warning: unused imports: `Deserialize` and `Serialize`
 --> platforms\windows\easyssh-winui\src\ai_terminal\providers\openai.rs:5:13
  |
5 | use serde::{Deserialize, Serialize};
  |             ^^^^^^^^^^^  ^^^^^^^^^

warning: unused imports: `Deserialize` and `Serialize`
 --> platforms\windows\easyssh-winui\src\ai_terminal\providers\claude.rs:5:13
  |
5 | use serde::{Deserialize, Serialize};
  |             ^^^^^^^^^^^  ^^^^^^^^^

warning: unused imports: `Deserialize` and `Serialize`
  --> platforms\windows\easyssh-winui\src\ai_terminal\providers\local.rs:10:13
   |
10 | use serde::{Deserialize, Serialize};
   |             ^^^^^^^^^^^  ^^^^^^^^^

warning: unused import: `std::collections::HashMap`
  --> platforms\windows\easyssh-winui\src\ai_terminal\providers\local.rs:12:5
   |
12 | use std::collections::HashMap;
   |     ^^^^^^^^^^^^^^^^^^^^^^^^^

warning: unused import: `openai::OpenAiProvider`
  --> platforms\windows\easyssh-winui\src\ai_terminal\providers\mod.rs:17:9
   |
17 | pub use openai::OpenAiProvider;
   |         ^^^^^^^^^^^^^^^^^^^^^^

warning: unused import: `claude::ClaudeProvider`
  --> platforms\windows\easyssh-winui\src\ai_terminal\providers\mod.rs:18:9
   |
18 | pub use claude::ClaudeProvider;
   |         ^^^^^^^^^^^^^^^^^^^^^^

warning: unused import: `local::LocalProvider`
  --> platforms\windows\easyssh-winui\src\ai_terminal\providers\mod.rs:19:9
   |
19 | pub use local::LocalProvider;
   |         ^^^^^^^^^^^^^^^^^^^^

warning: unused import: `ContextTracker`
  --> platforms\windows\easyssh-winui\src\ai_terminal\mod.rs:19:36
   |
19 | pub use context::{TerminalContext, ContextTracker};
   |                                    ^^^^^^^^^^^^^^

warning: unused import: `SuggestionType`
  --> platforms\windows\easyssh-winui\src\ai_terminal\mod.rs:20:37
   |
20 | pub use suggestions::{AiSuggestion, SuggestionType};
   |                                     ^^^^^^^^^^^^^^

warning: unused imports: `AiTerminalConfig` and `RiskLevel`
  --> platforms\windows\easyssh-winui\src\ai_terminal_ui.rs:10:17
   |
10 |     AiTerminal, AiTerminalConfig,
   |                 ^^^^^^^^^^^^^^^^
...
14 |     RiskLevel, OsType, DetailLevel, LogType,
   |     ^^^^^^^^^

warning: unused imports: `ScriptLibraryBrowser` and `WorkflowEditor`
  --> platforms\windows\easyssh-winui\src\main.rs:64:23
   |
64 | use workflow_editor::{WorkflowEditor, ScriptLibraryBrowser};
   |                       ^^^^^^^^^^^^^^  ^^^^^^^^^^^^^^^^^^^^

warning: unused import: `macro_recorder_ui::MacroRecorderPanel`
  --> platforms\windows\easyssh-winui\src\main.rs:66:5
   |
66 | use macro_recorder_ui::MacroRecorderPanel;
   |     ^^^^^^^^^^^^^^^^^^^^^^^^^^^^^^^^^^^^^

warning: unused import: `scheduled_tasks_ui::ScheduledTasksPanel`
  --> platforms\windows\easyssh-winui\src\main.rs:68:5
   |
68 | use scheduled_tasks_ui::ScheduledTasksPanel;
   |     ^^^^^^^^^^^^^^^^^^^^^^^^^^^^^^^^^^^^^^^

warning: unused import: `batch_results_ui::BatchExecutionResultsPanel`
  --> platforms\windows\easyssh-winui\src\main.rs:70:5
   |
70 | use batch_results_ui::BatchExecutionResultsPanel;
   |     ^^^^^^^^^^^^^^^^^^^^^^^^^^^^^^^^^^^^^^^^^^^^

warning: unused import: `workflow_panel::WorkflowPanel`
  --> platforms\windows\easyssh-winui\src\main.rs:72:5
   |
72 | use workflow_panel::WorkflowPanel;
   |     ^^^^^^^^^^^^^^^^^^^^^^^^^^^^^

warning: unused imports: `AnimationState`, `AppleButton`, `AppleCard`, `AppleShadows`, `AppleSpinner`, `AppleTypography`, `ButtonSize`, `ButtonStyle`, `Divider`, `EasingFunction`, `EmptyState`, `ErrorState`, `LucideIcons`, and `Motion`
  --> platforms\windows\easyssh-winui\src\main.rs:79:5
   |
79 |     AppleButton, AppleCard, AppleShadows, AppleSpinner, AppleTypography,
   |     ^^^^^^^^^^^  ^^^^^^^^^  ^^^^^^^^^^^^  ^^^^^^^^^^^^  ^^^^^^^^^^^^^^^
80 |     ButtonSize, ButtonStyle, EmptyState, ErrorState, LucideIcons,
   |     ^^^^^^^^^^  ^^^^^^^^^^^  ^^^^^^^^^^  ^^^^^^^^^^  ^^^^^^^^^^^
81 |     MicrointeractionState, Motion, Divider, EasingFunction, AnimationState,
   |                            ^^^^^^  ^^^^^^^  ^^^^^^^^^^^^^^  ^^^^^^^^^^^^^^

warning: unused import: `Snippet`
  --> platforms\windows\easyssh-winui\src\main.rs:86:69
   |
86 | use snippets::{SnippetCategory, SnippetInputDialog, SnippetManager, Snippet};
   |                                                                     ^^^^^^^

warning: unused import: `LayoutPreset`
  --> platforms\windows\easyssh-winui\src\main.rs:87:42
   |
87 | use layout_manager::{SplitLayoutManager, LayoutPreset};
   |                                          ^^^^^^^^^^^^

warning: unused imports: `EguiWebGlTerminal` and `StreamingProcessor`
  --> platforms\windows\easyssh-winui\src\main.rs:88:38
   |
88 | use terminal::{WebGlTerminalManager, EguiWebGlTerminal, StreamingProcessor, RenderStats};
   |                                      ^^^^^^^^^^^^^^^^^  ^^^^^^^^^^^^^^^^^^

warning: unused import: `sftp_file_manager::SftpFileManager`
  --> platforms\windows\easyssh-winui\src\main.rs:89:5
   |
89 | use sftp_file_manager::SftpFileManager;
   |     ^^^^^^^^^^^^^^^^^^^^^^^^^^^^^^^^^^

warning: unused imports: `LayoutPresets`, `PanelContent`, `PanelType`, and `SplitLayout`
  --> platforms\windows\easyssh-winui\src\main.rs:92:20
   |
92 | use split_layout::{PanelContent, PanelId, PanelType, SplitLayout, DropTarget, LayoutPresets};
   |                    ^^^^^^^^^^^^           ^^^^^^^^^  ^^^^^^^^^^^              ^^^^^^^^^^^^^

warning: unused imports: `Command`, `HotkeyAction`, `KeyBinding`, and `Key`
  --> platforms\windows\easyssh-winui\src\main.rs:93:64
   |
93 | use hotkeys::{HotkeyManager, CommandPalette, HotkeySettingsUI, HotkeyAction, KeyBinding, Key, Command};
   |                                                                ^^^^^^^^^^^^  ^^^^^^^^^^  ^^^  ^^^^^^^

warning: unused imports: `PerformanceMonitor`, `PerformanceOptimizer`, `global_monitor`, `global_render_optimizer`, and `init as init_performance`
  --> platforms\windows\easyssh-winui\src\main.rs:94:19
   |
94 | use performance::{global_monitor, PerformanceMonitor, global_render_optimizer, PerformanceOptimizer, init as init_performance};
   |                   ^^^^^^^^^^^^^^  ^^^^^^^^^^^^^^^^^^  ^^^^^^^^^^^^^^^^^^^^^^^  ^^^^^^^^^^^^^^^^^^^^  ^^^^^^^^^^^^^^^^^^^^^^^^

warning: unused import: `SettingsTab`
  --> platforms\windows\easyssh-winui\src\main.rs:95:31
   |
95 | use settings::{SettingsPanel, SettingsTab};
   |                               ^^^^^^^^^^^

warning: unused imports: `render_active_sessions`, `render_connection_dialog`, and `render_connections_list`
  --> platforms\windows\easyssh-winui\src\main.rs:98:49
   |
98 | use remote_desktop_ui::{RemoteDesktopManagerUI, render_connections_list, render_active_sessions, render_connection_dialog, render_remote_...
   |                                                 ^^^^^^^^^^^^^^^^^^^^^^^  ^^^^^^^^^^^^^^^^^^^^^^  ^^^^^^^^^^^^^^^^^^^^^^^^

warning: unused imports: `ConnectionSettings`, `RemoteDesktopType`, and `RemoteDesktopViewer`
   --> platforms\windows\easyssh-winui\src\main.rs:100:20
    |
100 | use embedded_rdp::{RemoteDesktopViewer, RemoteDesktopViewerManager, ConnectionSettings, RemoteDesktopType};
    |                    ^^^^^^^^^^^^^^^^^^^                              ^^^^^^^^^^^^^^^^^^  ^^^^^^^^^^^^^^^^^

warning: unused imports: `TerminalPalette`, `TerminalTheme`, and `render_theme_settings`
   --> platforms\windows\easyssh-winui\src\main.rs:103:61
    |
103 | use theme_system::{ThemeManager, ThemeGallery, ThemeEditor, render_theme_settings, TerminalTheme, TerminalPalette};
    |                                                             ^^^^^^^^^^^^^^^^^^^^^  ^^^^^^^^^^^^^  ^^^^^^^^^^^^^^^

warning: unused variable: `chat_request`
   --> platforms\windows\easyssh-winui\src\ai_terminal\security_audit.rs:475:13
    |
475 |         let chat_request = ChatRequest {
    |             ^^^^^^^^^^^^ help: if this is intentional, prefix it with an underscore: `_chat_request`
    |
    = note: `#[warn(unused_variables)]` on by default

warning: use of deprecated method `egui::DragValue::<'a>::clamp_range`: Use `range` instead
    --> platforms\windows\easyssh-winui\src\theme_system.rs:1986:18
     |
1986 |                 .clamp_range(100..=2000));
     |                  ^^^^^^^^^^^
     |
     = note: `#[warn(deprecated)]` on by default

warning: use of deprecated method `egui::DragValue::<'a>::clamp_range`: Use `range` instead
    --> platforms\windows\easyssh-winui\src\theme_system.rs:2007:18
     |
2007 |                 .clamp_range(8.0..=72.0));
     |                  ^^^^^^^^^^^

warning: use of deprecated method `egui::DragValue::<'a>::clamp_range`: Use `range` instead
    --> platforms\windows\easyssh-winui\src\theme_system.rs:2017:18
     |
2017 |                 .clamp_range(0.8..=2.0));
     |                  ^^^^^^^^^^^

warning: use of deprecated method `egui::DragValue::<'a>::clamp_range`: Use `range` instead
    --> platforms\windows\easyssh-winui\src\theme_system.rs:2027:18
     |
2027 |                 .clamp_range(-2.0..=5.0));
     |                  ^^^^^^^^^^^

warning: use of deprecated method `egui::DragValue::<'a>::clamp_range`: Use `range` instead
    --> platforms\windows\easyssh-winui\src\theme_system.rs:2082:22
     |
2082 |                     .clamp_range(0.0..=50.0));
     |                      ^^^^^^^^^^^

warning: unused variable: `server_id`
   --> platforms\windows\easyssh-winui\src\viewmodels\port_forward.rs:143:40
    |
143 |     pub fn get_rules_for_server(&self, server_id: &str) -> Vec<ForwardRuleDto> {
    |                                        ^^^^^^^^^ help: if this is intentional, prefix it with an underscore: `_server_id`

warning: unused variable: `theme`
   --> platforms\windows\easyssh-winui\src\design.rs:863:28
    |
863 |     fn ghost_button(&self, theme: &DesignTheme, label: impl Into<egui::WidgetText>) -> egui::Button<'_> {
    |                            ^^^^^ help: if this is intentional, prefix it with an underscore: `_theme`

warning: unused variable: `theme`
   --> platforms\windows\easyssh-winui\src\design.rs:869:27
    |
869 |     fn icon_button(&self, theme: &DesignTheme, icon: &str, accessible_label: &str) -> egui::Button<'_> {
    |                           ^^^^^ help: if this is intentional, prefix it with an underscore: `_theme`

warning: unused variable: `accessible_label`
   --> platforms\windows\easyssh-winui\src\design.rs:869:60
    |
869 |     fn icon_button(&self, theme: &DesignTheme, icon: &str, accessible_label: &str) -> egui::Button<'_> {
    |                                                            ^^^^^^^^^^^^^^^^ help: if this is intentional, prefix it with an underscore: `_accessible_label`

warning: unused variable: `theme`
   --> platforms\windows\easyssh-winui\src\design.rs:910:31
    |
910 |     fn accessible_link(&self, theme: &DesignTheme, label: impl Into<egui::WidgetText>) -> egui::Hyperlink {
    |                               ^^^^^ help: if this is intentional, prefix it with an underscore: `_theme`

warning: unused variable: `padding`
   --> platforms\windows\easyssh-winui\src\apple_design.rs:625:13
    |
625 |         let padding = self.padding();
    |             ^^^^^^^ help: if this is intentional, prefix it with an underscore: `_padding`

warning: unused variable: `bg`
   --> platforms\windows\easyssh-winui\src\apple_design.rs:667:14
    |
667 |         let (bg, text_color, border) = self.get_colors(hover, pressed);
    |              ^^ help: if this is intentional, prefix it with an underscore: `_bg`

warning: unused variable: `text_color`
   --> platforms\windows\easyssh-winui\src\apple_design.rs:667:18
    |
667 |         let (bg, text_color, border) = self.get_colors(hover, pressed);
    |                  ^^^^^^^^^^ help: if this is intentional, prefix it with an underscore: `_text_color`

warning: unused variable: `border`
   --> platforms\windows\easyssh-winui\src\apple_design.rs:667:30
    |
667 |         let (bg, text_color, border) = self.get_colors(hover, pressed);
    |                              ^^^^^^ help: if this is intentional, prefix it with an underscore: `_border`

warning: variable does not need to be mutable
   --> platforms\windows\easyssh-winui\src\apple_design.rs:654:13
    |
654 |         let mut btn = egui::Button::new(rich_text)
    |             ----^^^
    |             |
    |             help: remove this `mut`

warning: unused variable: `response`
   --> platforms\windows\easyssh-winui\src\apple_design.rs:702:13
    |
702 |         let response: Response;
    |             ^^^^^^^^ help: if this is intentional, prefix it with an underscore: `_response`

warning: unused variable: `snippet_category`
   --> platforms\windows\easyssh-winui\src\snippets_ui.rs:204:5
    |
204 |     snippet_category: SnippetCategory,
    |     ^^^^^^^^^^^^^^^^ help: if this is intentional, prefix it with an underscore: `_snippet_category`

warning: unused variable: `var`
   --> platforms\windows\easyssh-winui\src\snippets_ui.rs:272:69
    |
272 |             if let Some((key, display_name, default_value, is_last, var)) = current_var_info {
    |                                                                     ^^^ help: if this is intentional, prefix it with an underscore: `_var`

warning: variable does not need to be mutable
  --> platforms\windows\easyssh-winui\src\layout_manager.rs:23:13
   |
23 |         let mut layout = SplitLayout::default();
   |             ----^^^^^^
   |             |
   |             help: remove this `mut`

warning: unused variable: `data`
   --> platforms\windows\easyssh-winui\src\terminal\renderer.rs:374:52
    |
374 |     pub fn upload_texture(width: u32, height: u32, data: &[u8]) {
    |                                                    ^^^^ help: if this is intentional, prefix it with an underscore: `_data`

warning: unused variable: `source`
   --> platforms\windows\easyssh-winui\src\terminal\renderer.rs:387:27
    |
387 |     pub fn compile_shader(source: &str, shader_type: &str) -> u32 {
    |                           ^^^^^^ help: if this is intentional, prefix it with an underscore: `_source`

warning: unused variable: `font_size`
  --> platforms\windows\easyssh-winui\src\terminal\mod.rs:77:5
   |
77 |     font_size: f32,
   |     ^^^^^^^^^ help: if this is intentional, prefix it with an underscore: `_font_size`

warning: unused variable: `target_dir`
   --> platforms\windows\easyssh-winui\src\sftp_file_manager.rs:670:25
    |
670 |                     let target_dir = if let Some(idx) = target_idx {
    |                         ^^^^^^^^^^ help: if this is intentional, prefix it with an underscore: `_target_dir`

warning: unused variable: `target_dir`
   --> platforms\windows\easyssh-winui\src\sftp_file_manager.rs:693:25
    |
693 |                     let target_dir = if let Some(idx) = target_idx {
    |                         ^^^^^^^^^^ help: if this is intentional, prefix it with an underscore: `_target_dir`

warning: unused variable: `server_name`
   --> platforms\windows\easyssh-winui\src\notifications.rs:677:47
    |
677 |     pub fn notify_session_disconnected(&self, server_name: &str, session_id: &str) -> Option<String> {
    |                                               ^^^^^^^^^^^ help: if this is intentional, prefix it with an underscore: `_server_name`

warning: unused variable: `ui`
    --> platforms\windows\easyssh-winui\src\hotkeys.rs:1305:80
     |
1305 |     pub fn render(&mut self, ctx: &egui::Context, manager: &mut HotkeyManager, ui: &mut egui::Ui) {
     |                                                                                ^^ help: if this is intentional, prefix it with an underscore: `_ui`

warning: unused variable: `now`
   --> platforms\windows\easyssh-winui\src\performance\render_optimizer.rs:157:13
    |
157 |         let now = Instant::now();
    |             ^^^ help: if this is intentional, prefix it with an underscore: `_now`

warning: unused variable: `max_age`
   --> platforms\windows\easyssh-winui\src\performance\render_optimizer.rs:156:27
    |
156 |     pub fn cleanup(&self, max_age: Duration) {
    |                           ^^^^^^^ help: if this is intentional, prefix it with an underscore: `_max_age`

warning: unused variable: `ctx`
   --> platforms\windows\easyssh-winui\src\performance\render_optimizer.rs:384:31
    |
384 |     pub fn begin_frame(&self, ctx: &Context) {
    |                               ^^^ help: if this is intentional, prefix it with an underscore: `_ctx`

warning: unused variable: `start`
  --> platforms\windows\easyssh-winui\src\performance\virtual_scroll.rs:93:14
   |
93 |         let (start, end) = self.state.visible_range(available_height);
   |              ^^^^^ help: if this is intentional, prefix it with an underscore: `_start`

warning: unused variable: `end`
  --> platforms\windows\easyssh-winui\src\performance\virtual_scroll.rs:93:21
   |
93 |         let (start, end) = self.state.visible_range(available_height);
   |                     ^^^ help: if this is intentional, prefix it with an underscore: `_end`

warning: unused variable: `output`
  --> platforms\windows\easyssh-winui\src\performance\virtual_scroll.rs:98:13
   |
98 |         let output = ScrollArea::vertical()
   |             ^^^^^^ help: if this is intentional, prefix it with an underscore: `_output`

warning: variable does not need to be mutable
  --> platforms\windows\easyssh-winui\src\performance\virtual_scroll.rs:96:13
   |
96 |         let mut scroll_offset = self.state.scroll_offset;
   |             ----^^^^^^^^^^^^^
   |             |
   |             help: remove this `mut`

warning: unused variable: `start`
   --> platforms\windows\easyssh-winui\src\performance\virtual_scroll.rs:290:14
    |
290 |         let (start, end) = self.state.visible_range(available_height);
    |              ^^^^^ help: if this is intentional, prefix it with an underscore: `_start`

warning: unused variable: `end`
   --> platforms\windows\easyssh-winui\src\performance\virtual_scroll.rs:290:21
    |
290 |         let (start, end) = self.state.visible_range(available_height);
    |                     ^^^ help: if this is intentional, prefix it with an underscore: `_end`

warning: unused variable: `ctx`
   --> platforms\windows\easyssh-winui\src\hotkey_helpers.rs:111:67
    |
111 |     pub fn execute_hotkey_action(&mut self, action: HotkeyAction, ctx: &egui::Context, frame: &mut eframe::Frame) {
    |                                                                   ^^^ help: if this is intentional, prefix it with an underscore: `_ctx`

warning: variable does not need to be mutable
    --> platforms\windows\easyssh-winui\src\theme_system.rs:1841:13
     |
1841 |         let mut color = self.get_color_value(&color_id);
     |             ----^^^^^
     |             |
     |             help: remove this `mut`

warning: unused variable: `full_line`
    --> platforms\windows\easyssh-winui\src\theme_system.rs:2261:14
     |
2261 |         for (full_line, segments) in sample_lines {
     |              ^^^^^^^^^ help: if this is intentional, prefix it with an underscore: `_full_line`

warning: unused variable: `text_with_spacing`
    --> platforms\windows\easyssh-winui\src\theme_system.rs:2264:21
     |
2264 |                 let text_with_spacing = text.chars().map(|c| {
     |                     ^^^^^^^^^^^^^^^^^ help: if this is intentional, prefix it with an underscore: `_text_with_spacing`

warning: unused variable: `all_themes`
    --> platforms\windows\easyssh-winui\src\theme_system.rs:2402:17
     |
2402 |             let all_themes = TerminalTheme::all_built_in();
     |                 ^^^^^^^^^^ help: if this is intentional, prefix it with an underscore: `_all_themes`

warning: unused variable: `ui`
   --> platforms\windows\easyssh-winui\src\port_forward_dialog.rs:281:38
    |
281 |     fn render_create_form(&mut self, ui: &mut egui::Ui, _vm: &PortForwardViewModel) {
    |                                      ^^ help: if this is intentional, prefix it with an underscore: `_ui`

warning: unused variable: `is_selected`
   --> platforms\windows\easyssh-winui\src\port_forward_dialog.rs:372:13
    |
372 |         let is_selected = self.selected_rule.as_ref() == Some(&rule.id);
    |             ^^^^^^^^^^^ help: if this is intentional, prefix it with an underscore: `_is_selected`

warning: value assigned to `categories` is never read
   --> platforms\windows\easyssh-winui\src\port_forward_dialog.rs:473:17
    |
473 |         let mut categories: Vec<(String, Vec<ForwardRuleTemplateDto>)> = Vec::new();
    |                 ^^^^^^^^^^
    |
    = help: maybe it is overwritten before being read?
    = note: `#[warn(unused_assignments)]` on by default

warning: unused variable: `protocol`
   --> platforms\windows\easyssh-winui\src\remote_desktop_ui.rs:520:47
    |
520 |     for (session_id, connection_name, status, protocol, started_at, recording_active) in session_data {
    |                                               ^^^^^^^^ help: if this is intentional, prefix it with an underscore: `_protocol`

warning: unused variable: `is_true_branch`
   --> platforms\windows\easyssh-winui\src\workflow_editor.rs:239:31
    |
239 |         if let Some((from_id, is_true_branch)) = &self.connecting_from {
    |                               ^^^^^^^^^^^^^^ help: if this is intentional, prefix it with an underscore: `_is_true_branch`

warning: unused variable: `x2`
   --> platforms\windows\easyssh-winui\src\workflow_editor.rs:247:55
    |
247 |                         if let (Some((x1, y1)), Some((x2, y2))) = (from_step.position, to_step.position) {
    |                                                       ^^ help: if this is intentional, prefix it with an underscore: `_x2`

warning: unused variable: `y2`
   --> platforms\windows\easyssh-winui\src\workflow_editor.rs:247:59
    |
247 |                         if let (Some((x1, y1)), Some((x2, y2))) = (from_step.position, to_step.position) {
    |                                                           ^^ help: if this is intentional, prefix it with an underscore: `_y2`

warning: unused variable: `response`
   --> platforms\windows\easyssh-winui\src\workflow_editor.rs:165:58
    |
165 |     fn render_canvas(&mut self, ui: &mut Ui, rect: Rect, response: &mut WorkflowEditorResponse) -> Response {
    |                                                          ^^^^^^^^ help: if this is intentional, prefix it with an underscore: `_response`

warning: variable does not need to be mutable
   --> platforms\windows\easyssh-winui\src\workflow_editor.rs:166:13
    |
166 |         let mut canvas = ui.allocate_rect(rect, Sense::click_and_drag());
    |             ----^^^^^^
    |             |
    |             help: remove this `mut`

warning: unused variable: `response`
   --> platforms\windows\easyssh-winui\src\workflow_panel.rs:159:51
    |
159 |     fn render_library_tab(&mut self, ui: &mut Ui, response: &mut WorkflowPanelResponse) {
    |                                                   ^^^^^^^^ help: if this is intentional, prefix it with an underscore: `_response`

warning: unused variable: `view_model`
   --> platforms\windows\easyssh-winui\src\workflow_panel.rs:299:52
    |
299 |     fn render_recorder_tab(&mut self, ui: &mut Ui, view_model: &crate::viewmodels::AppViewModel, response: &mut WorkflowPanelResponse) {
    |                                                    ^^^^^^^^^^ help: if this is intentional, prefix it with an underscore: `_view_model`

warning: unused variable: `content`
   --> platforms\windows\easyssh-winui\src\ai_terminal\log_analyzer.rs:387:33
    |
387 |     fn parse_ai_response(&self, content: &str, request: &LogAnalysisRequest) -> LogAnalysisResult {
    |                                 ^^^^^^^ help: if this is intentional, prefix it with an underscore: `_content`

warning: unused variable: `threats`
   --> platforms\windows\easyssh-winui\src\ai_terminal\security_audit.rs:497:57
    |
497 |     fn generate_safe_alternatives(&self, command: &str, threats: &[SecurityThreat]) -> Vec<String> {
    |                                                         ^^^^^^^ help: if this is intentional, prefix it with an underscore: `_threats`

warning: unused variable: `session_id`
    --> platforms\windows\easyssh-winui\src\main.rs:1896:45
     |
1896 | ...                   if let Some(ref session_id) = self.current_session_id {
     |                                       ^^^^^^^^^^ help: if this is intentional, prefix it with an underscore: `_session_id`

warning: unused variable: `available_size`
    --> platforms\windows\easyssh-winui\src\main.rs:2059:21
     |
2059 |                 let available_size = ui.available_size();
     |                     ^^^^^^^^^^^^^^ help: if this is intentional, prefix it with an underscore: `_available_size`

warning: multiple fields are never read
   --> platforms\windows\easyssh-winui\src\main.rs:254:5
    |
182 | struct EasySSHApp {
    |        ---------- fields in this struct
...
254 |     last_file_refresh: Option<std::time::Instant>,
    |     ^^^^^^^^^^^^^^^^^
...
278 |     split_layout_manager: SplitLayoutManager,
    |     ^^^^^^^^^^^^^^^^^^^^
279 |     panel_states: HashMap<PanelId, PanelState>,
    |     ^^^^^^^^^^^^
280 |     show_layout_menu: bool,
    |     ^^^^^^^^^^^^^^^^
281 |     drag_drop_target: Option<(PanelId, DropTarget)>,
    |     ^^^^^^^^^^^^^^^^
282 |     snippet_export_path: Option<String>,
    |     ^^^^^^^^^^^^^^^^^^^
283 |     snippet_import_path: Option<String>,
    |     ^^^^^^^^^^^^^^^^^^^
...
288 |     terminal_manager: Option<WebGlTerminalManager>,
    |     ^^^^^^^^^^^^^^^^
289 |     /// Use WebGL terminal vs legacy text mode
290 |     use_webgl_terminal: bool,
    |     ^^^^^^^^^^^^^^^^^^
291 |     /// Terminal render stats (FPS, frame time)
292 |     terminal_stats: RenderStats,
    |     ^^^^^^^^^^^^^^
293 |     /// Last stats update time
294 |     last_terminal_stats_update: Instant,
    |     ^^^^^^^^^^^^^^^^^^^^^^^^^^
...
297 |     theme: DesignTheme,
    |     ^^^^^
298 |     interaction_states: HashMap<String, MicrointeractionState>,
    |     ^^^^^^^^^^^^^^^^^^
...
301 |     notification_manager: Arc<NotificationManager>,
    |     ^^^^^^^^^^^^^^^^^^^^
...
304 |     show_notification_panel: bool,
    |     ^^^^^^^^^^^^^^^^^^^^^^^
305 |     show_notification_settings: bool,
    |     ^^^^^^^^^^^^^^^^^^^^^^^^^^
...
341 |     rdp_viewer_manager: Option<RemoteDesktopViewerManager>,
    |     ^^^^^^^^^^^^^^^^^^
...
344 |     active_remote_session: Option<String>,
    |     ^^^^^^^^^^^^^^^^^^^^^
...
347 |     clipboard_sync_enabled: bool,
    |     ^^^^^^^^^^^^^^^^^^^^^^
...
350 |     drag_drop_enabled: bool,
    |     ^^^^^^^^^^^^^^^^^
    |
    = note: `#[warn(dead_code)]` on by default

warning: multiple fields are never read
   --> platforms\windows\easyssh-winui\src\main.rs:390:5
    |
388 | struct PanelState {
    |        ---------- fields in this struct
389 |     // Terminal state
390 |     terminal_output: String,
    |     ^^^^^^^^^^^^^^^
391 |     command_input: String,
    |     ^^^^^^^^^^^^^
392 |     command_history: Vec<String>,
    |     ^^^^^^^^^^^^^^^
393 |     history_index: Option<usize>,
    |     ^^^^^^^^^^^^^
...
396 |     file_current_path: String,
    |     ^^^^^^^^^^^^^^^^^
397 |     file_entries: Vec<FileEntry>,
    |     ^^^^^^^^^^^^
398 |     selected_file: Option<String>,
    |     ^^^^^^^^^^^^^
399 |     file_error: Option<String>,
    |     ^^^^^^^^^^
400 |     last_file_refresh: Option<std::time::Instant>,
    |     ^^^^^^^^^^^^^^^^^
...
403 |     monitor_cpu: f32,
    |     ^^^^^^^^^^^
404 |     monitor_memory: f32,
    |     ^^^^^^^^^^^^^^
405 |     monitor_disk: f32,
    |     ^^^^^^^^^^^^
406 |     monitor_uptime: String,
    |     ^^^^^^^^^^^^^^
407 |     monitor_net_in: String,
    |     ^^^^^^^^^^^^^^
408 |     monitor_net_out: String,
    |     ^^^^^^^^^^^^^^^
409 |     monitor_load: String,
    |     ^^^^^^^^^^^^
410 |     monitor_available: bool,
    |     ^^^^^^^^^^^^^^^^^
411 |     monitor_net_prev: Option<(u64, u64, std::time::Instant)>,
    |     ^^^^^^^^^^^^^^^^
412 |     monitor_refreshing: bool,
    |     ^^^^^^^^^^^^^^^^^^
413 |     monitor_request_seq: u64,
    |     ^^^^^^^^^^^^^^^^^^^
414 |     last_monitor_refresh: Option<std::time::Instant>,
    |     ^^^^^^^^^^^^^^^^^^^^
...
417 |     session_id: Option<String>,
    |     ^^^^^^^^^^
418 |     server_id: Option<String>,
    |     ^^^^^^^^^

warning: method `get_interaction_state` is never used
   --> platforms\windows\easyssh-winui\src\main.rs:658:8
    |
464 | impl EasySSHApp {
    | --------------- method in this implementation
...
658 |     fn get_interaction_state(&mut self, id: &str) -> &MicrointeractionState {
    |        ^^^^^^^^^^^^^^^^^^^^^

warning: multiple methods are never used
   --> platforms\windows\easyssh-winui\src\code_editor\mod.rs:63:12
    |
36  | impl CodeEditor {
    | --------------- methods in this implementation
...
63  |     pub fn open_file(&mut self, _path: &str) {
    |            ^^^^^^^^^
...
67  |     pub fn close_file(&mut self, _path: &str) {
    |            ^^^^^^^^^^
...
71  |     pub fn save_file(&mut self, _path: &str) {
    |            ^^^^^^^^^
...
79  |     pub fn get_theme(&self) -> EditorTheme {
    |            ^^^^^^^^^
...
83  |     pub fn undo(&mut self) {
    |            ^^^^
...
87  |     pub fn redo(&mut self) {
    |            ^^^^
...
91  |     pub fn cut(&mut self) {
    |            ^^^
...
95  |     pub fn copy(&mut self) {
    |            ^^^^
...
99  |     pub fn paste(&mut self) {
    |            ^^^^^
...
103 |     pub fn select_all(&mut self) {
    |            ^^^^^^^^^^
...
107 |     pub fn find(&mut self, _query: &str) {
    |            ^^^^
...
111 |     pub fn replace(&mut self, _query: &str, _replacement: &str) {
    |            ^^^^^^^
...
115 |     pub fn goto_line(&mut self, _line: usize) {
    |            ^^^^^^^^^
...
119 |     pub fn toggle_comment(&mut self) {
    |            ^^^^^^^^^^^^^^
...
123 |     pub fn format_code(&mut self) {
    |            ^^^^^^^^^^^

warning: fields `content`, `modified`, `encoding`, and `line_ending` are never read
   --> platforms\windows\easyssh-winui\src\code_editor\mod.rs:132:9
    |
130 | pub struct FileInfo {
    |            -------- fields in this struct
131 |     pub path: String,
132 |     pub content: String,
    |         ^^^^^^^
133 |     pub language: Language,
134 |     pub modified: bool,
    |         ^^^^^^^^
...
139 |     pub encoding: String,
    |         ^^^^^^^^
140 |     pub line_ending: String,
    |         ^^^^^^^^^^^
    |
    = note: `FileInfo` has a derived impl for the trait `Clone`, but this is intentionally ignored during dead code analysis

warning: enum `TokenType` is never used
 --> platforms\windows\easyssh-winui\src\code_editor\syntax_highlighter.rs:5:10
  |
5 | pub enum TokenType {
  |          ^^^^^^^^^

warning: multiple variants are never constructed
  --> platforms\windows\easyssh-winui\src\code_editor\syntax_highlighter.rs:23:5
   |
19 | pub enum Language {
   |          -------- variants in this enum
...
23 |     Rust,
   |     ^^^^
24 |     Python,
   |     ^^^^^^
25 |     JavaScript,
   |     ^^^^^^^^^^
26 |     TypeScript,
   |     ^^^^^^^^^^
27 |     Go,
   |     ^^
28 |     C,
   |     ^
29 |     Cpp,
   |     ^^^
30 |     Java,
   |     ^^^^
31 |     CSharp,
   |     ^^^^^^
32 |     Html,
   |     ^^^^
33 |     Css,
   |     ^^^
34 |     Json,
   |     ^^^^
35 |     Yaml,
   |     ^^^^
36 |     Toml,
   |     ^^^^
37 |     Sql,
   |     ^^^
38 |     Bash,
   |     ^^^^
39 |     Markdown,
   |     ^^^^^^^^
   |
   = note: `Language` has derived impls for the traits `Debug` and `Clone`, but these are intentionally ignored during dead code analysis

warning: associated items `from_extension` and `as_str` are never used
  --> platforms\windows\easyssh-winui\src\code_editor\syntax_highlighter.rs:43:12
   |
42 | impl Language {
   | ------------- associated items in this implementation
43 |     pub fn from_extension(_ext: &str) -> Self {
   |            ^^^^^^^^^^^^^^
...
47 |     pub fn as_str(&self) -> &'static str {
   |            ^^^^^^

warning: struct `SyntaxHighlighter` is never constructed
  --> platforms\windows\easyssh-winui\src\code_editor\syntax_highlighter.rs:73:12
   |
73 | pub struct SyntaxHighlighter;
   |            ^^^^^^^^^^^^^^^^^

warning: associated items `new`, `highlight`, and `highlight_line` are never used
  --> platforms\windows\easyssh-winui\src\code_editor\syntax_highlighter.rs:76:12
   |
75 | impl SyntaxHighlighter {
   | ---------------------- associated items in this implementation
76 |     pub fn new() -> Self {
   |            ^^^
...
80 |     pub fn highlight(&self, _code: &str, _language: Language) -> Vec<Token> {
   |            ^^^^^^^^^
...
84 |     pub fn highlight_line(&self, _line: &str, _language: Language) -> Vec<(TokenType, String)> {
   |            ^^^^^^^^^^^^^^

warning: struct `Token` is never constructed
  --> platforms\windows\easyssh-winui\src\code_editor\syntax_highlighter.rs:91:12
   |
91 | pub struct Token {
   |            ^^^^^

warning: associated function `new` is never used
  --> platforms\windows\easyssh-winui\src\code_editor\syntax_highlighter.rs:97:12
   |
96 | impl Token {
   | ---------- associated function in this implementation
97 |     pub fn new(text: String, token_type: TokenType) -> Self {
   |            ^^^

warning: struct `CodeFolding` is never constructed
 --> platforms\windows\easyssh-winui\src\code_editor\code_folding.rs:4:12
  |
4 | pub struct CodeFolding;
  |            ^^^^^^^^^^^

warning: associated items `new`, `fold_range`, `unfold_range`, and `toggle_fold` are never used
  --> platforms\windows\easyssh-winui\src\code_editor\code_folding.rs:7:12
   |
6  | impl CodeFolding {
   | ---------------- associated items in this implementation
7  |     pub fn new() -> Self {
   |            ^^^
...
11 |     pub fn fold_range(&mut self, _start_line: usize, _end_line: usize) {
   |            ^^^^^^^^^^
...
15 |     pub fn unfold_range(&mut self, _start_line: usize) {
   |            ^^^^^^^^^^^^
...
19 |     pub fn toggle_fold(&mut self, _line: usize) {
   |            ^^^^^^^^^^^

warning: struct `FoldRange` is never constructed
  --> platforms\windows\easyssh-winui\src\code_editor\code_folding.rs:26:12
   |
26 | pub struct FoldRange {
   |            ^^^^^^^^^

warning: enum `FoldType` is never used
  --> platforms\windows\easyssh-winui\src\code_editor\code_folding.rs:34:10
   |
34 | pub enum FoldType {
   |          ^^^^^^^^

warning: struct `MultiCursor` is never constructed
 --> platforms\windows\easyssh-winui\src\code_editor\multi_cursor.rs:4:12
  |
4 | pub struct MultiCursor;
  |            ^^^^^^^^^^^

warning: associated items `new`, `add_cursor`, and `clear` are never used
  --> platforms\windows\easyssh-winui\src\code_editor\multi_cursor.rs:7:12
   |
6  | impl MultiCursor {
   | ---------------- associated items in this implementation
7  |     pub fn new() -> Self {
   |            ^^^
...
11 |     pub fn add_cursor(&mut self, _line: usize, _column: usize) {
   |            ^^^^^^^^^^
...
15 |     pub fn clear(&mut self) {
   |            ^^^^^

warning: struct `Cursor` is never constructed
  --> platforms\windows\easyssh-winui\src\code_editor\multi_cursor.rs:22:12
   |
22 | pub struct Cursor {
   |            ^^^^^^

warning: associated function `new` is never used
  --> platforms\windows\easyssh-winui\src\code_editor\multi_cursor.rs:29:12
   |
28 | impl Cursor {
   | ----------- associated function in this implementation
29 |     pub fn new(line: usize, column: usize) -> Self {
   |            ^^^

warning: struct `Minimap` is never constructed
 --> platforms\windows\easyssh-winui\src\code_editor\minimap.rs:4:12
  |
4 | pub struct Minimap;
  |            ^^^^^^^

warning: associated items `new` and `render` are never used
  --> platforms\windows\easyssh-winui\src\code_editor\minimap.rs:7:12
   |
6  | impl Minimap {
   | ------------ associated items in this implementation
7  |     pub fn new() -> Self {
   |            ^^^
...
11 |     pub fn render(&mut self) {
   |            ^^^^^^

warning: struct `MinimapLine` is never constructed
  --> platforms\windows\easyssh-winui\src\code_editor\minimap.rs:18:12
   |
18 | pub struct MinimapLine {
   |            ^^^^^^^^^^^

warning: struct `FindReplace` is never constructed
 --> platforms\windows\easyssh-winui\src\code_editor\find_replace.rs:4:12
  |
4 | pub struct FindReplace;
  |            ^^^^^^^^^^^

warning: associated items `new`, `find`, `replace`, and `replace_all` are never used
  --> platforms\windows\easyssh-winui\src\code_editor\find_replace.rs:7:12
   |
6  | impl FindReplace {
   | ---------------- associated items in this implementation
7  |     pub fn new() -> Self {
   |            ^^^
...
11 |     pub fn find(&mut self, _query: &str) -> Vec<Match> {
   |            ^^^^
...
15 |     pub fn replace(&mut self, _replacement: &str) {
   |            ^^^^^^^
...
19 |     pub fn replace_all(&mut self, _query: &str, _replacement: &str) -> usize {
   |            ^^^^^^^^^^^

warning: struct `SearchOptions` is never constructed
  --> platforms\windows\easyssh-winui\src\code_editor\find_replace.rs:26:12
   |
26 | pub struct SearchOptions {
   |            ^^^^^^^^^^^^^

warning: struct `Match` is never constructed
  --> platforms\windows\easyssh-winui\src\code_editor\find_replace.rs:44:12
   |
44 | pub struct Match {
   |            ^^^^^

warning: struct `DiffView` is never constructed
 --> platforms\windows\easyssh-winui\src\code_editor\diff_view.rs:4:12
  |
4 | pub struct DiffView;
  |            ^^^^^^^^

warning: associated functions `new` and `compute_diff` are never used
  --> platforms\windows\easyssh-winui\src\code_editor\diff_view.rs:7:12
   |
6  | impl DiffView {
   | ------------- associated functions in this implementation
7  |     pub fn new() -> Self {
   |            ^^^
...
11 |     pub fn compute_diff<T: Eq>(_old: &[T], _new: &[T]) -> Vec<DiffOp> {
   |            ^^^^^^^^^^^^

warning: enum `DiffOp` is never used
  --> platforms\windows\easyssh-winui\src\code_editor\diff_view.rs:18:10
   |
18 | pub enum DiffOp {
   |          ^^^^^^

warning: struct `LspClient` is never constructed
 --> platforms\windows\easyssh-winui\src\code_editor\lsp_client.rs:4:12
  |
4 | pub struct LspClient;
  |            ^^^^^^^^^

warning: associated items `new`, `connect`, `disconnect`, and `is_connected` are never used
  --> platforms\windows\easyssh-winui\src\code_editor\lsp_client.rs:7:12
   |
6  | impl LspClient {
   | -------------- associated items in this implementation
7  |     pub fn new() -> Self {
   |            ^^^
...
11 |     pub fn connect(&mut self, _server_path: &str) -> anyhow::Result<()> {
   |            ^^^^^^^
...
15 |     pub fn disconnect(&mut self) {
   |            ^^^^^^^^^^
...
19 |     pub fn is_connected(&self) -> bool {
   |            ^^^^^^^^^^^^

warning: enum `LspRequest` is never used
  --> platforms\windows\easyssh-winui\src\code_editor\lsp_client.rs:26:10
   |
26 | pub enum LspRequest {
   |          ^^^^^^^^^^

warning: enum `LspResponse` is never used
  --> platforms\windows\easyssh-winui\src\code_editor\lsp_client.rs:36:10
   |
36 | pub enum LspResponse {
   |          ^^^^^^^^^^^

warning: struct `CompletionItem` is never constructed
  --> platforms\windows\easyssh-winui\src\code_editor\lsp_client.rs:46:12
   |
46 | pub struct CompletionItem {
   |            ^^^^^^^^^^^^^^

warning: struct `Location` is never constructed
  --> platforms\windows\easyssh-winui\src\code_editor\lsp_client.rs:54:12
   |
54 | pub struct Location {
   |            ^^^^^^^^

warning: struct `Range` is never constructed
  --> platforms\windows\easyssh-winui\src\code_editor\lsp_client.rs:61:12
   |
61 | pub struct Range {
   |            ^^^^^

warning: struct `Position` is never constructed
  --> platforms\windows\easyssh-winui\src\code_editor\lsp_client.rs:68:12
   |
68 | pub struct Position {
   |            ^^^^^^^^

warning: associated functions `light` and `from_vscode_theme` are never used
  --> platforms\windows\easyssh-winui\src\code_editor\editor_theme.rs:16:12
   |
9  | impl EditorTheme {
   | ---------------- associated functions in this implementation
...
16 |     pub fn light() -> Self {
   |            ^^^^^
...
22 |     pub fn from_vscode_theme(_path: &str) -> anyhow::Result<Self> {
   |            ^^^^^^^^^^^^^^^^^

warning: struct `RemoteFileEditor` is never constructed
 --> platforms\windows\easyssh-winui\src\code_editor\remote_editor.rs:6:12
  |
6 | pub struct RemoteFileEditor {
  |            ^^^^^^^^^^^^^^^^

warning: associated items `new`, `open_file`, `close_file`, `get_file`, `get_file_mut`, and `save_file` are never used
  --> platforms\windows\easyssh-winui\src\code_editor\remote_editor.rs:11:12
   |
10 | impl RemoteFileEditor {
   | --------------------- associated items in this implementation
11 |     pub fn new() -> Self {
   |            ^^^
...
17 |     pub fn open_file(&mut self, path: &str, content: String) {
   |            ^^^^^^^^^
...
25 |     pub fn close_file(&mut self, path: &str) {
   |            ^^^^^^^^^^
...
29 |     pub fn get_file(&self, path: &str) -> Option<&RemoteFile> {
   |            ^^^^^^^^
...
33 |     pub fn get_file_mut(&mut self, path: &str) -> Option<&mut RemoteFile> {
   |            ^^^^^^^^^^^^
...
37 |     pub fn save_file(&mut self, _path: &str) -> anyhow::Result<()> {
   |            ^^^^^^^^^

warning: struct `RemoteFile` is never constructed
  --> platforms\windows\easyssh-winui\src\code_editor\remote_editor.rs:44:12
   |
44 | pub struct RemoteFile {
   |            ^^^^^^^^^^

warning: struct `AutoSaveTimer` is never constructed
  --> platforms\windows\easyssh-winui\src\code_editor\remote_editor.rs:52:12
   |
52 | pub struct AutoSaveTimer {
   |            ^^^^^^^^^^^^^

warning: struct `EditorTerminal` is never constructed
 --> platforms\windows\easyssh-winui\src\code_editor\embedded_terminal.rs:6:12
  |
6 | pub struct EditorTerminal {
  |            ^^^^^^^^^^^^^^

warning: associated items `new`, `write`, and `clear` are never used
  --> platforms\windows\easyssh-winui\src\code_editor\embedded_terminal.rs:12:12
   |
11 | impl EditorTerminal {
   | ------------------- associated items in this implementation
12 |     pub fn new() -> Self {
   |            ^^^
...
19 |     pub fn write(&mut self, text: &str) {
   |            ^^^^^
...
30 |     pub fn clear(&mut self) {
   |            ^^^^^

warning: struct `TerminalLine` is never constructed
  --> platforms\windows\easyssh-winui\src\code_editor\embedded_terminal.rs:37:12
   |
37 | pub struct TerminalLine {
   |            ^^^^^^^^^^^^

warning: methods `execute_blocking_with_timeout`, `is_sftp_initialized`, and `import_config_encrypted` are never used
   --> platforms\windows\easyssh-winui\src\viewmodels\mod.rs:208:12
    |
33  | impl AppViewModel {
    | ----------------- methods in this implementation
...
208 |     pub fn execute_blocking_with_timeout(
    |            ^^^^^^^^^^^^^^^^^^^^^^^^^^^^^
...
368 |     pub fn is_sftp_initialized(&self, session_id: &str) -> bool {
    |            ^^^^^^^^^^^^^^^^^^^
...
594 |     pub fn import_config_encrypted(
    |            ^^^^^^^^^^^^^^^^^^^^^^^

warning: field `auto_reconnect` is never read
   --> platforms\windows\easyssh-winui\src\viewmodels\port_forward.rs:109:9
    |
102 | pub struct CreateForwardRuleRequest {
    |            ------------------------ field in this struct
...
109 |     pub auto_reconnect: bool,
    |         ^^^^^^^^^^^^^^
    |
    = note: `CreateForwardRuleRequest` has derived impls for the traits `Clone` and `Debug`, but these are intentionally ignored during dead code analysis

warning: methods `get_rules_for_server`, `get_active_rules`, `start_forward`, and `stop_session_forwards` are never used
   --> platforms\windows\easyssh-winui\src\viewmodels\port_forward.rs:143:12
    |
114 | impl PortForwardViewModel {
    | ------------------------- methods in this implementation
...
143 |     pub fn get_rules_for_server(&self, server_id: &str) -> Vec<ForwardRuleDto> {
    |            ^^^^^^^^^^^^^^^^^^^^
...
150 |     pub fn get_active_rules(&self) -> Vec<ForwardRuleDto> {
    |            ^^^^^^^^^^^^^^^^
...
280 |     pub fn start_forward(
    |            ^^^^^^^^^^^^^
...
468 |     pub fn stop_session_forwards(&self, session_id: &str) {
    |            ^^^^^^^^^^^^^^^^^^^^^

warning: field `focus_always_visible` is never read
  --> platforms\windows\easyssh-winui\src\design.rs:27:9
   |
21 | pub struct AccessibilitySettings {
   |            --------------------- field in this struct
...
27 |     pub focus_always_visible: AtomicBool,
   |         ^^^^^^^^^^^^^^^^^^^^

warning: associated constants `GREEN` and `RED` are never used
  --> platforms\windows\easyssh-winui\src\design.rs:97:15
   |
91 | impl HighContrastColors {
   | ----------------------- associated constants in this implementation
...
97 |     pub const GREEN: Color32 = Color32::from_rgb(0x00, 0xFF, 0x00);   // Success
   |               ^^^^^
98 |     pub const RED: Color32 = Color32::from_rgb(0xFF, 0x00, 0x00);     // Danger
   |               ^^^

warning: associated constant `C1000` is never used
   --> platforms\windows\easyssh-winui\src\design.rs:122:15
    |
109 | impl NeutralColors {
    | ------------------ associated constant in this implementation
...
122 |     pub const C1000: Color32 = Color32::from_rgb(0x00, 0x00, 0x00); // #000000
    |               ^^^^^

warning: associated constants `C50`, `C100`, `C200`, `C300`, `C900`, and `C950` are never used
   --> platforms\windows\easyssh-winui\src\design.rs:129:15
    |
128 | impl BrandColors {
    | ---------------- associated constants in this implementation
129 |     pub const C50: Color32 = Color32::from_rgb(0xEF, 0xF6, 0xFF);   // #EFF6FF
    |               ^^^
130 |     pub const C100: Color32 = Color32::from_rgb(0xDB, 0xEA, 0xFE); // #DBEAFE
    |               ^^^^
131 |     pub const C200: Color32 = Color32::from_rgb(0xBF, 0xDB, 0xFE); // #BFDBFE
    |               ^^^^
132 |     pub const C300: Color32 = Color32::from_rgb(0x93, 0xC5, 0xFD); // #93C5FD
    |               ^^^^
...
138 |     pub const C900: Color32 = Color32::from_rgb(0x1E, 0x3A, 0x8A); // #1E3A8A
    |               ^^^^
139 |     pub const C950: Color32 = Color32::from_rgb(0x17, 0x25, 0x54); // #172554
    |               ^^^^

warning: struct `SemanticColors` is never constructed
   --> platforms\windows\easyssh-winui\src\design.rs:143:12
    |
143 | pub struct SemanticColors;
    |            ^^^^^^^^^^^^^^

warning: multiple associated constants are never used
   --> platforms\windows\easyssh-winui\src\design.rs:146:15
    |
145 | impl SemanticColors {
    | ------------------- associated constants in this implementation
146 |     pub const SUCCESS: Color32 = Color32::from_rgb(0x22, 0xC5, 0x5E);  // #22C55E
    |               ^^^^^^^
147 |     pub const SUCCESS_LIGHT: Color32 = Color32::from_rgba_premultiplied(0x22, 0xC5, 0x5E, 26); // 10%
    |               ^^^^^^^^^^^^^
148 |     pub const WARNING: Color32 = Color32::from_rgb(0xF5, 0x9E, 0x0B);  // #F59E0B
    |               ^^^^^^^
149 |     pub const WARNING_LIGHT: Color32 = Color32::from_rgba_premultiplied(0xF5, 0x9E, 0x0B, 26);
    |               ^^^^^^^^^^^^^
150 |     pub const DANGER: Color32 = Color32::from_rgb(0xEF, 0x44, 0x44);  // #EF4444
    |               ^^^^^^
151 |     pub const DANGER_LIGHT: Color32 = Color32::from_rgba_premultiplied(0xEF, 0x44, 0x44, 26);
    |               ^^^^^^^^^^^^
152 |     pub const INFO: Color32 = Color32::from_rgb(0x3B, 0x82, 0xF6);     // #3B82F6
    |               ^^^^

warning: struct `TerminalColors` is never constructed
   --> platforms\windows\easyssh-winui\src\design.rs:156:12
    |
156 | pub struct TerminalColors;
    |            ^^^^^^^^^^^^^^

warning: multiple associated constants are never used
   --> platforms\windows\easyssh-winui\src\design.rs:159:15
    |
158 | impl TerminalColors {
    | ------------------- associated constants in this implementation
159 |     pub const BLACK: Color32 = Color32::from_rgb(0x1E, 0x1E, 0x1E);
    |               ^^^^^
160 |     pub const RED: Color32 = Color32::from_rgb(0xE0, 0x6C, 0x75);
    |               ^^^
161 |     pub const GREEN: Color32 = Color32::from_rgb(0x98, 0xC3, 0x79);
    |               ^^^^^
162 |     pub const YELLOW: Color32 = Color32::from_rgb(0xE5, 0xC0, 0x7B);
    |               ^^^^^^
163 |     pub const BLUE: Color32 = Color32::from_rgb(0x61, 0xAF, 0xEF);
    |               ^^^^
164 |     pub const MAGENTA: Color32 = Color32::from_rgb(0xC6, 0x78, 0xDD);
    |               ^^^^^^^
165 |     pub const CYAN: Color32 = Color32::from_rgb(0x56, 0xB6, 0xC2);
    |               ^^^^
166 |     pub const WHITE: Color32 = Color32::from_rgb(0xDC, 0xDC, 0xDC);
    |               ^^^^^
167 |     pub const BRIGHT_BLACK: Color32 = Color32::from_rgb(0x5C, 0x63, 0x70);
    |               ^^^^^^^^^^^^
168 |     pub const BRIGHT_RED: Color32 = Color32::from_rgb(0xFF, 0x6B, 0x7A);
    |               ^^^^^^^^^^
169 |     pub const BRIGHT_GREEN: Color32 = Color32::from_rgb(0xB5, 0xE0, 0x8D);
    |               ^^^^^^^^^^^^
170 |     pub const BRIGHT_YELLOW: Color32 = Color32::from_rgb(0xF0, 0xD5, 0x8A);
    |               ^^^^^^^^^^^^^
171 |     pub const BRIGHT_BLUE: Color32 = Color32::from_rgb(0x7B, 0xC3, 0xFF);
    |               ^^^^^^^^^^^
172 |     pub const BRIGHT_MAGENTA: Color32 = Color32::from_rgb(0xD7, 0x8F, 0xE6);
    |               ^^^^^^^^^^^^^^
173 |     pub const BRIGHT_CYAN: Color32 = Color32::from_rgb(0x6E, 0xD4, 0xE0);
    |               ^^^^^^^^^^^
174 |     pub const BRIGHT_WHITE: Color32 = Color32::from_rgb(0xFF, 0xFF, 0xFF);
    |               ^^^^^^^^^^^^
175 |     pub const BACKGROUND: Color32 = Color32::from_rgb(0x1E, 0x1E, 0x1E);
    |               ^^^^^^^^^^
176 |     pub const FOREGROUND: Color32 = Color32::from_rgb(0xDC, 0xDC, 0xDC);
    |               ^^^^^^^^^^
177 |     pub const CURSOR: Color32 = Color32::from_rgb(0x52, 0x8B, 0xFF);
    |               ^^^^^^
178 |     pub const SELECTION: Color32 = Color32::from_rgb(0x26, 0x4F, 0x78);
    |               ^^^^^^^^^

warning: struct `StatusColors` is never constructed
   --> platforms\windows\easyssh-winui\src\design.rs:182:12
    |
182 | pub struct StatusColors;
    |            ^^^^^^^^^^^^

warning: associated constants `ONLINE`, `OFFLINE`, `CONNECTING`, `MAINTENANCE`, and `UNKNOWN` are never used
   --> platforms\windows\easyssh-winui\src\design.rs:185:15
    |
184 | impl StatusColors {
    | ----------------- associated constants in this implementation
185 |     pub const ONLINE: Color32 = Color32::from_rgb(0x22, 0xC5, 0x5E);
    |               ^^^^^^
186 |     pub const OFFLINE: Color32 = Color32::from_rgb(0xEF, 0x44, 0x44);
    |               ^^^^^^^
187 |     pub const CONNECTING: Color32 = Color32::from_rgb(0xF5, 0x9E, 0x0B);
    |               ^^^^^^^^^^
188 |     pub const MAINTENANCE: Color32 = Color32::from_rgb(0x8B, 0x5C, 0xF6);
    |               ^^^^^^^^^^^
189 |     pub const UNKNOWN: Color32 = Color32::from_rgb(0x9C, 0xA3, 0xAF);
    |               ^^^^^^^

warning: method `is_high_contrast` is never used
   --> platforms\windows\easyssh-winui\src\design.rs:214:12
    |
209 | impl Theme {
    | ---------- method in this implementation
...
214 |     pub fn is_high_contrast(&self) -> bool {
    |            ^^^^^^^^^^^^^^^^

warning: fields `bg_tertiary`, `bg_quaternary`, `text_tertiary`, `text_quaternary`, and `border_strong` are never read
   --> platforms\windows\easyssh-winui\src\design.rs:226:9
    |
221 | pub struct DesignTheme {
    |            ----------- fields in this struct
...
226 |     pub bg_tertiary: Color32,
    |         ^^^^^^^^^^^
227 |     pub bg_quaternary: Color32,
    |         ^^^^^^^^^^^^^
...
232 |     pub text_tertiary: Color32,
    |         ^^^^^^^^^^^^^
233 |     pub text_quaternary: Color32,
    |         ^^^^^^^^^^^^^^^
...
238 |     pub border_strong: Color32,
    |         ^^^^^^^^^^^^^
    |
    = note: `DesignTheme` has a derived impl for the trait `Clone`, but this is intentionally ignored during dead code analysis

warning: associated items `from_theme`, `adjusted_font_size`, and `animation_duration` are never used
   --> platforms\windows\easyssh-winui\src\design.rs:344:12
    |
255 | impl DesignTheme {
    | ---------------- associated items in this implementation
...
344 |     pub fn from_theme(theme: Theme) -> Self {
    |            ^^^^^^^^^^
...
364 |     pub fn adjusted_font_size(&self, base_size: f32) -> f32 {
    |            ^^^^^^^^^^^^^^^^^^
...
374 |     pub fn animation_duration(&self, normal_duration: f32) -> f32 {
    |            ^^^^^^^^^^^^^^^^^^

warning: struct `Spacing` is never constructed
   --> platforms\windows\easyssh-winui\src\design.rs:456:12
    |
456 | pub struct Spacing;
    |            ^^^^^^^

warning: associated functions `vec2`, `uniform`, and `accessible` are never used
   --> platforms\windows\easyssh-winui\src\design.rs:480:12
    |
458 | impl Spacing {
    | ------------ associated functions in this implementation
...
480 |     pub fn vec2(x: f32, y: f32) -> Vec2 {
    |            ^^^^
...
485 |     pub fn uniform(value: f32) -> Vec2 {
    |            ^^^^^^^
...
490 |     pub fn accessible(value: f32) -> f32 {
    |            ^^^^^^^^^^

warning: struct `Radius` is never constructed
   --> platforms\windows\easyssh-winui\src\design.rs:503:12
    |
503 | pub struct Radius;
    |            ^^^^^^

warning: multiple associated constants are never used
   --> platforms\windows\easyssh-winui\src\design.rs:506:15
    |
505 | impl Radius {
    | ----------- associated constants in this implementation
506 |     pub const NONE: Rounding = Rounding::same(0.0);
    |               ^^^^
507 |     pub const XS: Rounding = Rounding::same(2.0);
    |               ^^
508 |     pub const SM: Rounding = Rounding::same(4.0);
    |               ^^
509 |     pub const MD: Rounding = Rounding::same(6.0);
    |               ^^
510 |     pub const LG: Rounding = Rounding::same(8.0);
    |               ^^
511 |     pub const XL: Rounding = Rounding::same(12.0);
    |               ^^
...
514 |     pub const FULL: Rounding = Rounding::same(9999.0);
    |               ^^^^

warning: struct `Typography` is never constructed
   --> platforms\windows\easyssh-winui\src\design.rs:521:12
    |
521 | pub struct Typography;
    |            ^^^^^^^^^^

warning: multiple associated items are never used
   --> platforms\windows\easyssh-winui\src\design.rs:525:15
    |
523 | impl Typography {
    | --------------- associated items in this implementation
524 |     // Font sizes in points
525 |     pub const SIZE_2XS: f32 = 10.0;
    |               ^^^^^^^^
526 |     pub const SIZE_XS: f32 = 12.0;
    |               ^^^^^^^
527 |     pub const SIZE_SM: f32 = 13.0;
    |               ^^^^^^^
528 |     pub const SIZE_BASE: f32 = 14.0;
    |               ^^^^^^^^^
529 |     pub const SIZE_MD: f32 = 16.0;
    |               ^^^^^^^
530 |     pub const SIZE_LG: f32 = 18.0;
    |               ^^^^^^^
531 |     pub const SIZE_XL: f32 = 20.0;
    |               ^^^^^^^
532 |     pub const SIZE_2XL: f32 = 24.0;
    |               ^^^^^^^^
533 |     pub const SIZE_3XL: f32 = 30.0;
    |               ^^^^^^^^
534 |     pub const SIZE_4XL: f32 = 36.0;
    |               ^^^^^^^^
...
537 |     pub const WCAG_LARGE_MIN: f32 = 18.0;
    |               ^^^^^^^^^^^^^^
538 |     pub const WCAG_LARGE_BOLD_MIN: f32 = 14.0;
    |               ^^^^^^^^^^^^^^^^^^^
...
541 |     pub fn sans(size: f32) -> FontId {
    |            ^^^^
...
551 |     pub fn mono(size: f32) -> FontId {
    |            ^^^^
...
561 |     pub fn display_large() -> FontId {
    |            ^^^^^^^^^^^^^
...
566 |     pub fn headline_medium() -> FontId {
    |            ^^^^^^^^^^^^^^^
...
571 |     pub fn body_medium() -> FontId {
    |            ^^^^^^^^^^^
...
576 |     pub fn label_medium() -> FontId {
    |            ^^^^^^^^^^^^
...
581 |     pub fn code_regular() -> FontId {
    |            ^^^^^^^^^^^^
...
586 |     pub fn is_large_text(size: f32, is_bold: bool) -> bool {
    |            ^^^^^^^^^^^^^

warning: struct `Dimensions` is never constructed
   --> platforms\windows\easyssh-winui\src\design.rs:599:12
    |
599 | pub struct Dimensions;
    |            ^^^^^^^^^^

warning: multiple associated items are never used
   --> platforms\windows\easyssh-winui\src\design.rs:603:15
    |
601 | impl Dimensions {
    | --------------- associated items in this implementation
602 |     // App Shell
603 |     pub const HEADER_HEIGHT: f32 = 48.0;
    |               ^^^^^^^^^^^^^
604 |     pub const SIDEBAR_WIDTH: f32 = 260.0;
    |               ^^^^^^^^^^^^^
605 |     pub const SIDEBAR_COLLAPSED_WIDTH: f32 = 48.0;
    |               ^^^^^^^^^^^^^^^^^^^^^^^
606 |     pub const RIGHT_PANEL_WIDTH: f32 = 320.0;
    |               ^^^^^^^^^^^^^^^^^
607 |     pub const BOTTOM_PANEL_HEIGHT: f32 = 200.0;
    |               ^^^^^^^^^^^^^^^^^^^
...
610 |     pub const SIDEBAR_ITEM_HEIGHT: f32 = 36.0;
    |               ^^^^^^^^^^^^^^^^^^^
...
613 |     pub const CARD_WIDTH: f32 = 280.0;
    |               ^^^^^^^^^^
614 |     pub const CARD_PADDING: f32 = 16.0;
    |               ^^^^^^^^^^^^
615 |     pub const CARD_GAP: f32 = 12.0;
    |               ^^^^^^^^
...
618 |     pub const BUTTON_MIN_SIZE: f32 = 44.0; // WCAG 2.5.5 Target Size
    |               ^^^^^^^^^^^^^^^
619 |     pub const BUTTON_HEIGHT_XS: f32 = 24.0;
    |               ^^^^^^^^^^^^^^^^
620 |     pub const BUTTON_HEIGHT_SM: f32 = 32.0;
    |               ^^^^^^^^^^^^^^^^
621 |     pub const BUTTON_HEIGHT_MD: f32 = 36.0;
    |               ^^^^^^^^^^^^^^^^
622 |     pub const BUTTON_HEIGHT_LG: f32 = 44.0;
    |               ^^^^^^^^^^^^^^^^
623 |     pub const BUTTON_HEIGHT_XL: f32 = 52.0;
    |               ^^^^^^^^^^^^^^^^
...
626 |     pub const INPUT_HEIGHT_SM: f32 = 32.0;
    |               ^^^^^^^^^^^^^^^
627 |     pub const INPUT_HEIGHT_MD: f32 = 36.0;
    |               ^^^^^^^^^^^^^^^
628 |     pub const INPUT_HEIGHT_LG: f32 = 44.0;
    |               ^^^^^^^^^^^^^^^
...
631 |     pub const TERMINAL_MIN_HEIGHT: f32 = 200.0;
    |               ^^^^^^^^^^^^^^^^^^^
632 |     pub const TERMINAL_PADDING: f32 = 8.0;
    |               ^^^^^^^^^^^^^^^^
...
635 |     pub fn accessible_min_size() -> f32 {
    |            ^^^^^^^^^^^^^^^^^^^

warning: struct `Shadows` is never constructed
   --> platforms\windows\easyssh-winui\src\design.rs:648:12
    |
648 | pub struct Shadows;
    |            ^^^^^^^

warning: associated functions `card`, `modal`, and `dropdown` are never used
   --> platforms\windows\easyssh-winui\src\design.rs:652:12
    |
650 | impl Shadows {
    | ------------ associated functions in this implementation
651 |     /// Card shadow - subtle elevation
652 |     pub fn card(theme: &DesignTheme) -> Shadow {
    |            ^^^^
...
669 |     pub fn modal(theme: &DesignTheme) -> Shadow {
    |            ^^^^^
...
686 |     pub fn dropdown(theme: &DesignTheme) -> Shadow {
    |            ^^^^^^^^

warning: struct `Motion` is never constructed
   --> platforms\windows\easyssh-winui\src\design.rs:707:12
    |
707 | pub struct Motion;
    |            ^^^^^^

warning: multiple associated items are never used
   --> platforms\windows\easyssh-winui\src\design.rs:711:15
    |
709 | impl Motion {
    | ----------- associated items in this implementation
710 |     // Duration in seconds
711 |     pub const DURATION_INSTANT: f32 = 0.05;
    |               ^^^^^^^^^^^^^^^^
712 |     pub const DURATION_FAST: f32 = 0.1;
    |               ^^^^^^^^^^^^^
713 |     pub const DURATION_NORMAL: f32 = 0.2;
    |               ^^^^^^^^^^^^^^^
714 |     pub const DURATION_SLOW: f32 = 0.3;
    |               ^^^^^^^^^^^^^
715 |     pub const DURATION_SLOWER: f32 = 0.4;
    |               ^^^^^^^^^^^^^^^
716 |     pub const DURATION_SLOWEST: f32 = 0.5;
    |               ^^^^^^^^^^^^^^^^
...
719 |     pub const MAX_AUTO_PLAY_DURATION: f32 = 5.0;
    |               ^^^^^^^^^^^^^^^^^^^^^^
...
722 |     pub fn animation_multiplier(theme: &DesignTheme, duration: f32) -> f32 {
    |            ^^^^^^^^^^^^^^^^^^^^
...
732 |     pub fn accessible_duration(theme: &DesignTheme, base_duration: f32) -> f32 {
    |            ^^^^^^^^^^^^^^^^^^^

warning: struct `ScreenReader` is never constructed
   --> platforms\windows\easyssh-winui\src\design.rs:746:12
    |
746 | pub struct ScreenReader;
    |            ^^^^^^^^^^^^

warning: associated functions `announce` and `set_label` are never used
   --> platforms\windows\easyssh-winui\src\design.rs:750:12
    |
748 | impl ScreenReader {
    | ----------------- associated functions in this implementation
749 |     /// Announce a message to screen readers (via egui's output)
750 |     pub fn announce(_ui: &mut egui::Ui, _message: &str, _priority: AnnouncePriority) {
    |            ^^^^^^^^
...
759 |     pub fn set_label(_ui: &mut egui::Ui, _widget_id: egui::Id, _label: &str) {
    |            ^^^^^^^^^

warning: enum `AnnouncePriority` is never used
   --> platforms\windows\easyssh-winui\src\design.rs:770:10
    |
770 | pub enum AnnouncePriority {
    |          ^^^^^^^^^^^^^^^^

warning: struct `RtlLayout` is never constructed
   --> platforms\windows\easyssh-winui\src\design.rs:784:12
    |
784 | pub struct RtlLayout;
    |            ^^^^^^^^^

warning: associated functions `is_rtl`, `mirror_x`, `direction_multiplier`, and `text_align` are never used
   --> platforms\windows\easyssh-winui\src\design.rs:788:12
    |
786 | impl RtlLayout {
    | -------------- associated functions in this implementation
787 |     /// Check if RTL mode is enabled
788 |     pub fn is_rtl() -> bool {
    |            ^^^^^^
...
793 |     pub fn mirror_x(x: f32, container_width: f32) -> f32 {
    |            ^^^^^^^^
...
802 |     pub fn direction_multiplier() -> f32 {
    |            ^^^^^^^^^^^^^^^^^^^^
...
807 |     pub fn text_align(left_aligned: bool) -> egui::Align {
    |            ^^^^^^^^^^

warning: trait `DesignUiExt` is never used
   --> platforms\windows\easyssh-winui\src\design.rs:821:11
    |
821 | pub trait DesignUiExt {
    |           ^^^^^^^^^^^

warning: struct `AccessibleButton` is never constructed
   --> platforms\windows\easyssh-winui\src\design.rs:926:12
    |
926 | pub struct AccessibleButton<'a> {
    |            ^^^^^^^^^^^^^^^^

warning: enum `AccessibleButtonStyle` is never used
   --> platforms\windows\easyssh-winui\src\design.rs:936:10
    |
936 | pub enum AccessibleButtonStyle {
    |          ^^^^^^^^^^^^^^^^^^^^^

warning: associated items `new`, `with_icon`, `with_description`, `style`, and `build` are never used
   --> platforms\windows\easyssh-winui\src\design.rs:944:12
    |
943 | impl<'a> AccessibleButton<'a> {
    | ----------------------------- associated items in this implementation
944 |     pub fn new(theme: &'a DesignTheme, label: impl Into<egui::WidgetText>) -> Self {
    |            ^^^
...
955 |     pub fn with_icon(mut self, icon: &'a str) -> Self {
    |            ^^^^^^^^^
...
960 |     pub fn with_description(mut self, desc: &'a str) -> Self {
    |            ^^^^^^^^^^^^^^^^
...
965 |     pub fn style(mut self, style: AccessibleButtonStyle) -> Self {
    |            ^^^^^
...
970 |     pub fn build(self) -> egui::Button<'a> {
    |            ^^^^^

warning: struct `ZIndex` is never constructed
   --> platforms\windows\easyssh-winui\src\design.rs:995:12
    |
995 | pub struct ZIndex;
    |            ^^^^^^

warning: multiple associated constants are never used
    --> platforms\windows\easyssh-winui\src\design.rs:998:15
     |
997  | impl ZIndex {
     | ----------- associated constants in this implementation
998  |     pub const BASE: i32 = 0;
     |               ^^^^
999  |     pub const DROPDOWN: i32 = 100;
     |               ^^^^^^^^
1000 |     pub const STICKY: i32 = 200;
     |               ^^^^^^
1001 |     pub const FIXED: i32 = 300;
     |               ^^^^^
1002 |     pub const OVERLAY: i32 = 400;
     |               ^^^^^^^
1003 |     pub const MODAL_BACKDROP: i32 = 500;
     |               ^^^^^^^^^^^^^^
1004 |     pub const MODAL: i32 = 510;
     |               ^^^^^
1005 |     pub const POPOVER: i32 = 600;
     |               ^^^^^^^
1006 |     pub const TOOLTIP: i32 = 700;
     |               ^^^^^^^
1007 |     pub const TOAST: i32 = 800;
     |               ^^^^^
1008 |     pub const COMMAND_PALETTE: i32 = 900;
     |               ^^^^^^^^^^^^^^^

warning: function `relative_luminance` is never used
    --> platforms\windows\easyssh-winui\src\design.rs:1016:8
     |
1016 | pub fn relative_luminance(color: Color32) -> f32 {
     |        ^^^^^^^^^^^^^^^^^^

warning: function `contrast_ratio` is never used
    --> platforms\windows\easyssh-winui\src\design.rs:1029:8
     |
1029 | pub fn contrast_ratio(color1: Color32, color2: Color32) -> f32 {
     |        ^^^^^^^^^^^^^^

warning: function `meets_wcag_aa` is never used
    --> platforms\windows\easyssh-winui\src\design.rs:1040:8
     |
1040 | pub fn meets_wcag_aa(text: Color32, background: Color32, is_large_text: bool) -> bool {
     |        ^^^^^^^^^^^^^

warning: function `meets_wcag_aaa` is never used
    --> platforms\windows\easyssh-winui\src\design.rs:1050:8
     |
1050 | pub fn meets_wcag_aaa(text: Color32, background: Color32, is_large_text: bool) -> bool {
     |        ^^^^^^^^^^^^^^

warning: variants `EaseInOutCubic`, `EaseOutBack`, and `Spring` are never constructed
  --> platforms\windows\easyssh-winui\src\apple_design.rs:90:5
   |
87 | pub enum EasingFunction {
   |          -------------- variants in this enum
...
90 |     EaseInOutCubic,
   |     ^^^^^^^^^^^^^^
91 |     EaseOutBack,
   |     ^^^^^^^^^^^
92 |     Spring,
   |     ^^^^^^
   |
   = note: `EasingFunction` has derived impls for the traits `Debug` and `Clone`, but these are intentionally ignored during dead code analysis

warning: struct `AppleShadows` is never constructed
   --> platforms\windows\easyssh-winui\src\apple_design.rs:127:12
    |
127 | pub struct AppleShadows;
    |            ^^^^^^^^^^^^

warning: associated functions `card_rest`, `card_hover`, `card_active`, `modal`, `dropdown`, and `fab` are never used
   --> platforms\windows\easyssh-winui\src\apple_design.rs:131:12
    |
129 | impl AppleShadows {
    | ----------------- associated functions in this implementation
130 |     /// Ultra subtle shadow for cards at rest - 0px 1px 2px rgba(0,0,0,0.08)
131 |     pub fn card_rest(theme: &DesignTheme) -> Shadow {
    |            ^^^^^^^^^
...
148 |     pub fn card_hover(theme: &DesignTheme) -> Shadow {
    |            ^^^^^^^^^^
...
165 |     pub fn card_active(theme: &DesignTheme) -> Shadow {
    |            ^^^^^^^^^^^
...
182 |     pub fn modal(theme: &DesignTheme) -> Shadow {
    |            ^^^^^
...
199 |     pub fn dropdown(theme: &DesignTheme) -> Shadow {
    |            ^^^^^^^^
...
216 |     pub fn fab(theme: &DesignTheme) -> Shadow {
    |            ^^^

warning: multiple associated constants are never used
   --> platforms\windows\easyssh-winui\src\apple_design.rs:241:15
    |
239 | impl LucideIcons {
    | ---------------- associated constants in this implementation
240 |     // Navigation
241 |     pub const HOME: &str = "⌂";
    |               ^^^^
242 |     pub const SERVERS: &str = "▣";
    |               ^^^^^^^
243 |     pub const SETTINGS: &str = "⚙";
    |               ^^^^^^^^
244 |     pub const MENU: &str = "☰";
    |               ^^^^
245 |     pub const MORE: &str = "⋮";
    |               ^^^^
...
248 |     pub const ADD: &str = "+";
    |               ^^^
249 |     pub const CLOSE: &str = "×";
    |               ^^^^^
250 |     pub const EDIT: &str = "✎";
    |               ^^^^
251 |     pub const DELETE: &str = "⌫";
    |               ^^^^^^
252 |     pub const SAVE: &str = "💾";
    |               ^^^^
253 |     pub const REFRESH: &str = "⟳";
    |               ^^^^^^^
254 |     pub const SEARCH: &str = "⌕";
    |               ^^^^^^
255 |     pub const FILTER: &str = "▽";
    |               ^^^^^^
...
258 |     pub const CONNECT: &str = "→";
    |               ^^^^^^^
259 |     pub const DISCONNECT: &str = "■";
    |               ^^^^^^^^^^
260 |     pub const TERMINAL: &str = "▣";
    |               ^^^^^^^^
261 |     pub const FOLDER: &str = "📁";
    |               ^^^^^^
262 |     pub const FILE: &str = "📄";
    |               ^^^^
...
265 |     pub const ONLINE: &str = "●";
    |               ^^^^^^
266 |     pub const OFFLINE: &str = "○";
    |               ^^^^^^^
267 |     pub const WARNING: &str = "⚠";
    |               ^^^^^^^
268 |     pub const ERROR: &str = "⚠";
    |               ^^^^^
269 |     pub const SUCCESS: &str = "✓";
    |               ^^^^^^^
270 |     pub const INFO: &str = "ℹ";
    |               ^^^^
...
274 |     pub const PLAY: &str = "▶";
    |               ^^^^
275 |     pub const PAUSE: &str = "⏸";
    |               ^^^^^
276 |     pub const STOP: &str = "■";
    |               ^^^^
277 |     pub const NEXT: &str = "→";
    |               ^^^^
278 |     pub const PREV: &str = "←";
    |               ^^^^
...
281 |     pub const CHEVRON_DOWN: &str = "▼";
    |               ^^^^^^^^^^^^
282 |     pub const CHEVRON_UP: &str = "▲";
    |               ^^^^^^^^^^
283 |     pub const CHEVRON_RIGHT: &str = "▶";
    |               ^^^^^^^^^^^^^
284 |     pub const CHEVRON_LEFT: &str = "◀";
    |               ^^^^^^^^^^^^
285 |     pub const CHECK: &str = "✓";
    |               ^^^^^
286 |     pub const STAR: &str = "★";
    |               ^^^^
287 |     pub const STAR_EMPTY: &str = "☆";
    |               ^^^^^^^^^^
...
290 |     pub const KEY: &str = "🗝";
    |               ^^^
291 |     pub const LOCK: &str = "🔒";
    |               ^^^^
292 |     pub const UNLOCK: &str = "🔓";
    |               ^^^^^^
293 |     pub const SHIELD: &str = "🛡";
    |               ^^^^^^
294 |     pub const MONITOR: &str = "📊";
    |               ^^^^^^^
295 |     pub const CPU: &str = "⚡";
    |               ^^^
296 |     pub const MEMORY: &str = "🧠";
    |               ^^^^^^
297 |     pub const DISK: &str = "💾";
    |               ^^^^
298 |     pub const NETWORK: &str = "🔗";
    |               ^^^^^^^

warning: struct `LoadingState` is never constructed
   --> platforms\windows\easyssh-winui\src\apple_design.rs:305:12
    |
305 | pub struct LoadingState {
    |            ^^^^^^^^^^^^

warning: associated items `new` and `current_angle` are never used
   --> platforms\windows\easyssh-winui\src\apple_design.rs:311:12
    |
310 | impl LoadingState {
    | ----------------- associated items in this implementation
311 |     pub fn new() -> Self {
    |            ^^^
...
318 |     pub fn current_angle(&self, ctx: &egui::Context) -> f32 {
    |            ^^^^^^^^^^^^^

warning: multiple associated items are never used
   --> platforms\windows\easyssh-winui\src\apple_design.rs:346:15
    |
344 | impl AppleTypography {
    | -------------------- associated items in this implementation
345 |     // Apple-style font sizes with perfect hierarchy
346 |     pub const CAPTION_2: f32 = 11.0;    // Smallest, labels
    |               ^^^^^^^^^
347 |     pub const CAPTION_1: f32 = 12.0;    // Captions
    |               ^^^^^^^^^
...
350 |     pub const CALLOUT: f32 = 15.0;      // Callouts
    |               ^^^^^^^
351 |     pub const BODY: f32 = 16.0;         // Body text
352 |     pub const HEADLINE: f32 = 17.0;     // Headlines
    |               ^^^^^^^^
353 |     pub const TITLE_3: f32 = 20.0;      // Small titles
    |               ^^^^^^^
354 |     pub const TITLE_2: f32 = 22.0;      // Medium titles
    |               ^^^^^^^
355 |     pub const TITLE_1: f32 = 28.0;      // Large titles
    |               ^^^^^^^
356 |     pub const LARGE_TITLE: f32 = 34.0;  // Hero titles
    |               ^^^^^^^^^^^
...
359 |     pub fn regular(size: f32) -> FontId {
    |            ^^^^^^^
...
368 |     pub fn semibold(size: f32) -> FontId {
    |            ^^^^^^^^
...
372 |     pub fn bold(size: f32) -> FontId {
    |            ^^^^
...
376 |     pub fn mono(size: f32) -> FontId {
    |            ^^^^
...
389 |     pub fn nav_title() -> FontId {
    |            ^^^^^^^^^
...
393 |     pub fn section_header() -> FontId {
    |            ^^^^^^^^^^^^^^
...
397 |     pub fn card_title() -> FontId {
    |            ^^^^^^^^^^
...
401 |     pub fn body_text() -> FontId {
    |            ^^^^^^^^^
...
405 |     pub fn caption() -> FontId {
    |            ^^^^^^^
...
409 |     pub fn button() -> FontId {
    |            ^^^^^^

warning: fields `focused` and `disabled` are never read
   --> platforms\windows\easyssh-winui\src\apple_design.rs:421:9
    |
418 | pub struct MicrointeractionState {
    |            --------------------- fields in this struct
...
421 |     pub focused: Arc<AtomicBool>,
    |         ^^^^^^^
422 |     pub disabled: Arc<AtomicBool>,
    |         ^^^^^^^^

warning: variant `Ghost` is never constructed
   --> platforms\windows\easyssh-winui\src\apple_design.rs:485:5
    |
482 | pub enum ButtonStyle {
    |          ----------- variant in this enum
...
485 |     Ghost,
    |     ^^^^^
    |
    = note: `ButtonStyle` has derived impls for the traits `Debug` and `Clone`, but these are intentionally ignored during dead code analysis

warning: variant `Large` is never constructed
   --> platforms\windows\easyssh-winui\src\apple_design.rs:493:5
    |
490 | pub enum ButtonSize {
    |          ---------- variant in this enum
...
493 |     Large,      // 44px height (WCAG compliant)
    |     ^^^^^
    |
    = note: `ButtonSize` has derived impls for the traits `Debug` and `Clone`, but these are intentionally ignored during dead code analysis

warning: methods `with_icon`, `min_width`, and `loading` are never used
   --> platforms\windows\easyssh-winui\src\apple_design.rs:510:12
    |
496 | impl<'a> AppleButton<'a> {
    | ------------------------ methods in this implementation
...
510 |     pub fn with_icon(mut self, icon: &'a str) -> Self {
    |            ^^^^^^^^^
...
525 |     pub fn min_width(mut self, width: f32) -> Self {
    |            ^^^^^^^^^
...
530 |     pub fn loading(mut self, loading: bool) -> Self {
    |            ^^^^^^^

warning: field `interaction` is never read
   --> platforms\windows\easyssh-winui\src\apple_design.rs:688:5
    |
685 | pub struct AppleCard<'a> {
    |            --------- field in this struct
...
688 |     interaction: MicrointeractionState,
    |     ^^^^^^^^^^^

warning: struct `EmptyState` is never constructed
   --> platforms\windows\easyssh-winui\src\apple_design.rs:723:12
    |
723 | pub struct EmptyState<'a> {
    |            ^^^^^^^^^^

warning: associated items `new`, `with_action`, and `show` are never used
   --> platforms\windows\easyssh-winui\src\apple_design.rs:732:12
    |
731 | impl<'a> EmptyState<'a> {
    | ----------------------- associated items in this implementation
732 |     pub fn new(
    |            ^^^
...
747 |     pub fn with_action(mut self, label: &'a str) -> Self {
    |            ^^^^^^^^^^^
...
752 |     pub fn show(self, ui: &mut Ui) -> Option<Response> {
    |            ^^^^

warning: struct `ErrorState` is never constructed
   --> platforms\windows\easyssh-winui\src\apple_design.rs:802:12
    |
802 | pub struct ErrorState<'a> {
    |            ^^^^^^^^^^

warning: associated items `new`, `with_suggestion`, `on_retry`, and `show` are never used
   --> platforms\windows\easyssh-winui\src\apple_design.rs:810:12
    |
809 | impl<'a> ErrorState<'a> {
    | ----------------------- associated items in this implementation
810 |     pub fn new(theme: &'a DesignTheme, error: &'a str) -> Self {
    |            ^^^
...
819 |     pub fn with_suggestion(mut self, suggestion: &'a str) -> Self {
    |            ^^^^^^^^^^^^^^^
...
824 |     pub fn on_retry<F: FnOnce() + 'a>(mut self, f: F) -> Self {
    |            ^^^^^^^^
...
829 |     pub fn show(self, ui: &mut Ui) -> Option<Response> {
    |            ^^^^

warning: struct `AppleSpinner` is never constructed
   --> platforms\windows\easyssh-winui\src\apple_design.rs:890:12
    |
890 | pub struct AppleSpinner {
    |            ^^^^^^^^^^^^

warning: associated items `new` and `show` are never used
   --> platforms\windows\easyssh-winui\src\apple_design.rs:897:12
    |
896 | impl AppleSpinner {
    | ----------------- associated items in this implementation
897 |     pub fn new(size: f32, color: Color32) -> Self {
    |            ^^^
...
905 |     pub fn show(&self, ui: &mut Ui) {
    |            ^^^^

warning: function `show_tooltip` is never used
   --> platforms\windows\easyssh-winui\src\apple_design.rs:942:8
    |
942 | pub fn show_tooltip(ui: &Ui, text: &str, theme: &DesignTheme) {
    |        ^^^^^^^^^^^^

warning: struct `Divider` is never constructed
   --> platforms\windows\easyssh-winui\src\apple_design.rs:956:12
    |
956 | pub struct Divider;
    |            ^^^^^^^

warning: associated functions `horizontal` and `vertical` are never used
   --> platforms\windows\easyssh-winui\src\apple_design.rs:959:12
    |
958 | impl Divider {
    | ------------ associated functions in this implementation
959 |     pub fn horizontal(ui: &mut Ui, theme: &DesignTheme) {
    |            ^^^^^^^^^^
...
975 |     pub fn vertical(ui: &mut Ui, height: f32, theme: &DesignTheme) {
    |            ^^^^^^^^

warning: variant `Group` is never constructed
  --> platforms\windows\easyssh-winui\src\search.rs:14:5
   |
9  | pub enum SearchResultType {
   |          ---------------- variant in this enum
...
14 |     Group,
   |     ^^^^^
   |
   = note: `SearchResultType` has derived impls for the traits `Debug` and `Clone`, but these are intentionally ignored during dead code analysis

warning: variants `Edit`, `Delete`, `FilterByGroup`, and `CopyToClipboard` are never constructed
  --> platforms\windows\easyssh-winui\src\search.rs:34:5
   |
32 | pub enum QuickAction {
   |          ----------- variants in this enum
33 |     Connect,
34 |     Edit,
   |     ^^^^
35 |     Delete,
   |     ^^^^^^
...
38 |     FilterByGroup,
   |     ^^^^^^^^^^^^^
39 |     CopyToClipboard,
   |     ^^^^^^^^^^^^^^^
   |
   = note: `QuickAction` has derived impls for the traits `Debug` and `Clone`, but these are intentionally ignored during dead code analysis

warning: fields `timestamp` and `result_selected` are never read
  --> platforms\windows\easyssh-winui\src\search.rs:75:9
   |
73 | pub struct SearchHistoryEntry {
   |            ------------------ fields in this struct
74 |     pub query: String,
75 |     pub timestamp: std::time::SystemTime,
   |         ^^^^^^^^^
76 |     pub result_selected: Option<String>,
   |         ^^^^^^^^^^^^^^^
   |
   = note: `SearchHistoryEntry` has derived impls for the traits `Debug` and `Clone`, but these are intentionally ignored during dead code analysis

warning: field `os_type` is never read
  --> platforms\windows\easyssh-winui\src\search.rs:85:9
   |
81 | pub struct FilterCriteria {
   |            -------------- field in this struct
...
85 |     pub os_type: Option<String>,
   |         ^^^^^^^
   |
   = note: `FilterCriteria` has derived impls for the traits `Debug` and `Clone`, but these are intentionally ignored during dead code analysis

warning: field `commands` is never read
   --> platforms\windows\easyssh-winui\src\search.rs:101:9
    |
99  | pub struct RecentUsageTracker {
    |            ------------------ field in this struct
100 |     pub connections: Vec<RecentConnection>,
101 |     pub commands: Vec<RecentCommand>,
    |         ^^^^^^^^
    |
    = note: `RecentUsageTracker` has derived impls for the traits `Debug` and `Clone`, but these are intentionally ignored during dead code analysis

warning: fields `server_name`, `timestamp`, and `duration_secs` are never read
   --> platforms\windows\easyssh-winui\src\search.rs:108:9
    |
106 | pub struct RecentConnection {
    |            ---------------- fields in this struct
107 |     pub server_id: String,
108 |     pub server_name: String,
    |         ^^^^^^^^^^^
109 |     pub timestamp: std::time::SystemTime,
    |         ^^^^^^^^^
110 |     pub duration_secs: u64,
    |         ^^^^^^^^^^^^^
    |
    = note: `RecentConnection` has derived impls for the traits `Debug` and `Clone`, but these are intentionally ignored during dead code analysis

warning: fields `command`, `server_id`, and `timestamp` are never read
   --> platforms\windows\easyssh-winui\src\search.rs:115:9
    |
114 | pub struct RecentCommand {
    |            ------------- fields in this struct
115 |     pub command: String,
    |         ^^^^^^^
116 |     pub server_id: Option<String>,
    |         ^^^^^^^^^
117 |     pub timestamp: std::time::SystemTime,
    |         ^^^^^^^^^
    |
    = note: `RecentCommand` has derived impls for the traits `Debug` and `Clone`, but these are intentionally ignored during dead code analysis

warning: methods `update_connection_duration`, `record_command`, and `get_recent_commands` are never used
   --> platforms\windows\easyssh-winui\src\search.rs:146:12
    |
120 | impl RecentUsageTracker {
    | ----------------------- methods in this implementation
...
146 |     pub fn update_connection_duration(&mut self, server_id: &str, duration_secs: u64) {
    |            ^^^^^^^^^^^^^^^^^^^^^^^^^^
...
152 |     pub fn record_command(&mut self, command: String, server_id: Option<String>) {
    |            ^^^^^^^^^^^^^^
...
168 |     pub fn get_recent_commands(&self, limit: usize) -> Vec<&RecentCommand> {
    |            ^^^^^^^^^^^^^^^^^^^

warning: field `created_at` is never read
   --> platforms\windows\easyssh-winui\src\search.rs:231:9
    |
226 | pub struct Snippet {
    |            ------- field in this struct
...
231 |     pub created_at: std::time::SystemTime,
    |         ^^^^^^^^^^
    |
    = note: `Snippet` has derived impls for the traits `Debug` and `Clone`, but these are intentionally ignored during dead code analysis

warning: methods `get_search_history`, `recent_usage`, `add_snippet`, and `get_snippets` are never used
   --> platforms\windows\easyssh-winui\src\search.rs:666:12
    |
234 | impl GlobalSearchEngine {
    | ----------------------- methods in this implementation
...
666 |     pub fn get_search_history(&self) -> &[SearchHistoryEntry] {
    |            ^^^^^^^^^^^^^^^^^^
...
671 |     pub fn recent_usage(&self) -> &RecentUsageTracker {
    |            ^^^^^^^^^^^^
...
680 |     pub fn add_snippet(&mut self, title: String, content: String, tags: Vec<String>) {
    |            ^^^^^^^^^^^
...
691 |     pub fn get_snippets(&self) -> &[Snippet] {
    |            ^^^^^^^^^^^^

warning: methods `to_placeholder` and `display_name` are never used
  --> platforms\windows\easyssh-winui\src\snippets.rs:56:12
   |
27 | impl SnippetVariable {
   | -------------------- methods in this implementation
...
56 |     pub fn to_placeholder(&self) -> String {
   |            ^^^^^^^^^^^^^^
...
68 |     pub fn display_name(&self) -> String {
   |            ^^^^^^^^^^^^

warning: methods `display_name` and `icon` are never used
   --> platforms\windows\easyssh-winui\src\snippets.rs:94:12
    |
93  | impl SnippetCategory {
    | -------------------- methods in this implementation
94  |     pub fn display_name(&self) -> &'static str {
    |            ^^^^^^^^^^^^
...
103 |     pub fn icon(&self) -> &'static str {
    |            ^^^^

warning: methods `with_shortcut`, `extract_variables`, `render`, and `requires_input` are never used
   --> platforms\windows\easyssh-winui\src\snippets.rs:169:12
    |
130 | impl Snippet {
    | ------------ methods in this implementation
...
169 |     pub fn with_shortcut(mut self, shortcut: impl Into<String>) -> Self {
    |            ^^^^^^^^^^^^^
...
175 |     pub fn extract_variables(&self) -> Vec<SnippetVariable> {
    |            ^^^^^^^^^^^^^^^^^
...
205 |     pub fn render(&self, values: &HashMap<String, String>) -> String {
    |            ^^^^^^
...
228 |     pub fn requires_input(&self) -> bool {
    |            ^^^^^^^^^^^^^^

warning: multiple methods are never used
   --> platforms\windows\easyssh-winui\src\snippets.rs:361:12
    |
250 | impl SnippetManager {
    | ------------------- methods in this implementation
...
361 |     pub fn all_snippets(&self) -> &[Snippet] {
    |            ^^^^^^^^^^^^
...
408 |     pub fn get_snippet(&self, id: &str) -> Option<&Snippet> {
    |            ^^^^^^^^^^^
...
430 |     pub fn search_query(&self) -> &str {
    |            ^^^^^^^^^^^^
...
440 |     pub fn selected_category(&self) -> Option<&SnippetCategory> {
    |            ^^^^^^^^^^^^^^^^^
...
445 |     pub fn snippets_by_category(&self, category: &SnippetCategory) -> Vec<&Snippet> {
    |            ^^^^^^^^^^^^^^^^^^^^
...
453 |     pub fn export_to_json(&self) -> anyhow::Result<String> {
    |            ^^^^^^^^^^^^^^
...
464 |     pub fn export_category_to_json(&self, category: &SnippetCategory) -> anyhow::Result<String> {
    |            ^^^^^^^^^^^^^^^^^^^^^^^
...
486 |     pub fn import_from_json(&mut self, json: &str) -> anyhow::Result<usize> {
    |            ^^^^^^^^^^^^^^^^
...
503 |     pub fn merge_import(&mut self, json: &str) -> anyhow::Result<(usize, usize)> {
    |            ^^^^^^^^^^^^
...
532 |     pub fn frequently_used(&self, limit: usize) -> Vec<&Snippet> {
    |            ^^^^^^^^^^^^^^^
...
539 |     pub fn find_by_tag(&self, tag: &str) -> Vec<&Snippet> {
    |            ^^^^^^^^^^^
...
547 |     pub fn find_by_shortcut(&self, shortcut: &str) -> Option<&Snippet> {
    |            ^^^^^^^^^^^^^^^^

warning: multiple fields are never read
   --> platforms\windows\easyssh-winui\src\snippets.rs:555:9
    |
554 | pub struct SnippetInputDialog {
    |            ------------------ fields in this struct
555 |     pub snippet_id: Option<String>,
    |         ^^^^^^^^^^
556 |     pub snippet_name: String,
    |         ^^^^^^^^^^^^
557 |     pub snippet_content: String,
    |         ^^^^^^^^^^^^^^^
558 |     pub variables: Vec<SnippetVariable>,
    |         ^^^^^^^^^
559 |     pub values: HashMap<String, String>,
    |         ^^^^^^
560 |     pub current_variable_idx: usize,
    |         ^^^^^^^^^^^^^^^^^^^^
561 |     pub visible: bool,
    |         ^^^^^^^
    |
    = note: `SnippetInputDialog` has derived impls for the traits `Debug` and `Clone`, but these are intentionally ignored during dead code analysis

warning: multiple associated items are never used
   --> platforms\windows\easyssh-winui\src\snippets.rs:565:12
    |
564 | impl SnippetInputDialog {
    | ----------------------- associated items in this implementation
565 |     pub fn new(snippet: &Snippet) -> Self {
    |            ^^^
...
620 |     pub fn current_variable(&self) -> Option<&SnippetVariable> {
    |            ^^^^^^^^^^^^^^^^
...
625 |     pub fn set_current_value(&mut self, value: String) -> bool {
    |            ^^^^^^^^^^^^^^^^^
...
649 |     pub fn current_default(&self) -> Option<String> {
    |            ^^^^^^^^^^^^^^^
...
657 |     pub fn current_display_name(&self) -> String {
    |            ^^^^^^^^^^^^^^^^^^^^
...
664 |     pub fn render_command(&self) -> String {
    |            ^^^^^^^^^^^^^^
...
685 |     pub fn reset(&mut self) {
    |            ^^^^^

warning: function `render_snippet_dialog` is never used
   --> platforms\windows\easyssh-winui\src\snippets_ui.rs:237:8
    |
237 | pub fn render_snippet_dialog(
    |        ^^^^^^^^^^^^^^^^^^^^^

warning: field `layout` is never read
 --> platforms\windows\easyssh-winui\src\layout_manager.rs:9:9
  |
8 | pub struct SplitLayoutManager {
  |            ------------------ field in this struct
9 |     pub layout: SplitLayout,
  |         ^^^^^^

warning: multiple associated items are never used
   --> platforms\windows\easyssh-winui\src\layout_manager.rs:22:12
    |
20  | impl SplitLayoutManager {
    | ----------------------- associated items in this implementation
21  |     /// Create with a server list panel
22  |     pub fn with_server_list() -> Self {
    |            ^^^^^^^^^^^^^^^^
...
29  |     pub fn with_terminal_layout(server_name: &str, session_id: &str) -> Self {
    |            ^^^^^^^^^^^^^^^^^^^^
...
57  |     pub fn add_terminal(&mut self, title: &str, session_id: &str) -> PanelId {
    |            ^^^^^^^^^^^^
...
64  |     pub fn add_sftp(&mut self, title: &str, session_id: &str) -> PanelId {
    |            ^^^^^^^^
...
71  |     pub fn add_monitor(&mut self, title: &str, session_id: &str) -> PanelId {
    |            ^^^^^^^^^^^
...
78  |     pub fn split_horizontal(&mut self, target_id: PanelId, panel_type: PanelType, title: &str) -> Option<PanelId> {
    |            ^^^^^^^^^^^^^^^^
...
84  |     pub fn split_vertical(&mut self, target_id: PanelId, panel_type: PanelType, title: &str) -> Option<PanelId> {
    |            ^^^^^^^^^^^^^^
...
90  |     pub fn close_panel(&mut self, id: PanelId) {
    |            ^^^^^^^^^^^
...
95  |     pub fn switch_to_panel(&mut self, idx: usize) {
    |            ^^^^^^^^^^^^^^^
...
102 |     pub fn render<F>(&mut self, ui: &mut egui::Ui, mut render_panel: F)
    |            ^^^^^^
...
112 |     pub fn active_panel(&self) -> Option<PanelId> {
    |            ^^^^^^^^^^^^
...
117 |     pub fn set_active_panel(&mut self, id: PanelId) {
    |            ^^^^^^^^^^^^^^^^
...
122 |     pub fn all_panels(&self) -> Vec<PanelId> {
    |            ^^^^^^^^^^
...
127 |     pub fn apply_preset(&mut self, preset: LayoutPreset) {
    |            ^^^^^^^^^^^^
...
148 |     pub fn save_layout(&self) -> String {
    |            ^^^^^^^^^^^
...
153 |     pub fn load_layout(&mut self, json: &str) -> Result<(), serde_json::Error> {
    |            ^^^^^^^^^^^

warning: enum `LayoutPreset` is never used
   --> platforms\windows\easyssh-winui\src\layout_manager.rs:160:10
    |
160 | pub enum LayoutPreset {
    |          ^^^^^^^^^^^^

warning: method `name` is never used
   --> platforms\windows\easyssh-winui\src\layout_manager.rs:167:12
    |
166 | impl LayoutPreset {
    | ----------------- method in this implementation
167 |     pub fn name(&self) -> &'static str {
    |            ^^^^

warning: methods `name` and `icon` are never used
  --> platforms\windows\easyssh-winui\src\split_layout.rs:38:12
   |
37 | impl PanelType {
   | -------------- methods in this implementation
38 |     pub fn name(&self) -> &'static str {
   |            ^^^^
...
47 |     pub fn icon(&self) -> &'static str {
   |            ^^^^

warning: methods `with_server` and `with_session` are never used
  --> platforms\windows\easyssh-winui\src\split_layout.rs:78:12
   |
67 | impl PanelContent {
   | ----------------- methods in this implementation
...
78 |     pub fn with_server(mut self, id: String, name: String) -> Self {
   |            ^^^^^^^^^^^
...
84 |     pub fn with_session(mut self, session_id: String) -> Self {
   |            ^^^^^^^^^^^^

warning: multiple methods are never used
   --> platforms\windows\easyssh-winui\src\split_layout.rs:124:12
    |
122 | impl LayoutNode {
    | --------------- methods in this implementation
123 |     /// Get all panel IDs in this subtree
124 |     pub fn collect_panel_ids(&self, ids: &mut Vec<PanelId>) {
    |            ^^^^^^^^^^^^^^^^^
...
136 |     pub fn find_panel(&self, id: PanelId) -> Option<&PanelContent> {
    |            ^^^^^^^^^^
...
147 |     pub fn find_panel_mut(&mut self, id: PanelId) -> Option<&mut PanelContent> {
    |            ^^^^^^^^^^^^^^
...
158 |     pub fn remove_panel(&mut self, id: PanelId) -> bool {
    |            ^^^^^^^^^^^^
...
193 |     pub fn split_horizontal(&mut self, target_id: PanelId, new_content: PanelContent) -> Option<PanelId> {
    |            ^^^^^^^^^^^^^^^^
...
220 |     pub fn split_vertical(&mut self, target_id: PanelId, new_content: PanelContent) -> Option<PanelId> {
    |            ^^^^^^^^^^^^^^
...
247 |     pub fn normalize_ratios(&mut self) {
    |            ^^^^^^^^^^^^^^^^
...
274 |     pub fn simplify(&mut self) {
    |            ^^^^^^^^

warning: variants `Left`, `Right`, `Top`, `Bottom`, and `Center` are never constructed
   --> platforms\windows\easyssh-winui\src\split_layout.rs:295:5
    |
294 | pub enum DropTarget {
    |          ---------- variants in this enum
295 |     Left,
    |     ^^^^
296 |     Right,
    |     ^^^^^
297 |     Top,
    |     ^^^
298 |     Bottom,
    |     ^^^^^^
299 |     Center, // Replace/merge
    |     ^^^^^^
    |
    = note: `DropTarget` has derived impls for the traits `Clone` and `Debug`, but these are intentionally ignored during dead code analysis

warning: multiple fields are never read
   --> platforms\windows\easyssh-winui\src\split_layout.rs:305:9
    |
304 | pub struct SplitLayout {
    |            ----------- fields in this struct
305 |     pub root: LayoutNode,
    |         ^^^^
306 |     panels: HashMap<PanelId, PanelContent>,
    |     ^^^^^^
307 |     active_panel: Option<PanelId>,
    |     ^^^^^^^^^^^^
...
310 |     dragging_panel: Option<PanelId>,
    |     ^^^^^^^^^^^^^^
311 |     drag_start_pos: Option<egui::Pos2>,
    |     ^^^^^^^^^^^^^^
...
314 |     resizing_splitter: Option<(Vec<usize>, bool)>, // (path indices, is_horizontal)
    |     ^^^^^^^^^^^^^^^^^
315 |     resize_start_pos: f32,
    |     ^^^^^^^^^^^^^^^^
316 |     resize_start_ratios: Vec<f32>,
    |     ^^^^^^^^^^^^^^^^^^^
...
319 |     panel_order: Vec<PanelId>,
    |     ^^^^^^^^^^^
    |
    = note: `SplitLayout` has a derived impl for the trait `Debug`, but this is intentionally ignored during dead code analysis

warning: multiple associated items are never used
   --> platforms\windows\easyssh-winui\src\split_layout.rs:347:12
    |
345 | impl SplitLayout {
    | ---------------- associated items in this implementation
346 |     /// Create with initial terminal panel
347 |     pub fn with_terminal(server_name: impl Into<String>, session_id: impl Into<String>) -> Self {
    |            ^^^^^^^^^^^^^
...
368 |     pub fn active_panel(&self) -> Option<PanelId> {
    |            ^^^^^^^^^^^^
...
373 |     pub fn set_active_panel(&mut self, id: PanelId) {
    |            ^^^^^^^^^^^^^^^^
...
380 |     pub fn panel_by_index(&self, idx: usize) -> Option<PanelId> {
    |            ^^^^^^^^^^^^^^
...
385 |     pub fn get_panel(&self, id: PanelId) -> Option<&PanelContent> {
    |            ^^^^^^^^^
...
390 |     pub fn get_panel_mut(&mut self, id: PanelId) -> Option<&mut PanelContent> {
    |            ^^^^^^^^^^^^^
...
395 |     pub fn add_panel(&mut self, content: PanelContent) -> PanelId {
    |            ^^^^^^^^^
...
403 |     pub fn split_panel_horizontal(&mut self, target_id: PanelId, new_content: PanelContent) -> Option<PanelId> {
    |            ^^^^^^^^^^^^^^^^^^^^^^
...
415 |     pub fn split_panel_vertical(&mut self, target_id: PanelId, new_content: PanelContent) -> Option<PanelId> {
    |            ^^^^^^^^^^^^^^^^^^^^
...
427 |     pub fn remove_panel(&mut self, id: PanelId) {
    |            ^^^^^^^^^^^^
...
439 |     pub fn all_panel_ids(&self) -> Vec<PanelId> {
    |            ^^^^^^^^^^^^^
...
446 |     pub fn update_panel_order(&mut self) {
    |            ^^^^^^^^^^^^^^^^^^
...
451 |     pub fn serialize(&self) -> String {
    |            ^^^^^^^^^
...
456 |     pub fn deserialize(&mut self, json: &str) -> Result<(), serde_json::Error> {
    |            ^^^^^^^^^^^
...
463 |     pub fn start_drag(&mut self, id: PanelId, pos: egui::Pos2) {
    |            ^^^^^^^^^^
...
469 |     pub fn end_drag(&mut self) -> Option<(PanelId, DropTarget, Option<PanelId>)> {
    |            ^^^^^^^^
...
476 |     pub fn is_dragging(&self, id: PanelId) -> bool {
    |            ^^^^^^^^^^^
...
481 |     pub fn start_resize(&mut self, path: Vec<usize>, is_horizontal: bool, pos: f32, ratios: Vec<f32>) {
    |            ^^^^^^^^^^^^
...
488 |     pub fn end_resize(&mut self) {
    |            ^^^^^^^^^^
...
493 |     pub fn is_resizing(&self) -> Option<(Vec<usize>, bool)> {
    |            ^^^^^^^^^^^
...
498 |     pub fn render<F>(&mut self, ui: &mut egui::Ui, mut render_panel: F)
    |            ^^^^^^
...
509 |     fn render_node<F>(
    |        ^^^^^^^^^^^
...
673 |     pub fn drop_target_at_pos(rect: egui::Rect, pos: egui::Pos2, threshold: f32) -> Option<DropTarget> {
    |            ^^^^^^^^^^^^^^^^^^
...
708 |     pub fn render_drop_indicators(ui: &mut egui::Ui, rect: egui::Rect, target: DropTarget) {
    |            ^^^^^^^^^^^^^^^^^^^^^^

warning: struct `LayoutPresets` is never constructed
   --> platforms\windows\easyssh-winui\src\split_layout.rs:749:12
    |
749 | pub struct LayoutPresets;
    |            ^^^^^^^^^^^^^

warning: associated functions `single`, `terminal_sftp`, `terminal_monitor`, `triple_panel`, and `quad_panel` are never used
   --> platforms\windows\easyssh-winui\src\split_layout.rs:753:12
    |
751 | impl LayoutPresets {
    | ------------------ associated functions in this implementation
752 |     /// Single panel
753 |     pub fn single(content: PanelContent) -> LayoutNode {
    |            ^^^^^^
...
761 |     pub fn terminal_sftp(terminal: PanelContent, sftp: PanelContent) -> LayoutNode {
    |            ^^^^^^^^^^^^^
...
772 |     pub fn terminal_monitor(terminal: PanelContent, monitor: PanelContent) -> LayoutNode {
    |            ^^^^^^^^^^^^^^^^
...
783 |     pub fn triple_panel(servers: PanelContent, terminal: PanelContent, sftp: PanelContent) -> LayoutNode {
    |            ^^^^^^^^^^^^
...
795 |     pub fn quad_panel(
    |            ^^^^^^^^^^

warning: constant `VERSION` is never used
  --> platforms\windows\easyssh-winui\src\terminal\mod.rs:52:11
   |
52 | pub const VERSION: &str = "0.1.0";
   |           ^^^^^^^

warning: constant `DEFAULT_COLS` is never used
  --> platforms\windows\easyssh-winui\src\terminal\mod.rs:55:11
   |
55 | pub const DEFAULT_COLS: usize = 80;
   |           ^^^^^^^^^^^^

warning: constant `DEFAULT_ROWS` is never used
  --> platforms\windows\easyssh-winui\src\terminal\mod.rs:56:11
   |
56 | pub const DEFAULT_ROWS: usize = 24;
   |           ^^^^^^^^^^^^

warning: constant `TARGET_FPS` is never used
  --> platforms\windows\easyssh-winui\src\terminal\mod.rs:59:11
   |
59 | pub const TARGET_FPS: u32 = 60;
   |           ^^^^^^^^^^

warning: constant `FRAME_TIME_MS` is never used
  --> platforms\windows\easyssh-winui\src\terminal\mod.rs:60:11
   |
60 | pub const FRAME_TIME_MS: f64 = 1000.0 / TARGET_FPS as f64;
   |           ^^^^^^^^^^^^^

warning: constant `FRAME_TIME_MICROS` is never used
  --> platforms\windows\easyssh-winui\src\terminal\mod.rs:61:11
   |
61 | pub const FRAME_TIME_MICROS: u64 = (FRAME_TIME_MS * 1000.0) as u64;
   |           ^^^^^^^^^^^^^^^^^

warning: constant `MAX_BATCH_SIZE` is never used
  --> platforms\windows\easyssh-winui\src\terminal\mod.rs:64:11
   |
64 | pub const MAX_BATCH_SIZE: usize = 1024;
   |           ^^^^^^^^^^^^^^

warning: constant `STREAMING_CHUNK_SIZE` is never used
  --> platforms\windows\easyssh-winui\src\terminal\mod.rs:65:11
   |
65 | pub const STREAMING_CHUNK_SIZE: usize = 8192;
   |           ^^^^^^^^^^^^^^^^^^^^

warning: constant `SCROLLBACK_OPTIMIZATION_THRESHOLD` is never used
  --> platforms\windows\easyssh-winui\src\terminal\mod.rs:66:11
   |
66 | pub const SCROLLBACK_OPTIMIZATION_THRESHOLD: usize = 10000;
   |           ^^^^^^^^^^^^^^^^^^^^^^^^^^^^^^^^^

warning: function `is_high_dpi` is never used
  --> platforms\windows\easyssh-winui\src\terminal\mod.rs:69:8
   |
69 | pub fn is_high_dpi(ctx: &egui::Context) -> bool {
   |        ^^^^^^^^^^^

warning: function `calculate_terminal_size` is never used
  --> platforms\windows\easyssh-winui\src\terminal\mod.rs:74:8
   |
74 | pub fn calculate_terminal_size(
   |        ^^^^^^^^^^^^^^^^^^^^^^^

warning: function `init_terminal` is never used
  --> platforms\windows\easyssh-winui\src\terminal\mod.rs:87:8
   |
87 | pub fn init_terminal() {
   |        ^^^^^^^^^^^^^

warning: field `last_update` is never read
   --> platforms\windows\easyssh-winui\src\terminal\webgl_terminal.rs:105:9
    |
98  | pub struct RenderStats {
    |            ----------- field in this struct
...
105 |     pub last_update: Instant,
    |         ^^^^^^^^^^^
    |
    = note: `RenderStats` has derived impls for the traits `Debug` and `Clone`, but these are intentionally ignored during dead code analysis

warning: multiple fields are never read
   --> platforms\windows\easyssh-winui\src\terminal\webgl_terminal.rs:158:9
    |
157 | pub struct TerminalCell {
    |            ------------ fields in this struct
158 |     pub char: char,
    |         ^^^^
159 |     pub fg_color: [u8; 4],  // RGBA
    |         ^^^^^^^^
160 |     pub bg_color: [u8; 4],  // RGBA
    |         ^^^^^^^^
161 |     pub bold: bool,
    |         ^^^^
162 |     pub italic: bool,
    |         ^^^^^^
163 |     pub underline: bool,
    |         ^^^^^^^^^
164 |     pub strikethrough: bool,
    |         ^^^^^^^^^^^^^
165 |     pub inverse: bool,
    |         ^^^^^^^
    |
    = note: `TerminalCell` has derived impls for the traits `Debug` and `Clone`, but these are intentionally ignored during dead code analysis

warning: fields `start_row`, `start_col`, `end_row`, `end_col`, and `active` are never read
   --> platforms\windows\easyssh-winui\src\terminal\webgl_terminal.rs:186:9
    |
185 | pub struct SelectionRange {
    |            -------------- fields in this struct
186 |     pub start_row: usize,
    |         ^^^^^^^^^
187 |     pub start_col: usize,
    |         ^^^^^^^^^
188 |     pub end_row: usize,
    |         ^^^^^^^
189 |     pub end_col: usize,
    |         ^^^^^^^
190 |     pub active: bool,
    |         ^^^^^^
    |
    = note: `SelectionRange` has derived impls for the traits `Debug` and `Clone`, but these are intentionally ignored during dead code analysis

warning: fields `width`, `height`, `cells`, `scroll_offset`, `selection`, and `dirty` are never read
   --> platforms\windows\easyssh-winui\src\terminal\webgl_terminal.rs:195:5
    |
194 | pub struct TerminalBuffer {
    |            -------------- fields in this struct
195 |     width: usize,
    |     ^^^^^
196 |     height: usize,
    |     ^^^^^^
197 |     cells: Vec<TerminalCell>,
    |     ^^^^^
198 |     scroll_offset: usize,
    |     ^^^^^^^^^^^^^
199 |     selection: SelectionRange,
    |     ^^^^^^^^^
200 |     dirty: bool,
    |     ^^^^^

warning: multiple associated items are never used
   --> platforms\windows\easyssh-winui\src\terminal\webgl_terminal.rs:204:12
    |
203 | impl TerminalBuffer {
    | ------------------- associated items in this implementation
204 |     pub fn new(width: usize, height: usize) -> Self {
    |            ^^^
...
216 |     pub fn resize(&mut self, width: usize, height: usize) {
    |            ^^^^^^
...
239 |     pub fn clear(&mut self) {
    |            ^^^^^
...
246 |     pub fn set_cell(&mut self, row: usize, col: usize, cell: TerminalCell) {
    |            ^^^^^^^^
...
254 |     pub fn get_cell(&self, row: usize, col: usize) -> Option<&TerminalCell> {
    |            ^^^^^^^^
...
263 |     pub fn scroll_up(&mut self, lines: usize) {
    |            ^^^^^^^^^
...
272 |     pub fn is_dirty(&self) -> bool {
    |            ^^^^^^^^
...
276 |     pub fn mark_clean(&mut self) {
    |            ^^^^^^^^^^
...
280 |     pub fn mark_dirty(&mut self) {
    |            ^^^^^^^^^^

warning: fields `config`, `buffer`, `stats`, `last_render`, `frame_time_target`, and `webview_html` are never read
   --> platforms\windows\easyssh-winui\src\terminal\webgl_terminal.rs:287:5
    |
286 | pub struct WebGlTerminal {
    |            ------------- fields in this struct
287 |     config: TerminalConfig,
    |     ^^^^^^
288 |     buffer: Arc<Mutex<TerminalBuffer>>,
    |     ^^^^^^
289 |     stats: Arc<Mutex<RenderStats>>,
    |     ^^^^^
290 |     last_render: Instant,
    |     ^^^^^^^^^^^
291 |     frame_time_target: Duration,
    |     ^^^^^^^^^^^^^^^^^
292 |     webview_html: String,
    |     ^^^^^^^^^^^^

warning: multiple associated items are never used
   --> platforms\windows\easyssh-winui\src\terminal\webgl_terminal.rs:296:12
    |
295 | impl WebGlTerminal {
    | ------------------ associated items in this implementation
296 |     pub fn new(config: TerminalConfig) -> Self {
    |            ^^^
...
322 |     fn generate_xterm_html(config: &TerminalConfig) -> String {
    |        ^^^^^^^^^^^^^^^^^^^
...
685 |     pub fn write(&mut self, data: &str) {
    |            ^^^^^
...
694 |     pub fn writeln(&mut self, data: &str) {
    |            ^^^^^^^
...
700 |     pub fn clear(&mut self) {
    |            ^^^^^
...
706 |     pub fn reset(&mut self) {
    |            ^^^^^
...
711 |     pub fn resize(&mut self, cols: usize, rows: usize) {
    |            ^^^^^^
...
719 |     pub fn dimensions(&self) -> (usize, usize) {
    |            ^^^^^^^^^^
...
724 |     pub fn get_stats(&self) -> RenderStats {
    |            ^^^^^^^^^
...
729 |     pub fn config(&self) -> &TerminalConfig {
    |            ^^^^^^
...
734 |     pub fn should_render(&self) -> bool {
    |            ^^^^^^^^^^^^^
...
740 |     pub fn mark_rendered(&mut self) {
    |            ^^^^^^^^^^^^^
...
748 |     pub fn get_webview_html(&self) -> &str {
    |            ^^^^^^^^^^^^^^^^
...
753 |     pub fn build_webview<'a>(
    |            ^^^^^^^^^^^^^

warning: function `create_default_terminal` is never used
   --> platforms\windows\easyssh-winui\src\terminal\webgl_terminal.rs:764:8
    |
764 | pub fn create_default_terminal() -> WebGlTerminal {
    |        ^^^^^^^^^^^^^^^^^^^^^^^

warning: function `create_streaming_terminal` is never used
   --> platforms\windows\easyssh-winui\src\terminal\webgl_terminal.rs:769:8
    |
769 | pub fn create_streaming_terminal() -> WebGlTerminal {
    |        ^^^^^^^^^^^^^^^^^^^^^^^^^

warning: multiple fields are never read
  --> platforms\windows\easyssh-winui\src\terminal\egui_integration.rs:35:5
   |
34 | pub struct EguiWebGlTerminal {
   |            ----------------- fields in this struct
35 |     terminal: Arc<Mutex<WebGlTerminal>>,
   |     ^^^^^^^^
36 |     webview: Option<WebView>,
37 |     message_queue: Arc<Mutex<Vec<TerminalMessage>>>,
   |     ^^^^^^^^^^^^^
38 |     last_message_id: u64,
   |     ^^^^^^^^^^^^^^^
39 |     pending_output: Arc<Mutex<Vec<String>>>,
   |     ^^^^^^^^^^^^^^
40 |     dimensions: (usize, usize),
   |     ^^^^^^^^^^
41 |     ready: bool,
   |     ^^^^^
42 |     render_stats: RenderStats,
   |     ^^^^^^^^^^^^
43 |     last_stats_update: Instant,
   |     ^^^^^^^^^^^^^^^^^
44 |     selection: String,
   |     ^^^^^^^^^

warning: multiple associated items are never used
   --> platforms\windows\easyssh-winui\src\terminal\egui_integration.rs:49:12
    |
47  | impl EguiWebGlTerminal {
    | ---------------------- associated items in this implementation
48  |     /// Create new WebGL terminal widget
49  |     pub fn new(config: TerminalConfig) -> Self {
    |            ^^^
...
69  |     pub fn default_terminal() -> Self {
    |            ^^^^^^^^^^^^^^^^
...
74  |     pub fn init_webview(&mut self, _window_handle: WindowHandle, _rect: WryRect) -> anyhow::Result<()> {
    |            ^^^^^^^^^^^^
...
86  |     pub fn write(&mut self, data: &str) {
    |            ^^^^^
...
107 |     pub fn writeln(&mut self, data: &str) {
    |            ^^^^^^^
...
113 |     pub fn clear(&mut self) {
    |            ^^^^^
...
125 |     pub fn reset(&mut self) {
    |            ^^^^^
...
137 |     pub fn focus(&mut self) {
    |            ^^^^^
...
148 |     pub fn blur(&mut self) {
    |            ^^^^
...
159 |     pub fn scroll_to_bottom(&mut self) {
    |            ^^^^^^^^^^^^^^^^
...
170 |     pub fn poll_messages(&mut self) -> Vec<TerminalMessage> {
    |            ^^^^^^^^^^^^^
...
180 |     pub fn get_selection(&self) -> &str {
    |            ^^^^^^^^^^^^^
...
185 |     pub fn select_all(&mut self) {
    |            ^^^^^^^^^^
...
196 |     pub fn render_stats(&self) -> &RenderStats {
    |            ^^^^^^^^^^^^
...
201 |     pub fn is_ready(&self) -> bool {
    |            ^^^^^^^^
...
206 |     pub fn resize(&mut self, cols: usize, rows: usize) {
    |            ^^^^^^
...
226 |     fn flush_pending(&mut self) {
    |        ^^^^^^^^^^^^^

warning: struct `WebGlTerminalWidget` is never constructed
   --> platforms\windows\easyssh-winui\src\terminal\egui_integration.rs:251:12
    |
251 | pub struct WebGlTerminalWidget {
    |            ^^^^^^^^^^^^^^^^^^^

warning: associated items `new`, `with_id`, and `show` are never used
   --> platforms\windows\easyssh-winui\src\terminal\egui_integration.rs:257:12
    |
256 | impl WebGlTerminalWidget {
    | ------------------------ associated items in this implementation
257 |     pub fn new(terminal: Arc<Mutex<EguiWebGlTerminal>>) -> Self {
    |            ^^^
...
264 |     pub fn with_id(mut self, id: egui::Id) -> Self {
    |            ^^^^^^^
...
270 |     pub fn show(self, ui: &mut Ui) -> egui::Response {
    |            ^^^^

warning: struct `WebGlTerminalBuilder` is never constructed
   --> platforms\windows\easyssh-winui\src\terminal\egui_integration.rs:348:12
    |
348 | pub struct WebGlTerminalBuilder {
    |            ^^^^^^^^^^^^^^^^^^^^

warning: multiple associated items are never used
   --> platforms\windows\easyssh-winui\src\terminal\egui_integration.rs:353:12
    |
352 | impl WebGlTerminalBuilder {
    | ------------------------- associated items in this implementation
353 |     pub fn new() -> Self {
    |            ^^^
...
359 |     pub fn with_config(config: TerminalConfig) -> Self {
    |            ^^^^^^^^^^^
...
363 |     pub fn color_support(mut self, support: super::webgl_terminal::ColorSupport) -> Self {
    |            ^^^^^^^^^^^^^
...
368 |     pub fn font_family(mut self, family: &str) -> Self {
    |            ^^^^^^^^^^^
...
373 |     pub fn font_size(mut self, size: f32) -> Self {
    |            ^^^^^^^^^
...
378 |     pub fn cursor_blink(mut self, blink: bool) -> Self {
    |            ^^^^^^^^^^^^
...
383 |     pub fn scrollback(mut self, lines: usize) -> Self {
    |            ^^^^^^^^^^
...
388 |     pub fn target_fps(mut self, fps: u32) -> Self {
    |            ^^^^^^^^^^
...
393 |     pub fn dimensions(mut self, cols: usize, rows: usize) -> Self {
    |            ^^^^^^^^^^
...
399 |     pub fn build(self) -> Arc<Mutex<EguiWebGlTerminal>> {
    |            ^^^^^

warning: struct `FrameScheduler` is never constructed
  --> platforms\windows\easyssh-winui\src\terminal\renderer.rs:12:12
   |
12 | pub struct FrameScheduler {
   |            ^^^^^^^^^^^^^^

warning: multiple associated items are never used
   --> platforms\windows\easyssh-winui\src\terminal\renderer.rs:25:12
    |
23  | impl FrameScheduler {
    | ------------------- associated items in this implementation
24  |     /// Create new scheduler targeting 60fps
25  |     pub fn new(target_fps: u32) -> Self {
    |            ^^^
...
41  |     pub fn should_render(&self) -> bool {
    |            ^^^^^^^^^^^^^
...
47  |     pub fn get_delay(&self) -> Duration {
    |            ^^^^^^^^^
...
60  |     pub fn mark_rendered(&mut self) {
    |            ^^^^^^^^^^^^^
...
81  |     pub fn current_fps(&self) -> f32 {
    |            ^^^^^^^^^^^
...
97  |     pub fn average_frame_time_ms(&self) -> f32 {
    |            ^^^^^^^^^^^^^^^^^^^^^
...
107 |     pub fn stats(&self) -> RenderStats {
    |            ^^^^^
...
117 |     pub fn set_adaptive_timing(&mut self, enabled: bool) {
    |            ^^^^^^^^^^^^^^^^^^^
...
122 |     pub fn set_vsync(&mut self, enabled: bool) {
    |            ^^^^^^^^^
...
127 |     pub fn reset_stats(&mut self) {
    |            ^^^^^^^^^^^

warning: struct `RenderStats` is never constructed
   --> platforms\windows\easyssh-winui\src\terminal\renderer.rs:142:12
    |
142 | pub struct RenderStats {
    |            ^^^^^^^^^^^

warning: struct `RenderBatch` is never constructed
   --> platforms\windows\easyssh-winui\src\terminal\renderer.rs:150:12
    |
150 | pub struct RenderBatch {
    |            ^^^^^^^^^^^

warning: multiple associated items are never used
   --> platforms\windows\easyssh-winui\src\terminal\renderer.rs:156:12
    |
155 | impl RenderBatch {
    | ---------------- associated items in this implementation
156 |     pub fn new(max_batch_size: usize) -> Self {
    |            ^^^
...
164 |     pub fn push(&mut self, op: RenderOp) -> bool {
    |            ^^^^
...
174 |     pub fn is_full(&self) -> bool {
    |            ^^^^^^^
...
179 |     pub fn is_empty(&self) -> bool {
    |            ^^^^^^^^
...
184 |     pub fn len(&self) -> usize {
    |            ^^^
...
189 |     pub fn clear(&mut self) {
    |            ^^^^^
...
194 |     pub fn execute<F>(&mut self, mut executor: F)
    |            ^^^^^^^
...
205 |     pub fn drain(&mut self) -> Vec<RenderOp> {
    |            ^^^^^

warning: enum `RenderOp` is never used
   --> platforms\windows\easyssh-winui\src\terminal\renderer.rs:218:10
    |
218 | pub enum RenderOp {
    |          ^^^^^^^^

warning: struct `TerminalRenderer` is never constructed
   --> platforms\windows\easyssh-winui\src\terminal\renderer.rs:249:12
    |
249 | pub struct TerminalRenderer {
    |            ^^^^^^^^^^^^^^^^

warning: struct `GPUContext` is never constructed
   --> platforms\windows\easyssh-winui\src\terminal\renderer.rs:257:8
    |
257 | struct GPUContext {
    |        ^^^^^^^^^^

warning: multiple associated items are never used
   --> platforms\windows\easyssh-winui\src\terminal\renderer.rs:263:12
    |
262 | impl TerminalRenderer {
    | --------------------- associated items in this implementation
263 |     pub fn new(target_fps: u32) -> Self {
    |            ^^^
...
274 |     pub fn should_render(&self) -> bool {
    |            ^^^^^^^^^^^^^
...
279 |     pub fn schedule_render<F>(&mut self, render_fn: F)
    |            ^^^^^^^^^^^^^^^
...
290 |     pub fn batch_write(&mut self, row: usize, col: usize, text: &str) {
    |            ^^^^^^^^^^^
...
318 |     pub fn execute_batch(&mut self) {
    |            ^^^^^^^^^^^^^
...
326 |     pub fn queue_update(&mut self, data: String) {
    |            ^^^^^^^^^^^^
...
334 |     pub fn process_pending<F>(&mut self, mut processor: F)
    |            ^^^^^^^^^^^^^^^
...
344 |     pub fn stats(&self) -> RenderStats {
    |            ^^^^^
...
349 |     pub fn force_render<F>(&mut self, render_fn: F)
    |            ^^^^^^^^^^^^

warning: function `create_60fps_scheduler` is never used
   --> platforms\windows\easyssh-winui\src\terminal\renderer.rs:365:8
    |
365 | pub fn create_60fps_scheduler() -> FrameScheduler {
    |        ^^^^^^^^^^^^^^^^^^^^^^

warning: function `upload_texture` is never used
   --> platforms\windows\easyssh-winui\src\terminal\renderer.rs:374:12
    |
374 |     pub fn upload_texture(width: u32, height: u32, data: &[u8]) {
    |            ^^^^^^^^^^^^^^

warning: function `create_vertex_buffer` is never used
   --> platforms\windows\easyssh-winui\src\terminal\renderer.rs:380:12
    |
380 |     pub fn create_vertex_buffer(vertices: &[[f32; 2]]) -> u32 {
    |            ^^^^^^^^^^^^^^^^^^^^

warning: function `compile_shader` is never used
   --> platforms\windows\easyssh-winui\src\terminal\renderer.rs:387:12
    |
387 |     pub fn compile_shader(source: &str, shader_type: &str) -> u32 {
    |            ^^^^^^^^^^^^^^

warning: function `check_webgl_capabilities` is never used
   --> platforms\windows\easyssh-winui\src\terminal\renderer.rs:393:12
    |
393 |     pub fn check_webgl_capabilities() -> WebGLCaps {
    |            ^^^^^^^^^^^^^^^^^^^^^^^^

warning: struct `WebGLCaps` is never constructed
   --> platforms\windows\easyssh-winui\src\terminal\renderer.rs:404:16
    |
404 |     pub struct WebGLCaps {
    |                ^^^^^^^^^

warning: multiple fields are never read
  --> platforms\windows\easyssh-winui\src\terminal\streaming.rs:15:5
   |
13 | pub struct StreamingBuffer {
   |            --------------- fields in this struct
14 |     /// Main data buffer
15 |     buffer: VecDeque<u8>,
   |     ^^^^^^
16 |     /// Maximum buffer size (10MB default)
17 |     max_size: usize,
   |     ^^^^^^^^
18 |     /// High water mark for backpressure
19 |     high_water_mark: usize,
   |     ^^^^^^^^^^^^^^^
20 |     /// Low water mark for resume
21 |     low_water_mark: usize,
   |     ^^^^^^^^^^^^^^
22 |     /// Backpressure flag
23 |     paused: bool,
   |     ^^^^^^
24 |     /// Batch processing size
25 |     batch_size: usize,
   |     ^^^^^^^^^^
26 |     /// Total bytes processed
27 |     bytes_processed: u64,
   |     ^^^^^^^^^^^^^^^
28 |     /// Total bytes received
29 |     bytes_received: u64,
   |     ^^^^^^^^^^^^^^
30 |     /// Last activity time
31 |     last_activity: Instant,
   |     ^^^^^^^^^^^^^

warning: multiple methods are never used
   --> platforms\windows\easyssh-winui\src\terminal\streaming.rs:59:12
    |
34  | impl StreamingBuffer {
    | -------------------- methods in this implementation
...
59  |     pub fn push(&mut self, data: &[u8]) -> Result<(), BufferError> {
    |            ^^^^
...
77  |     pub fn pull_batch(&mut self) -> Option<Vec<u8>> {
    |            ^^^^^^^^^^
...
97  |     pub fn is_paused(&self) -> bool {
    |            ^^^^^^^^^
...
102 |     pub fn len(&self) -> usize {
    |            ^^^
...
107 |     pub fn is_empty(&self) -> bool {
    |            ^^^^^^^^
...
112 |     pub fn clear(&mut self) {
    |            ^^^^^
...
118 |     pub fn stats(&self) -> BufferStats {
    |            ^^^^^
...
130 |     pub fn set_batch_size(&mut self, size: usize) {
    |            ^^^^^^^^^^^^^^
...
135 |     pub fn idle_duration(&self) -> Duration {
    |            ^^^^^^^^^^^^^

warning: enum `BufferError` is never used
   --> platforms\windows\easyssh-winui\src\terminal\streaming.rs:148:10
    |
148 | pub enum BufferError {
    |          ^^^^^^^^^^^

warning: struct `BufferStats` is never constructed
   --> platforms\windows\easyssh-winui\src\terminal\streaming.rs:168:12
    |
168 | pub struct BufferStats {
    |            ^^^^^^^^^^^

warning: fields `buffer`, `max_batch_size`, `flush_interval`, `last_flush`, and `pending` are never read
   --> platforms\windows\easyssh-winui\src\terminal\streaming.rs:179:5
    |
178 | pub struct DataBatcher {
    |            ----------- fields in this struct
179 |     buffer: String,
    |     ^^^^^^
180 |     max_batch_size: usize,
    |     ^^^^^^^^^^^^^^
181 |     flush_interval: Duration,
    |     ^^^^^^^^^^^^^^
182 |     last_flush: Instant,
    |     ^^^^^^^^^^
183 |     pending: VecDeque<String>,
    |     ^^^^^^^

warning: methods `push`, `flush`, `next_batch`, `has_pending`, `pending_count`, and `clear` are never used
   --> platforms\windows\easyssh-winui\src\terminal\streaming.rs:204:12
    |
186 | impl DataBatcher {
    | ---------------- methods in this implementation
...
204 |     pub fn push(&mut self, data: &str) {
    |            ^^^^
...
216 |     pub fn flush(&mut self) {
    |            ^^^^^
...
226 |     pub fn next_batch(&mut self) -> Option<String> {
    |            ^^^^^^^^^^
...
231 |     pub fn has_pending(&self) -> bool {
    |            ^^^^^^^^^^^
...
236 |     pub fn pending_count(&self) -> usize {
    |            ^^^^^^^^^^^^^
...
241 |     pub fn clear(&mut self) {
    |            ^^^^^

warning: fields `buffer`, `batcher`, `output_tx`, and `output_rx` are never read
   --> platforms\windows\easyssh-winui\src\terminal\streaming.rs:255:5
    |
254 | pub struct StreamingProcessor {
    |            ------------------ fields in this struct
255 |     buffer: Arc<Mutex<StreamingBuffer>>,
    |     ^^^^^^
256 |     batcher: Arc<Mutex<DataBatcher>>,
    |     ^^^^^^^
...
259 |     output_tx: mpsc::Sender<String>,
    |     ^^^^^^^^^
260 |     output_rx: mpsc::Receiver<String>,
    |     ^^^^^^^^^

warning: methods `start`, `push`, `recv`, `has_output`, and `stats` are never used
   --> platforms\windows\easyssh-winui\src\terminal\streaming.rs:281:12
    |
263 | impl StreamingProcessor {
    | ----------------------- methods in this implementation
...
281 |     pub fn start(&mut self) {
    |            ^^^^^
...
334 |     pub fn push(&self, data: &[u8]) -> Result<(), BufferError> {
    |            ^^^^
...
342 |     pub fn recv(&self) -> Option<String> {
    |            ^^^^
...
347 |     pub fn has_output(&self) -> bool {
    |            ^^^^^^^^^^
...
363 |     pub fn stats(&self) -> Option<BufferStats> {
    |            ^^^^^

warning: function `create_optimized_batcher` is never used
   --> platforms\windows\easyssh-winui\src\terminal\streaming.rs:392:8
    |
392 | pub fn create_optimized_batcher() -> DataBatcher {
    |        ^^^^^^^^^^^^^^^^^^^^^^^^

warning: function `estimate_processing_time` is never used
   --> platforms\windows\easyssh-winui\src\terminal\streaming.rs:404:12
    |
404 |     pub fn estimate_processing_time(bytes: usize) -> Duration {
    |            ^^^^^^^^^^^^^^^^^^^^^^^^

warning: function `optimal_batch_size` is never used
   --> platforms\windows\easyssh-winui\src\terminal\streaming.rs:411:12
    |
411 |     pub fn optimal_batch_size(target_frame_time_ms: u64) -> usize {
    |            ^^^^^^^^^^^^^^^^^^

warning: function `is_big_data` is never used
   --> platforms\windows\easyssh-winui\src\terminal\streaming.rs:418:12
    |
418 |     pub fn is_big_data(bytes: usize) -> bool {
    |            ^^^^^^^^^^^

warning: function `chunk_data` is never used
   --> platforms\windows\easyssh-winui\src\terminal\streaming.rs:423:12
    |
423 |     pub fn chunk_data(data: &[u8], chunk_size: usize) -> Vec<&[u8]> {
    |            ^^^^^^^^^^

warning: fields `active_terminal`, `stats`, and `last_stats_update` are never read
  --> platforms\windows\easyssh-winui\src\terminal\manager.rs:24:5
   |
18 | pub struct WebGlTerminalManager {
   |            -------------------- fields in this struct
...
24 |     active_terminal: Option<String>,
   |     ^^^^^^^^^^^^^^^
25 |     /// Global render stats
26 |     stats: RenderStats,
   |     ^^^^^
27 |     /// Last stats update
28 |     last_stats_update: Instant,
   |     ^^^^^^^^^^^^^^^^^

warning: multiple methods are never used
   --> platforms\windows\easyssh-winui\src\terminal\manager.rs:46:12
    |
31  | impl WebGlTerminalManager {
    | ------------------------- methods in this implementation
...
46  |     pub fn create_session(&mut self, session_id: &str, title: &str) -> Arc<Mutex<EguiWebGlTerminal>> {
    |            ^^^^^^^^^^^^^^
...
83  |     pub fn get_terminal(&self, session_id: &str) -> Option<Arc<Mutex<EguiWebGlTerminal>>> {
    |            ^^^^^^^^^^^^
...
88  |     pub fn write(&mut self, session_id: &str, data: &str) {
    |            ^^^^^
...
110 |     pub fn writeln(&mut self, session_id: &str, data: &str) {
    |            ^^^^^^^
...
116 |     pub fn clear(&mut self, session_id: &str) {
    |            ^^^^^
...
125 |     pub fn reset(&mut self, session_id: &str) {
    |            ^^^^^
...
134 |     pub fn focus(&mut self, session_id: &str) {
    |            ^^^^^
...
145 |     pub fn get_active(&self) -> Option<Arc<Mutex<EguiWebGlTerminal>>> {
    |            ^^^^^^^^^^
...
151 |     pub fn get_active_session(&self) -> Option<&str> {
    |            ^^^^^^^^^^^^^^^^^^
...
156 |     pub fn poll_streaming_output(&mut self, session_id: &str) -> Vec<String> {
    |            ^^^^^^^^^^^^^^^^^^^^^
...
169 |     pub fn update_stats(&mut self) {
    |            ^^^^^^^^^^^^
...
194 |     pub fn stats(&self) -> &RenderStats {
    |            ^^^^^
...
199 |     pub fn remove_session(&mut self, session_id: &str) {
    |            ^^^^^^^^^^^^^^
...
211 |     pub fn session_ids(&self) -> Vec<String> {
    |            ^^^^^^^^^^^
...
216 |     pub fn has_session(&self, session_id: &str) -> bool {
    |            ^^^^^^^^^^^
...
221 |     pub fn process_messages(&mut self) {
    |            ^^^^^^^^^^^^^^^^

warning: struct `FileIconTheme` is never constructed
 --> platforms\windows\easyssh-winui\src\file_icons.rs:5:12
  |
5 | pub struct FileIconTheme;
  |            ^^^^^^^^^^^^^

warning: methods `get_icon` and `get_icon_with_category` are never used
   --> platforms\windows\easyssh-winui\src\file_icons.rs:15:12
    |
13  | impl FileIconTheme {
    | ------------------ methods in this implementation
14  |     /// Get icon for a file based on name and whether it's a directory
15  |     pub fn get_icon(&self, name: &str, is_dir: bool) -> &'static str {
    |            ^^^^^^^^
...
158 |     pub fn get_icon_with_category(&self, name: &str, is_dir: bool) -> (&'static str, &'static str) {
    |            ^^^^^^^^^^^^^^^^^^^^^^

warning: enum `TransferDirection` is never used
 --> platforms\windows\easyssh-winui\src\transfer_queue.rs:8:10
  |
8 | pub enum TransferDirection {
  |          ^^^^^^^^^^^^^^^^^

warning: enum `TransferStatus` is never used
  --> platforms\windows\easyssh-winui\src\transfer_queue.rs:14:10
   |
14 | pub enum TransferStatus {
   |          ^^^^^^^^^^^^^^

warning: struct `TransferItem` is never constructed
  --> platforms\windows\easyssh-winui\src\transfer_queue.rs:23:12
   |
23 | pub struct TransferItem {
   |            ^^^^^^^^^^^^

warning: multiple associated items are never used
   --> platforms\windows\easyssh-winui\src\transfer_queue.rs:37:12
    |
36  | impl TransferItem {
    | ----------------- associated items in this implementation
37  |     pub fn new(
    |            ^^^
...
59  |     pub fn progress_percent(&self) -> f32 {
    |            ^^^^^^^^^^^^^^^^
...
67  |     pub fn elapsed_secs(&self) -> f64 {
    |            ^^^^^^^^^^^^
...
77  |     pub fn transfer_rate(&self) -> f64 {
    |            ^^^^^^^^^^^^^
...
86  |     pub fn eta_secs(&self) -> Option<f64> {
    |            ^^^^^^^^
...
100 |     pub fn direction_icon(&self) -> &'static str {
    |            ^^^^^^^^^^^^^^
...
107 |     pub fn status_icon(&self) -> &'static str {
    |            ^^^^^^^^^^^
...
117 |     pub fn format_size(size: u64) -> String {
    |            ^^^^^^^^^^^
...
133 |     pub fn format_rate(bytes_per_sec: f64) -> String {
    |            ^^^^^^^^^^^
...
149 |     pub fn status_text(&self) -> String {
    |            ^^^^^^^^^^^

warning: struct `TransferQueue` is never constructed
   --> platforms\windows\easyssh-winui\src\transfer_queue.rs:162:12
    |
162 | pub struct TransferQueue {
    |            ^^^^^^^^^^^^^

warning: multiple associated items are never used
   --> platforms\windows\easyssh-winui\src\transfer_queue.rs:169:12
    |
168 | impl TransferQueue {
    | ------------------ associated items in this implementation
169 |     pub fn new() -> Self {
    |            ^^^
...
177 |     pub fn add(
    |            ^^^
...
209 |     pub fn start_transfer(&mut self, id: &str) -> Option<&mut TransferItem> {
    |            ^^^^^^^^^^^^^^
...
219 |     pub fn update_progress(&mut self, id: &str, transferred: u64) -> Option<f32> {
    |            ^^^^^^^^^^^^^^^
...
234 |     pub fn complete_transfer(&mut self, id: &str) {
    |            ^^^^^^^^^^^^^^^^^
...
242 |     pub fn fail_transfer(&mut self, id: &str, error: &'static str) {
    |            ^^^^^^^^^^^^^
...
249 |     pub fn cancel_transfer(&mut self, id: &str) {
    |            ^^^^^^^^^^^^^^^
...
256 |     pub fn remove_item(&mut self, id: &str) {
    |            ^^^^^^^^^^^
...
260 |     pub fn get(&self, id: &str) -> Option<&TransferItem> {
    |            ^^^
...
264 |     pub fn get_mut(&mut self, id: &str) -> Option<&mut TransferItem> {
    |            ^^^^^^^
...
268 |     pub fn items(&self) -> &VecDeque<TransferItem> {
    |            ^^^^^
...
272 |     pub fn active_count(&self) -> usize {
    |            ^^^^^^^^^^^^
...
279 |     pub fn pending_count(&self) -> usize {
    |            ^^^^^^^^^^^^^
...
286 |     pub fn completed_count(&self) -> usize {
    |            ^^^^^^^^^^^^^^^
...
293 |     pub fn failed_count(&self) -> usize {
    |            ^^^^^^^^^^^^
...
300 |     pub fn total_transferred(&self) -> u64 {
    |            ^^^^^^^^^^^^^^^^^
...
308 |     pub fn clear_completed(&mut self) {
    |            ^^^^^^^^^^^^^^^
...
313 |     pub fn clear_all(&mut self) {
    |            ^^^^^^^^^
...
317 |     pub fn is_empty(&self) -> bool {
    |            ^^^^^^^^
...
321 |     pub fn len(&self) -> usize {
    |            ^^^
...
325 |     fn cleanup_completed(&mut self) {
    |        ^^^^^^^^^^^^^^^^^
...
346 |     pub fn get_next_queued(&self) -> Option<&TransferItem> {
    |            ^^^^^^^^^^^^^^^
...
352 |     pub fn has_active_transfers(&self) -> bool {
    |            ^^^^^^^^^^^^^^^^^^^^
...
358 |     pub fn overall_progress(&self) -> f32 {
    |            ^^^^^^^^^^^^^^^^

warning: struct `FilePreview` is never constructed
 --> platforms\windows\easyssh-winui\src\file_preview.rs:6:12
  |
6 | pub struct FilePreview {
  |            ^^^^^^^^^^^

warning: enum `PreviewTheme` is never used
  --> platforms\windows\easyssh-winui\src\file_preview.rs:25:10
   |
25 | pub enum PreviewTheme {
   |          ^^^^^^^^^^^^

warning: multiple associated items are never used
   --> platforms\windows\easyssh-winui\src\file_preview.rs:32:12
    |
31  | impl FilePreview {
    | ---------------- associated items in this implementation
32  |     pub fn new() -> Self {
    |            ^^^
...
52  |     pub fn open(&mut self, file_name: String, content: String) {
    |            ^^^^
...
72  |     pub fn close(&mut self) {
    |            ^^^^^
...
80  |     pub fn search(&mut self, query: &str) {
    |            ^^^^^^
...
107 |     pub fn next_match(&mut self) {
    |            ^^^^^^^^^^
...
117 |     pub fn prev_match(&mut self) {
    |            ^^^^^^^^^^
...
127 |     pub fn get_line(&self, line_idx: usize) -> Option<&str> {
    |            ^^^^^^^^
...
131 |     pub fn is_too_large(&self) -> bool {
    |            ^^^^^^^^^^^^
...
135 |     pub fn truncated_content(&self) -> String {
    |            ^^^^^^^^^^^^^^^^^
...
147 |     pub fn get_preview_summary(&self) -> String {
    |            ^^^^^^^^^^^^^^^^^^^
...
157 |     pub fn can_preview(&self, file_name: &str) -> bool {
    |            ^^^^^^^^^^^
...
236 |     fn is_text_file_by_content(&self, _file_name: &str) -> bool {
    |        ^^^^^^^^^^^^^^^^^^^^^^^
...
242 |     fn detect_language(file_name: &str) -> String {
    |        ^^^^^^^^^^^^^^^
...
343 |     fn format_number(n: usize) -> String {
    |        ^^^^^^^^^^^^^
...
353 |     pub fn zoom_in(&mut self) {
    |            ^^^^^^^
...
357 |     pub fn zoom_out(&mut self) {
    |            ^^^^^^^^
...
361 |     pub fn reset_zoom(&mut self) {
    |            ^^^^^^^^^^
...
365 |     pub fn toggle_wrap(&mut self) {
    |            ^^^^^^^^^^^
...
369 |     pub fn toggle_line_numbers(&mut self) {
    |            ^^^^^^^^^^^^^^^^^^^
...
373 |     pub fn cycle_theme(&mut self) {
    |            ^^^^^^^^^^^

warning: struct `SftpFileManager` is never constructed
  --> platforms\windows\easyssh-winui\src\sftp_file_manager.rs:15:12
   |
15 | pub struct SftpFileManager {
   |            ^^^^^^^^^^^^^^^

warning: struct `LocalEntry` is never constructed
  --> platforms\windows\easyssh-winui\src\sftp_file_manager.rs:66:12
   |
66 | pub struct LocalEntry {
   |            ^^^^^^^^^^

warning: struct `RemoteEntry` is never constructed
  --> platforms\windows\easyssh-winui\src\sftp_file_manager.rs:75:12
   |
75 | pub struct RemoteEntry {
   |            ^^^^^^^^^^^

warning: enum `PaneSide` is never used
  --> platforms\windows\easyssh-winui\src\sftp_file_manager.rs:84:10
   |
84 | pub enum PaneSide {
   |          ^^^^^^^^

warning: enum `ContextMenuTarget` is never used
  --> platforms\windows\easyssh-winui\src\sftp_file_manager.rs:90:10
   |
90 | pub enum ContextMenuTarget {
   |          ^^^^^^^^^^^^^^^^^

warning: struct `PropertiesEntry` is never constructed
  --> platforms\windows\easyssh-winui\src\sftp_file_manager.rs:99:12
   |
99 | pub struct PropertiesEntry {
   |            ^^^^^^^^^^^^^^^

warning: multiple associated items are never used
    --> platforms\windows\easyssh-winui\src\sftp_file_manager.rs:109:12
     |
108  | impl SftpFileManager {
     | -------------------- associated items in this implementation
109  |     pub fn new() -> Self {
     |            ^^^
...
151  |     pub fn render(
     |            ^^^^^^
...
247  |     fn render_local_pane(
     |        ^^^^^^^^^^^^^^^^^
...
372  |     fn render_remote_pane(
     |        ^^^^^^^^^^^^^^^^^^
...
510  |     pub fn refresh_local(&mut self) {
     |            ^^^^^^^^^^^^^
...
559  |     fn navigate_local_up(&mut self) {
     |        ^^^^^^^^^^^^^^^^^
...
566  |     fn navigate_local_to(&mut self, path: PathBuf) {
     |        ^^^^^^^^^^^^^^^^^
...
573  |     fn open_local_file(&self, path: &Path) {
     |        ^^^^^^^^^^^^^^^
...
582  |     pub fn refresh_remote(&mut self, view_model: &AppViewModel, session_id: &str) {
     |            ^^^^^^^^^^^^^^
...
612  |     fn navigate_remote_up(&mut self) {
     |        ^^^^^^^^^^^^^^^^^^
...
624  |     fn navigate_remote_to(&mut self, path: &str) {
     |        ^^^^^^^^^^^^^^^^^^
...
628  |     fn preview_remote_file(
     |        ^^^^^^^^^^^^^^^^^^^
...
656  |     fn handle_drop(
     |        ^^^^^^^^^^^
...
720  |     fn open_context_menu(&mut self, target: ContextMenuTarget, response: &egui::Response) {
     |        ^^^^^^^^^^^^^^^^^
...
726  |     fn render_context_menu(&mut self, ctx: &egui::Context) {
     |        ^^^^^^^^^^^^^^^^^^^
...
884  |     fn delete_local(&mut self, path: &Path) {
     |        ^^^^^^^^^^^^
...
897  |     fn delete_remote(&mut self, path: &str) {
     |        ^^^^^^^^^^^^^
...
905  |     fn render_new_folder_dialog(&mut self, ctx: &egui::Context) {
     |        ^^^^^^^^^^^^^^^^^^^^^^^^
...
929  |     fn render_rename_dialog(&mut self, ctx: &egui::Context) {
     |        ^^^^^^^^^^^^^^^^^^^^
...
953  |     fn render_properties_dialog(&mut self, ctx: &egui::Context) {
     |        ^^^^^^^^^^^^^^^^^^^^^^^^
...
980  |     fn render_transfer_queue(&mut self, ctx: &egui::Context) {
     |        ^^^^^^^^^^^^^^^^^^^^^
...
1017 |     fn render_file_preview(&mut self, ctx: &egui::Context) {
     |        ^^^^^^^^^^^^^^^^^^^
...
1090 |     fn create_folder(&mut self) {
     |        ^^^^^^^^^^^^^
...
1112 |     fn perform_rename(&mut self) {
     |        ^^^^^^^^^^^^^^
...
1136 |     fn format_local_breadcrumb(&self) -> String {
     |        ^^^^^^^^^^^^^^^^^^^^^^^
...
1140 |     fn format_remote_breadcrumb(&self) -> String {
     |        ^^^^^^^^^^^^^^^^^^^^^^^^
...
1144 |     fn format_size(size: u64) -> String {
     |        ^^^^^^^^^^^
...
1160 |     fn format_timestamp(timestamp: i64) -> String {
     |        ^^^^^^^^^^^^^^^^
...
1170 |     fn format_system_time(time: std::time::SystemTime) -> String {
     |        ^^^^^^^^^^^^^^^^^^

warning: function `open_file` is never used
    --> platforms\windows\easyssh-winui\src\sftp_file_manager.rs:1183:4
     |
1183 | fn open_file(path: &std::path::Path) -> std::io::Result<()> {
     |    ^^^^^^^^^

warning: methods `default_icon`, `default_title`, and `sound_id` are never used
  --> platforms\windows\easyssh-winui\src\notifications.rs:49:8
   |
48 | impl NotificationType {
   | --------------------- methods in this implementation
49 |     fn default_icon(&self) -> &'static str {
   |        ^^^^^^^^^^^^
...
66 |     fn default_title(&self) -> &'static str {
   |        ^^^^^^^^^^^^^
...
83 |     fn sound_id(&self) -> &'static str {
   |        ^^^^^^^^

warning: method `to_windows_string` is never used
   --> platforms\windows\easyssh-winui\src\notifications.rs:107:8
    |
106 | impl NotificationPriority {
    | ------------------------- method in this implementation
107 |     fn to_windows_string(&self) -> &'static str {
    |        ^^^^^^^^^^^^^^^^^

warning: multiple methods are never used
   --> platforms\windows\easyssh-winui\src\notifications.rs:285:12
    |
274 | impl NotificationManager {
    | ------------------------ methods in this implementation
...
285 |     pub fn load_settings(&self, settings: NotificationSettings) {
    |            ^^^^^^^^^^^^^
...
333 |     pub fn notify(
    |            ^^^^^^
...
408 |     fn build_toast_xml(
    |        ^^^^^^^^^^^^^^^
...
455 |     fn send_windows_toast(&self, toast_xml: &str, tag: &str) -> Result<()> {
    |        ^^^^^^^^^^^^^^^^^^
...
476 |     fn add_to_history(&self, record: NotificationRecord) {
    |        ^^^^^^^^^^^^^^
...
546 |     pub fn delete_notification(&self, notification_id: &str) -> bool {
    |            ^^^^^^^^^^^^^^^^^^^
...
554 |     pub fn notify_connection_success(&self, server_name: &str, session_id: &str) -> Option<String> {
    |            ^^^^^^^^^^^^^^^^^^^^^^^^^
...
573 |     pub fn notify_connection_failed(&self, server_name: &str, error: &str) -> Option<String> {
    |            ^^^^^^^^^^^^^^^^^^^^^^^^
...
592 |     pub fn notify_transfer_complete(&self, file_name: &str, session_id: &str, path: &str) -> Option<String> {
    |            ^^^^^^^^^^^^^^^^^^^^^^^^
...
611 |     pub fn notify_transfer_failed(&self, file_name: &str, error: &str) -> Option<String> {
    |            ^^^^^^^^^^^^^^^^^^^^^^
...
622 |     pub fn notify_cpu_alert(&self, server_name: &str, usage: f32) -> Option<String> {
    |            ^^^^^^^^^^^^^^^^
...
641 |     pub fn notify_memory_alert(&self, server_name: &str, usage: f32) -> Option<String> {
    |            ^^^^^^^^^^^^^^^^^^^
...
660 |     pub fn notify_background_running(&self) -> Option<String> {
    |            ^^^^^^^^^^^^^^^^^^^^^^^^^
...
677 |     pub fn notify_session_disconnected(&self, server_name: &str, session_id: &str) -> Option<String> {
    |            ^^^^^^^^^^^^^^^^^^^^^^^^^^^
...
696 |     pub fn update_notification_progress(&self, tag: &str, progress: u32, message: &str) -> Result<()> {
    |            ^^^^^^^^^^^^^^^^^^^^^^^^^^^^
...
731 |     pub fn dismiss_notification(&self, tag: &str) -> Result<()> {
    |            ^^^^^^^^^^^^^^^^^^^^

warning: method `toggle` is never used
  --> platforms\windows\easyssh-winui\src\notification_panel.rs:36:12
   |
25 | impl NotificationPanel {
   | ---------------------- method in this implementation
...
36 |     pub fn toggle(&mut self) {
   |            ^^^^^^

warning: method `toggle` is never used
   --> platforms\windows\easyssh-winui\src\notification_panel.rs:280:12
    |
272 | impl NotificationSettingsPanel {
    | ------------------------------ method in this implementation
...
280 |     pub fn toggle(&mut self) {
    |            ^^^^^^

warning: struct `TrayNotification` is never constructed
   --> platforms\windows\easyssh-winui\src\notification_panel.rs:387:12
    |
387 | pub struct TrayNotification {
    |            ^^^^^^^^^^^^^^^^

warning: associated items `new`, `show`, and `hide` are never used
   --> platforms\windows\easyssh-winui\src\notification_panel.rs:394:12
    |
393 | impl TrayNotification {
    | --------------------- associated items in this implementation
394 |     pub fn new() -> Self {
    |            ^^^
...
402 |     pub fn show(&mut self, message: &str, action: Option<&str>) {
    |            ^^^^
...
408 |     pub fn hide(&mut self) {
    |            ^^^^

warning: methods `when_focused` and `is_pressed` are never used
   --> platforms\windows\easyssh-winui\src\hotkeys.rs:345:12
    |
331 | impl KeyBinding {
    | --------------- methods in this implementation
...
345 |     pub fn when_focused(mut self, focused: bool) -> Self {
    |            ^^^^^^^^^^^^
...
351 |     pub fn is_pressed(&self, ctx: &egui::Context) -> bool {
    |            ^^^^^^^^^^

warning: fields `original_wndproc`, `commands`, `terminal_zoom`, and `terminal_focused` are never read
   --> platforms\windows\easyssh-winui\src\hotkeys.rs:585:5
    |
569 | pub struct HotkeyManager {
    |            ------------- fields in this struct
...
585 |     original_wndproc: Option<isize>,
    |     ^^^^^^^^^^^^^^^^
...
589 |     commands: Vec<Command>,
    |     ^^^^^^^^
...
593 |     terminal_zoom: f32,
    |     ^^^^^^^^^^^^^
594 |     /// Whether terminal has focus
595 |     terminal_focused: bool,
    |     ^^^^^^^^^^^^^^^^

warning: multiple methods are never used
   --> platforms\windows\easyssh-winui\src\hotkeys.rs:703:12
    |
598 | impl HotkeyManager {
    | ------------------ methods in this implementation
...
703 |     pub fn remove_binding(&mut self, action: &HotkeyAction) {
    |            ^^^^^^^^^^^^^^
...
714 |     pub fn get_binding(&self, action: &HotkeyAction) -> Option<&KeyBinding> {
    |            ^^^^^^^^^^^
...
719 |     pub fn check_conflict(&self, binding: &KeyBinding, exclude: Option<&HotkeyAction>) -> Option<HotkeyAction> {
    |            ^^^^^^^^^^^^^^
...
733 |     pub fn set_callback<F>(&mut self, callback: F)
    |            ^^^^^^^^^^^^
...
766 |     pub fn set_window_handle(&mut self, hwnd: HWND) {
    |            ^^^^^^^^^^^^^^^^^
...
836 |     pub fn handle_hotkey_message(&mut self, wparam: WPARAM) -> bool {
    |            ^^^^^^^^^^^^^^^^^^^^^
...
855 |     pub fn set_last_server(&mut self, server_id: String) {
    |            ^^^^^^^^^^^^^^^
...
865 |     pub fn get_terminal_zoom(&self) -> f32 {
    |            ^^^^^^^^^^^^^^^^^
...
870 |     pub fn set_terminal_zoom(&mut self, zoom: f32) {
    |            ^^^^^^^^^^^^^^^^^
...
875 |     pub fn adjust_terminal_zoom(&mut self, delta: f32) {
    |            ^^^^^^^^^^^^^^^^^^^^
...
880 |     pub fn reset_terminal_zoom(&mut self) {
    |            ^^^^^^^^^^^^^^^^^^^
...
885 |     pub fn set_terminal_focused(&mut self, focused: bool) {
    |            ^^^^^^^^^^^^^^^^^^^^
...
890 |     pub fn is_terminal_focused(&self) -> bool {
    |            ^^^^^^^^^^^^^^^^^^^
...
895 |     pub fn get_all_bindings(&self) -> &HashMap<HotkeyAction, KeyBinding> {
    |            ^^^^^^^^^^^^^^^^
...
900 |     pub fn save_config(&self) -> Result<String, serde_json::Error> {
    |            ^^^^^^^^^^^
...
909 |     pub fn load_config(&mut self, json: &str) -> Result<(), String> {
    |            ^^^^^^^^^^^

warning: field `scroll_offset` is never read
   --> platforms\windows\easyssh-winui\src\hotkeys.rs:946:9
    |
940 | pub struct CommandPalette {
    |            -------------- field in this struct
...
946 |     pub scroll_offset: f32,
    |         ^^^^^^^^^^^^^

warning: methods `toggle`, `update_query`, `get_selected`, and `render` are never used
    --> platforms\windows\easyssh-winui\src\hotkeys.rs:987:12
     |
950  | impl CommandPalette {
     | ------------------- methods in this implementation
...
987  |     pub fn toggle(&mut self) {
     |            ^^^^^^
...
996  |     pub fn update_query(&mut self, query: String) {
     |            ^^^^^^^^^^^^
...
1088 |     pub fn get_selected(&self) -> Option<&Command> {
     |            ^^^^^^^^^^^^
...
1118 |     pub fn render(&mut self, ctx: &egui::Context, ui: &mut egui::Ui) {
     |            ^^^^^^

warning: fields `visible`, `editing_action`, `recorded_keys`, `search_query`, and `conflict_warning` are never read
    --> platforms\windows\easyssh-winui\src\hotkeys.rs:1255:9
     |
1254 | pub struct HotkeySettingsUI {
     |            ---------------- fields in this struct
1255 |     pub visible: bool,
     |         ^^^^^^^
1256 |     pub editing_action: Option<HotkeyAction>,
     |         ^^^^^^^^^^^^^^
1257 |     pub recording_binding: bool,
1258 |     pub recorded_keys: Vec<Key>,
     |         ^^^^^^^^^^^^^
1259 |     pub search_query: String,
     |         ^^^^^^^^^^^^
1260 |     pub conflict_warning: Option<String>,
     |         ^^^^^^^^^^^^^^^^

warning: methods `show`, `hide`, `start_recording`, `cancel_recording`, `render`, and `handle_recording` are never used
    --> platforms\windows\easyssh-winui\src\hotkeys.rs:1275:12
     |
1263 | impl HotkeySettingsUI {
     | --------------------- methods in this implementation
...
1275 |     pub fn show(&mut self) {
     |            ^^^^
...
1283 |     pub fn hide(&mut self) {
     |            ^^^^
...
1290 |     pub fn start_recording(&mut self, action: HotkeyAction) {
     |            ^^^^^^^^^^^^^^^
...
1298 |     pub fn cancel_recording(&mut self) {
     |            ^^^^^^^^^^^^^^^^
...
1305 |     pub fn render(&mut self, ctx: &egui::Context, manager: &mut HotkeyManager, ui: &mut egui::Ui) {
     |            ^^^^^^
...
1432 |     fn handle_recording(&mut self, ctx: &egui::Context, manager: &mut HotkeyManager) {
     |        ^^^^^^^^^^^^^^^^

warning: function `modifiers_pressed` is never used
    --> platforms\windows\easyssh-winui\src\hotkeys.rs:1525:8
     |
1525 | pub fn modifiers_pressed(ctx: &egui::Context, ctrl: bool, alt: bool, shift: bool) -> bool {
     |        ^^^^^^^^^^^^^^^^^

warning: function `setup_global_hotkeys` is never used
    --> platforms\windows\easyssh-winui\src\hotkeys.rs:1535:8
     |
1535 | pub fn setup_global_hotkeys(hwnd: HWND, manager: &Arc<Mutex<HotkeyManager>>) {
     |        ^^^^^^^^^^^^^^^^^^^^

warning: static `OPTIMIZATION_LEVEL` is never used
  --> platforms\windows\easyssh-winui\src\performance\mod.rs:25:8
   |
25 | static OPTIMIZATION_LEVEL: AtomicU64 = AtomicU64::new(2); // 0=none, 1=basic, 2=full, 3=extreme
   |        ^^^^^^^^^^^^^^^^^^

warning: struct `OptimizationConfig` is never constructed
  --> platforms\windows\easyssh-winui\src\performance\mod.rs:28:12
   |
28 | pub struct OptimizationConfig {
   |            ^^^^^^^^^^^^^^^^^^

warning: struct `PerformanceOptimizer` is never constructed
  --> platforms\windows\easyssh-winui\src\performance\mod.rs:63:12
   |
63 | pub struct PerformanceOptimizer {
   |            ^^^^^^^^^^^^^^^^^^^^

warning: associated items `new`, `is_enabled`, `enable`, `disable`, `startup_time_ms`, and `apply_extreme_optimizations` are never used
  --> platforms\windows\easyssh-winui\src\performance\mod.rs:70:12
   |
69 | impl PerformanceOptimizer {
   | ------------------------- associated items in this implementation
70 |     pub fn new(config: OptimizationConfig) -> Self {
   |            ^^^
...
78 |     pub fn is_enabled(&self) -> bool {
   |            ^^^^^^^^^^
...
82 |     pub fn enable(&self) {
   |            ^^^^^^
...
86 |     pub fn disable(&self) {
   |            ^^^^^^^
...
91 |     pub fn startup_time_ms(&self) -> u128 {
   |            ^^^^^^^^^^^^^^^
...
96 |     pub fn apply_extreme_optimizations(&self) {
   |            ^^^^^^^^^^^^^^^^^^^^^^^^^^^

warning: function `optimizations_enabled` is never used
   --> platforms\windows\easyssh-winui\src\performance\mod.rs:144:8
    |
144 | pub fn optimizations_enabled() -> bool {
    |        ^^^^^^^^^^^^^^^^^^^^^

warning: function `optimization_level` is never used
   --> platforms\windows\easyssh-winui\src\performance\mod.rs:149:8
    |
149 | pub fn optimization_level() -> u64 {
    |        ^^^^^^^^^^^^^^^^^^

warning: function `set_optimization_level` is never used
   --> platforms\windows\easyssh-winui\src\performance\mod.rs:154:8
    |
154 | pub fn set_optimization_level(level: u64) {
    |        ^^^^^^^^^^^^^^^^^^^^^^

warning: function `init` is never used
   --> platforms\windows\easyssh-winui\src\performance\mod.rs:170:8
    |
170 | pub fn init() {
    |        ^^^^

warning: struct `OptimizedConnectionPool` is never constructed
  --> platforms\windows\easyssh-winui\src\performance\connection_pool.rs:12:12
   |
12 | pub struct OptimizedConnectionPool {
   |            ^^^^^^^^^^^^^^^^^^^^^^^

warning: struct `Endpoint` is never constructed
  --> platforms\windows\easyssh-winui\src\performance\connection_pool.rs:24:8
   |
24 | struct Endpoint {
   |        ^^^^^^^^

warning: associated function `new` is never used
  --> platforms\windows\easyssh-winui\src\performance\connection_pool.rs:30:8
   |
29 | impl Endpoint {
   | ------------- associated function in this implementation
30 |     fn new(host: &str, port: u16) -> Self {
   |        ^^^

warning: struct `PooledConnection` is never constructed
  --> platforms\windows\easyssh-winui\src\performance\connection_pool.rs:38:8
   |
38 | struct PooledConnection {
   |        ^^^^^^^^^^^^^^^^

warning: methods `is_expired` and `health_score` are never used
  --> platforms\windows\easyssh-winui\src\performance\connection_pool.rs:47:8
   |
46 | impl PooledConnection {
   | --------------------- methods in this implementation
47 |     fn is_expired(&self, config: &PoolConfig) -> bool {
   |        ^^^^^^^^^^
...
53 |     fn health_score(&self) -> f64 {
   |        ^^^^^^^^^^^^

warning: struct `PoolConfig` is never constructed
  --> platforms\windows\easyssh-winui\src\performance\connection_pool.rs:64:12
   |
64 | pub struct PoolConfig {
   |            ^^^^^^^^^^

warning: struct `ConnectionStats` is never constructed
  --> platforms\windows\easyssh-winui\src\performance\connection_pool.rs:96:8
   |
96 | struct ConnectionStats {
   |        ^^^^^^^^^^^^^^^

warning: associated items `new`, `acquire`, `create_connection`, `prewarm`, `start_maintenance`, and `stats` are never used
   --> platforms\windows\easyssh-winui\src\performance\connection_pool.rs:105:12
    |
104 | impl OptimizedConnectionPool {
    | ---------------------------- associated items in this implementation
105 |     pub fn new(config: PoolConfig) -> Self {
    |            ^^^
...
120 |     pub fn acquire(&self, host: &str, port: u16) -> Result<ConnectionGuard, ConnectionError> {
    |            ^^^^^^^
...
182 |     fn create_connection(&self, host: &str, port: u16) -> Result<TcpStream, ConnectionError> {
    |        ^^^^^^^^^^^^^^^^^
...
202 |     pub fn prewarm(&self, host: &str, port: u16) {
    |            ^^^^^^^
...
224 |     fn start_maintenance(&self) {
    |        ^^^^^^^^^^^^^^^^^
...
264 |     pub fn stats(&self) -> OptimizedPoolStats {
    |            ^^^^^

warning: struct `ConnectionGuard` is never constructed
   --> platforms\windows\easyssh-winui\src\performance\connection_pool.rs:285:12
    |
285 | pub struct ConnectionGuard {
    |            ^^^^^^^^^^^^^^^

warning: methods `get_stream` and `into_stream` are never used
   --> platforms\windows\easyssh-winui\src\performance\connection_pool.rs:294:12
    |
293 | impl ConnectionGuard {
    | -------------------- methods in this implementation
294 |     pub fn get_stream(&self) -> &TcpStream {
    |            ^^^^^^^^^^
...
298 |     pub fn into_stream(mut self) -> TcpStream {
    |            ^^^^^^^^^^^

warning: enum `ConnectionError` is never used
   --> platforms\windows\easyssh-winui\src\performance\connection_pool.rs:334:10
    |
334 | pub enum ConnectionError {
    |          ^^^^^^^^^^^^^^^

warning: struct `OptimizedPoolStats` is never constructed
   --> platforms\windows\easyssh-winui\src\performance\connection_pool.rs:341:12
    |
341 | pub struct OptimizedPoolStats {
    |            ^^^^^^^^^^^^^^^^^^

warning: struct `LatencyOptimizer` is never constructed
   --> platforms\windows\easyssh-winui\src\performance\connection_pool.rs:352:12
    |
352 | pub struct LatencyOptimizer {
    |            ^^^^^^^^^^^^^^^^

warning: associated items `new`, `record_latency`, and `get_optimal_endpoint` are never used
   --> platforms\windows\easyssh-winui\src\performance\connection_pool.rs:360:12
    |
359 | impl LatencyOptimizer {
    | --------------------- associated items in this implementation
360 |     pub fn new() -> Self {
    |            ^^^
...
368 |     pub fn record_latency(&self, host: &str, port: u16, latency: Duration) {
    |            ^^^^^^^^^^^^^^
...
401 |     pub fn get_optimal_endpoint(&self, host: &str, default_port: u16) -> (String, u16) {
    |            ^^^^^^^^^^^^^^^^^^^^

warning: static `GLOBAL_CONNECTION_POOL` is never used
   --> platforms\windows\easyssh-winui\src\performance\connection_pool.rs:414:8
    |
414 | static GLOBAL_CONNECTION_POOL: OnceLock<OptimizedConnectionPool> = OnceLock::new();
    |        ^^^^^^^^^^^^^^^^^^^^^^

warning: function `global_connection_pool` is never used
   --> platforms\windows\easyssh-winui\src\performance\connection_pool.rs:416:8
    |
416 | pub fn global_connection_pool() -> &'static OptimizedConnectionPool {
    |        ^^^^^^^^^^^^^^^^^^^^^^

warning: struct `MemoryTracker` is never constructed
  --> platforms\windows\easyssh-winui\src\performance\memory_pool.rs:10:12
   |
10 | pub struct MemoryTracker {
   |            ^^^^^^^^^^^^^

warning: multiple associated items are never used
  --> platforms\windows\easyssh-winui\src\performance\memory_pool.rs:18:18
   |
17 | impl MemoryTracker {
   | ------------------ associated items in this implementation
18 |     pub const fn new() -> Self {
   |                  ^^^
...
27 |     pub fn record_alloc(&self, size: usize) {
   |            ^^^^^^^^^^^^
...
36 |     pub fn record_dealloc(&self, size: usize) {
   |            ^^^^^^^^^^^^^^
...
41 |     pub fn current_usage(&self) -> usize {
   |            ^^^^^^^^^^^^^
...
45 |     pub fn peak_usage(&self) -> usize {
   |            ^^^^^^^^^^
...
49 |     pub fn allocation_count(&self) -> usize {
   |            ^^^^^^^^^^^^^^^^
...
53 |     pub fn leak_score(&self) -> i64 {
   |            ^^^^^^^^^^

warning: static `GLOBAL_TRACKER` is never used
  --> platforms\windows\easyssh-winui\src\performance\memory_pool.rs:59:12
   |
59 | pub static GLOBAL_TRACKER: MemoryTracker = MemoryTracker::new();
   |            ^^^^^^^^^^^^^^

warning: struct `TracingAllocator` is never constructed
  --> platforms\windows\easyssh-winui\src\performance\memory_pool.rs:62:12
   |
62 | pub struct TracingAllocator;
   |            ^^^^^^^^^^^^^^^^

warning: struct `ObjectPool` is never constructed
  --> platforms\windows\easyssh-winui\src\performance\memory_pool.rs:77:12
   |
77 | pub struct ObjectPool<T> {
   |            ^^^^^^^^^^

warning: associated items `new`, `acquire`, and `stats` are never used
   --> platforms\windows\easyssh-winui\src\performance\memory_pool.rs:88:12
    |
84  | / impl<T> ObjectPool<T>
85  | | where
86  | |     T: Default + Resettable,
    | |____________________________- associated items in this implementation
87  |   {
88  |       pub fn new(initial_capacity: usize, max_size: usize) -> Self {
    |              ^^^
...
99  |       pub fn acquire(&self) -> PooledObject<T> {
    |              ^^^^^^^
...
118 |       pub fn stats(&self) -> PoolStats {
    |              ^^^^^

warning: trait `Resettable` is never used
   --> platforms\windows\easyssh-winui\src\performance\memory_pool.rs:127:11
    |
127 | pub trait Resettable {
    |           ^^^^^^^^^^

warning: struct `PooledObject` is never constructed
   --> platforms\windows\easyssh-winui\src\performance\memory_pool.rs:131:12
    |
131 | pub struct PooledObject<T> {
    |            ^^^^^^^^^^^^

warning: struct `PoolStats` is never constructed
   --> platforms\windows\easyssh-winui\src\performance\memory_pool.rs:161:12
    |
161 | pub struct PoolStats {
    |            ^^^^^^^^^

warning: struct `BufferPool` is never constructed
   --> platforms\windows\easyssh-winui\src\performance\memory_pool.rs:168:12
    |
168 | pub struct BufferPool {
    |            ^^^^^^^^^^

warning: method `acquire_buffer` is never used
   --> platforms\windows\easyssh-winui\src\performance\memory_pool.rs:185:12
    |
184 | impl BufferPool {
    | --------------- method in this implementation
185 |     pub fn acquire_buffer(&self, size: usize) -> PooledObject<Vec<u8>> {
    |            ^^^^^^^^^^^^^^

warning: struct `StringPool` is never constructed
   --> platforms\windows\easyssh-winui\src\performance\memory_pool.rs:212:12
    |
212 | pub struct StringPool {
    |            ^^^^^^^^^^

warning: method `acquire` is never used
   --> platforms\windows\easyssh-winui\src\performance\memory_pool.rs:225:12
    |
224 | impl StringPool {
    | --------------- method in this implementation
225 |     pub fn acquire(&self) -> PooledObject<String> {
    |            ^^^^^^^

warning: struct `CompactSessionMetadata` is never constructed
   --> platforms\windows\easyssh-winui\src\performance\memory_pool.rs:242:12
    |
242 | pub struct CompactSessionMetadata {
    |            ^^^^^^^^^^^^^^^^^^^^^^

warning: struct `CompactString` is never constructed
   --> platforms\windows\easyssh-winui\src\performance\memory_pool.rs:254:12
    |
254 | pub struct CompactString {
    |            ^^^^^^^^^^^^^

warning: associated items `new` and `as_str` are never used
   --> platforms\windows\easyssh-winui\src\performance\memory_pool.rs:260:12
    |
259 | impl CompactString {
    | ------------------ associated items in this implementation
260 |     pub fn new(s: &str) -> Self {
    |            ^^^
...
267 |     pub fn as_str(&self) -> &str {
    |            ^^^^^^

warning: struct `SessionMemoryTracker` is never constructed
   --> platforms\windows\easyssh-winui\src\performance\memory_pool.rs:282:12
    |
282 | pub struct SessionMemoryTracker {
    |            ^^^^^^^^^^^^^^^^^^^^

warning: associated items `new`, `record_session_created`, `record_session_destroyed`, `current_sessions`, and `total_memory_bytes` are never used
   --> platforms\windows\easyssh-winui\src\performance\memory_pool.rs:288:18
    |
287 | impl SessionMemoryTracker {
    | ------------------------- associated items in this implementation
288 |     pub const fn new() -> Self {
    |                  ^^^
...
295 |     pub fn record_session_created(&self, estimated_memory: usize) {
    |            ^^^^^^^^^^^^^^^^^^^^^^
...
300 |     pub fn record_session_destroyed(&self, estimated_memory: usize) {
    |            ^^^^^^^^^^^^^^^^^^^^^^^^
...
305 |     pub fn current_sessions(&self) -> usize {
    |            ^^^^^^^^^^^^^^^^
...
309 |     pub fn total_memory_bytes(&self) -> usize {
    |            ^^^^^^^^^^^^^^^^^^

warning: static `SESSION_TRACKER` is never used
   --> platforms\windows\easyssh-winui\src\performance\memory_pool.rs:314:12
    |
314 | pub static SESSION_TRACKER: SessionMemoryTracker = SessionMemoryTracker::new();
    |            ^^^^^^^^^^^^^^^

warning: struct `PerformanceSnapshot` is never constructed
  --> platforms\windows\easyssh-winui\src\performance\monitor.rs:12:12
   |
12 | pub struct PerformanceSnapshot {
   |            ^^^^^^^^^^^^^^^^^^^

warning: struct `PerformanceHistory` is never constructed
  --> platforms\windows\easyssh-winui\src\performance\monitor.rs:39:12
   |
39 | pub struct PerformanceHistory {
   |            ^^^^^^^^^^^^^^^^^^

warning: associated items `new`, `push`, `iter`, `avg_fps`, `min_fps`, and `max_frame_time` are never used
  --> platforms\windows\easyssh-winui\src\performance\monitor.rs:45:12
   |
44 | impl PerformanceHistory {
   | ----------------------- associated items in this implementation
45 |     pub fn new(capacity: usize) -> Self {
   |            ^^^
...
52 |     pub fn push(&mut self, snapshot: PerformanceSnapshot) {
   |            ^^^^
...
59 |     pub fn iter(&self) -> impl Iterator<Item = &PerformanceSnapshot> {
   |            ^^^^
...
63 |     pub fn avg_fps(&self) -> f64 {
   |            ^^^^^^^
...
70 |     pub fn min_fps(&self) -> f64 {
   |            ^^^^^^^
...
74 |     pub fn max_frame_time(&self) -> f64 {
   |            ^^^^^^^^^^^^^^

warning: struct `PerformanceMonitor` is never constructed
  --> platforms\windows\easyssh-winui\src\performance\monitor.rs:80:12
   |
80 | pub struct PerformanceMonitor {
   |            ^^^^^^^^^^^^^^^^^^

warning: multiple associated items are never used
   --> platforms\windows\easyssh-winui\src\performance\monitor.rs:103:12
    |
102 | impl PerformanceMonitor {
    | ----------------------- associated items in this implementation
103 |     pub fn new() -> Self {
    |            ^^^
...
118 |     pub fn begin_frame(&self) {
    |            ^^^^^^^^^^^
...
141 |     fn record_snapshot(&self, frame_time_ms: f64) {
    |        ^^^^^^^^^^^^^^^
...
158 |     fn get_memory_usage_mb(&self) -> f64 {
    |        ^^^^^^^^^^^^^^^^^^^
...
165 |     pub fn record_latency(&self, operation: &str, duration_ms: f64) {
    |            ^^^^^^^^^^^^^^
...
178 |     pub fn time_operation<F, R>(&self, name: &str, f: F) -> R
    |            ^^^^^^^^^^^^^^
...
190 |     pub fn current_fps(&self) -> f64 {
    |            ^^^^^^^^^^^
...
196 |     pub fn avg_frame_time(&self) -> f64 {
    |            ^^^^^^^^^^^^^^
...
205 |     pub fn get_report(&self) -> PerformanceReport {
    |            ^^^^^^^^^^
...
233 |     pub fn reset(&self) {
    |            ^^^^^
...
241 |     pub fn record_draw_call(&self, vertex_count: u64) {
    |            ^^^^^^^^^^^^^^^^

warning: struct `PerformanceReport` is never constructed
   --> platforms\windows\easyssh-winui\src\performance\monitor.rs:248:12
    |
248 | pub struct PerformanceReport {
    |            ^^^^^^^^^^^^^^^^^

warning: struct `LatencyStats` is never constructed
   --> platforms\windows\easyssh-winui\src\performance\monitor.rs:259:12
    |
259 | pub struct LatencyStats {
    |            ^^^^^^^^^^^^

warning: struct `ScopedTimer` is never constructed
   --> platforms\windows\easyssh-winui\src\performance\monitor.rs:266:12
    |
266 | pub struct ScopedTimer {
    |            ^^^^^^^^^^^

warning: associated functions `new` and `with_monitor` are never used
   --> platforms\windows\easyssh-winui\src\performance\monitor.rs:273:12
    |
272 | impl ScopedTimer {
    | ---------------- associated functions in this implementation
273 |     pub fn new(name: &str) -> Self {
    |            ^^^
...
281 |     pub fn with_monitor(name: &str, monitor: Arc<PerformanceMonitor>) -> Self {
    |            ^^^^^^^^^^^^

warning: struct `FrameLimiter` is never constructed
   --> platforms\windows\easyssh-winui\src\performance\monitor.rs:300:12
    |
300 | pub struct FrameLimiter {
    |            ^^^^^^^^^^^^

warning: associated items `new` and `wait` are never used
   --> platforms\windows\easyssh-winui\src\performance\monitor.rs:306:12
    |
305 | impl FrameLimiter {
    | ----------------- associated items in this implementation
306 |     pub fn new(target_fps: u32) -> Self {
    |            ^^^
...
313 |     pub fn wait(&mut self) {
    |            ^^^^

warning: static `GLOBAL_MONITOR` is never used
   --> platforms\windows\easyssh-winui\src\performance\monitor.rs:325:8
    |
325 | static GLOBAL_MONITOR: OnceLock<Arc<PerformanceMonitor>> = OnceLock::new();
    |        ^^^^^^^^^^^^^^

warning: function `global_monitor` is never used
   --> platforms\windows\easyssh-winui\src\performance\monitor.rs:327:8
    |
327 | pub fn global_monitor() -> Arc<PerformanceMonitor> {
    |        ^^^^^^^^^^^^^^

warning: struct `DirtyRegionTracker` is never constructed
  --> platforms\windows\easyssh-winui\src\performance\render_optimizer.rs:11:12
   |
11 | pub struct DirtyRegionTracker {
   |            ^^^^^^^^^^^^^^^^^^

warning: associated items `new`, `mark_dirty`, `mark_full_redraw`, and `should_redraw` are never used
  --> platforms\windows\easyssh-winui\src\performance\render_optimizer.rs:19:12
   |
18 | impl DirtyRegionTracker {
   | ----------------------- associated items in this implementation
19 |     pub fn new(min_interval_ms: u64) -> Self {
   |            ^^^
...
29 |     pub fn mark_dirty(&self, rect: Rect) {
   |            ^^^^^^^^^^
...
56 |     pub fn mark_full_redraw(&self) {
   |            ^^^^^^^^^^^^^^^^
...
62 |     pub fn should_redraw(&self, screen_rect: Rect) -> Option<Vec<Rect>> {
   |            ^^^^^^^^^^^^^

warning: struct `WidgetCache` is never constructed
  --> platforms\windows\easyssh-winui\src\performance\render_optimizer.rs:86:12
   |
86 | pub struct WidgetCache<T> {
   |            ^^^^^^^^^^^

warning: struct `CachedWidget` is never constructed
  --> platforms\windows\easyssh-winui\src\performance\render_optimizer.rs:92:8
   |
92 | struct CachedWidget<T> {
   |        ^^^^^^^^^^^^

warning: associated items `new`, `get_or_create`, `cache_stats`, and `cleanup` are never used
   --> platforms\windows\easyssh-winui\src\performance\render_optimizer.rs:99:12
    |
98  | impl<T: Clone> WidgetCache<T> {
    | ----------------------------- associated items in this implementation
99  |     pub fn new(capacity: usize) -> Self {
    |            ^^^
...
110 |     pub fn get_or_create<F>(&self, key: u64, version: u64, factory: F) -> T
    |            ^^^^^^^^^^^^^
...
138 |     pub fn cache_stats(&self) -> CacheStats {
    |            ^^^^^^^^^^^
...
156 |     pub fn cleanup(&self, max_age: Duration) {
    |            ^^^^^^^

warning: struct `CacheStats` is never constructed
   --> platforms\windows\easyssh-winui\src\performance\render_optimizer.rs:167:12
    |
167 | pub struct CacheStats {
    |            ^^^^^^^^^^

warning: struct `RenderBatcher` is never constructed
   --> platforms\windows\easyssh-winui\src\performance\render_optimizer.rs:175:12
    |
175 | pub struct RenderBatcher {
    |            ^^^^^^^^^^^^^

warning: enum `BatchCommand` is never used
   --> platforms\windows\easyssh-winui\src\performance\render_optimizer.rs:181:6
    |
181 | enum BatchCommand {
    |      ^^^^^^^^^^^^

warning: associated items `new`, `add_rect`, `add_text`, and `flush` are never used
   --> platforms\windows\easyssh-winui\src\performance\render_optimizer.rs:188:12
    |
187 | impl RenderBatcher {
    | ------------------ associated items in this implementation
188 |     pub fn new(batch_size: usize) -> Self {
    |            ^^^
...
195 |     pub fn add_rect(&self, rect: Rect, color: Color32) {
    |            ^^^^^^^^
...
205 |     pub fn add_text(&self, pos: Pos2, text: String, style: TextStyle, color: Color32) {
    |            ^^^^^^^^
...
210 |     pub fn flush(&self) {
    |            ^^^^^

warning: struct `AnimationThrottler` is never constructed
   --> platforms\windows\easyssh-winui\src\performance\render_optimizer.rs:223:12
    |
223 | pub struct AnimationThrottler {
    |            ^^^^^^^^^^^^^^^^^^

warning: associated items `new`, `should_render`, and `skipped_frames` are never used
   --> platforms\windows\easyssh-winui\src\performance\render_optimizer.rs:230:12
    |
229 | impl AnimationThrottler {
    | ----------------------- associated items in this implementation
230 |     pub fn new(target_fps: u32) -> Self {
    |            ^^^
...
239 |     pub fn should_render(&self) -> bool {
    |            ^^^^^^^^^^^^^
...
253 |     pub fn skipped_frames(&self) -> u64 {
    |            ^^^^^^^^^^^^^^

warning: struct `VisibilityCuller` is never constructed
   --> platforms\windows\easyssh-winui\src\performance\render_optimizer.rs:259:12
    |
259 | pub struct VisibilityCuller {
    |            ^^^^^^^^^^^^^^^^

warning: associated items `new`, `update_viewport`, `is_visible`, and `visible_rect` are never used
   --> platforms\windows\easyssh-winui\src\performance\render_optimizer.rs:264:12
    |
263 | impl VisibilityCuller {
    | --------------------- associated items in this implementation
264 |     pub fn new() -> Self {
    |            ^^^
...
270 |     pub fn update_viewport(&self, rect: Rect) {
    |            ^^^^^^^^^^^^^^^
...
275 |     pub fn is_visible(&self, widget_rect: Rect) -> bool {
    |            ^^^^^^^^^^
...
281 |     pub fn visible_rect(&self, widget_rect: Rect) -> Option<Rect> {
    |            ^^^^^^^^^^^^

warning: struct `TextureAtlas` is never constructed
   --> platforms\windows\easyssh-winui\src\performance\render_optimizer.rs:293:12
    |
293 | pub struct TextureAtlas {
    |            ^^^^^^^^^^^^

warning: associated items `new` and `pack` are never used
   --> platforms\windows\easyssh-winui\src\performance\render_optimizer.rs:300:12
    |
299 | impl TextureAtlas {
    | ----------------- associated items in this implementation
300 |     pub fn new(size: Vec2) -> Self {
    |            ^^^
...
309 |     pub fn pack(&self, size: Vec2, texture: TextureHandle) -> Option<Rect> {
    |            ^^^^

warning: struct `GpuBufferManager` is never constructed
   --> platforms\windows\easyssh-winui\src\performance\render_optimizer.rs:332:12
    |
332 | pub struct GpuBufferManager {
    |            ^^^^^^^^^^^^^^^^

warning: associated items `new`, `allocate`, `free`, and `usage_bytes` are never used
   --> platforms\windows\easyssh-winui\src\performance\render_optimizer.rs:338:12
    |
337 | impl GpuBufferManager {
    | --------------------- associated items in this implementation
338 |     pub fn new(limit_mb: u64) -> Self {
    |            ^^^
...
346 |     pub fn allocate(&self, bytes: u64) -> bool {
    |            ^^^^^^^^
...
356 |     pub fn free(&self, bytes: u64) {
    |            ^^^^
...
360 |     pub fn usage_bytes(&self) -> u64 {
    |            ^^^^^^^^^^^

warning: struct `RenderOptimizer` is never constructed
   --> platforms\windows\easyssh-winui\src\performance\render_optimizer.rs:366:12
    |
366 | pub struct RenderOptimizer {
    |            ^^^^^^^^^^^^^^^

warning: associated items `new`, `begin_frame`, `mark_dirty`, `should_render_widget`, and `stats` are never used
   --> platforms\windows\easyssh-winui\src\performance\render_optimizer.rs:374:12
    |
373 | impl RenderOptimizer {
    | -------------------- associated items in this implementation
374 |     pub fn new() -> Self {
    |            ^^^
...
384 |     pub fn begin_frame(&self, ctx: &Context) {
    |            ^^^^^^^^^^^
...
390 |     pub fn mark_dirty(&self, rect: Rect) {
    |            ^^^^^^^^^^
...
395 |     pub fn should_render_widget(&self, widget_rect: Rect) -> bool {
    |            ^^^^^^^^^^^^^^^^^^^^
...
399 |     pub fn stats(&self) -> RenderStats {
    |            ^^^^^

warning: struct `RenderStats` is never constructed
   --> platforms\windows\easyssh-winui\src\performance\render_optimizer.rs:407:12
    |
407 | pub struct RenderStats {
    |            ^^^^^^^^^^^

warning: static `GLOBAL_RENDER_OPTIMIZER` is never used
   --> platforms\windows\easyssh-winui\src\performance\render_optimizer.rs:414:8
    |
414 | static GLOBAL_RENDER_OPTIMIZER: OnceLock<RenderOptimizer> = OnceLock::new();
    |        ^^^^^^^^^^^^^^^^^^^^^^^

warning: function `global_render_optimizer` is never used
   --> platforms\windows\easyssh-winui\src\performance\render_optimizer.rs:416:8
    |
416 | pub fn global_render_optimizer() -> &'static RenderOptimizer {
    |        ^^^^^^^^^^^^^^^^^^^^^^^

warning: function `should_animate` is never used
   --> platforms\windows\easyssh-winui\src\performance\render_optimizer.rs:422:8
    |
422 | pub fn should_animate() -> bool {
    |        ^^^^^^^^^^^^^^

warning: enum `TaskPriority` is never used
  --> platforms\windows\easyssh-winui\src\performance\thread_pool.rs:12:10
   |
12 | pub enum TaskPriority {
   |          ^^^^^^^^^^^^

warning: struct `ThreadPoolStats` is never constructed
  --> platforms\windows\easyssh-winui\src\performance\thread_pool.rs:22:12
   |
22 | pub struct ThreadPoolStats {
   |            ^^^^^^^^^^^^^^^

warning: struct `WorkStealingPool` is never constructed
  --> platforms\windows\easyssh-winui\src\performance\thread_pool.rs:32:12
   |
32 | pub struct WorkStealingPool {
   |            ^^^^^^^^^^^^^^^^

warning: struct `Worker` is never constructed
  --> platforms\windows\easyssh-winui\src\performance\thread_pool.rs:39:8
   |
39 | struct Worker {
   |        ^^^^^^

warning: struct `Task` is never constructed
  --> platforms\windows\easyssh-winui\src\performance\thread_pool.rs:44:8
   |
44 | struct Task {
   |        ^^^^

warning: struct `PoolStats` is never constructed
  --> platforms\windows\easyssh-winui\src\performance\thread_pool.rs:50:8
   |
50 | struct PoolStats {
   |        ^^^^^^^^^

warning: multiple associated items are never used
   --> platforms\windows\easyssh-winui\src\performance\thread_pool.rs:58:12
    |
57  | impl WorkStealingPool {
    | --------------------- associated items in this implementation
58  |     pub fn new(num_threads: usize) -> Self {
    |            ^^^
...
88  |     pub fn spawn<F>(&self, priority: TaskPriority, f: F)
    |            ^^^^^
...
113 |     pub fn spawn_critical<F>(&self, f: F)
    |            ^^^^^^^^^^^^^^
...
120 |     pub fn spawn_high<F>(&self, f: F)
    |            ^^^^^^^^^^
...
127 |     pub fn spawn_normal<F>(&self, f: F)
    |            ^^^^^^^^^^^^
...
134 |     pub fn spawn_low<F>(&self, f: F)
    |            ^^^^^^^^^
...
141 |     pub fn spawn_background<F>(&self, f: F)
    |            ^^^^^^^^^^^^^^^^
...
148 |     pub fn stats(&self) -> ThreadPoolStats {
    |            ^^^^^
...
171 |     pub fn shutdown(self) {
    |            ^^^^^^^^

warning: associated functions `new` and `run` are never used
   --> platforms\windows\easyssh-winui\src\performance\thread_pool.rs:182:8
    |
181 | impl Worker {
    | ----------- associated functions in this implementation
182 |     fn new(
    |        ^^^
...
198 |     fn run(
    |        ^^^

warning: struct `IoThreadPool` is never constructed
   --> platforms\windows\easyssh-winui\src\performance\thread_pool.rs:228:12
    |
228 | pub struct IoThreadPool {
    |            ^^^^^^^^^^^^

warning: associated items `new`, `spawn`, and `stats` are never used
   --> platforms\windows\easyssh-winui\src\performance\thread_pool.rs:233:12
    |
232 | impl IoThreadPool {
    | ----------------- associated items in this implementation
233 |     pub fn new(num_threads: usize) -> Self {
    |            ^^^
...
239 |     pub fn spawn<F>(&self, f: F)
    |            ^^^^^
...
246 |     pub fn stats(&self) -> ThreadPoolStats {
    |            ^^^^^

warning: struct `ComputePool` is never constructed
   --> platforms\windows\easyssh-winui\src\performance\thread_pool.rs:252:12
    |
252 | pub struct ComputePool {
    |            ^^^^^^^^^^^

warning: associated items `new` and `spawn` are never used
   --> platforms\windows\easyssh-winui\src\performance\thread_pool.rs:257:12
    |
256 | impl ComputePool {
    | ---------------- associated items in this implementation
257 |     pub fn new(num_threads: usize) -> Self {
    |            ^^^
...
265 |     pub fn spawn<F>(&self, f: F)
    |            ^^^^^

warning: static `GLOBAL_IO_POOL` is never used
   --> platforms\windows\easyssh-winui\src\performance\thread_pool.rs:276:8
    |
276 | static GLOBAL_IO_POOL: OnceLock<IoThreadPool> = OnceLock::new();
    |        ^^^^^^^^^^^^^^

warning: static `GLOBAL_COMPUTE_POOL` is never used
   --> platforms\windows\easyssh-winui\src\performance\thread_pool.rs:277:8
    |
277 | static GLOBAL_COMPUTE_POOL: OnceLock<ComputePool> = OnceLock::new();
    |        ^^^^^^^^^^^^^^^^^^^

warning: function `io_pool` is never used
   --> platforms\windows\easyssh-winui\src\performance\thread_pool.rs:279:8
    |
279 | pub fn io_pool() -> &'static IoThreadPool {
    |        ^^^^^^^

warning: function `compute_pool` is never used
   --> platforms\windows\easyssh-winui\src\performance\thread_pool.rs:283:8
    |
283 | pub fn compute_pool() -> &'static ComputePool {
    |        ^^^^^^^^^^^^

warning: struct `AsyncBridge` is never constructed
   --> platforms\windows\easyssh-winui\src\performance\thread_pool.rs:288:12
    |
288 | pub struct AsyncBridge;
    |            ^^^^^^^^^^^

warning: associated function `spawn_blocking` is never used
   --> platforms\windows\easyssh-winui\src\performance\thread_pool.rs:292:18
    |
290 | impl AsyncBridge {
    | ---------------- associated function in this implementation
291 |     /// Run blocking operation in thread pool, return future
292 |     pub async fn spawn_blocking<F, R>(f: F) -> R
    |                  ^^^^^^^^^^^^^^

warning: struct `VirtualListState` is never constructed
 --> platforms\windows\easyssh-winui\src\performance\virtual_scroll.rs:9:12
  |
9 | pub struct VirtualListState {
  |            ^^^^^^^^^^^^^^^^

warning: associated items `new`, `visible_range`, `total_height`, `set_scroll_offset`, and `set_item_count` are never used
  --> platforms\windows\easyssh-winui\src\performance\virtual_scroll.rs:23:12
   |
22 | impl VirtualListState {
   | --------------------- associated items in this implementation
23 |     pub fn new(item_count: usize, item_height: f32) -> Self {
   |            ^^^
...
34 |     pub fn visible_range(&self, viewport_height: f32) -> (usize, usize) {
   |            ^^^^^^^^^^^^^
...
45 |     pub fn total_height(&self) -> f32 {
   |            ^^^^^^^^^^^^
...
50 |     pub fn set_scroll_offset(&mut self, offset: f32) {
   |            ^^^^^^^^^^^^^^^^^
...
55 |     pub fn set_item_count(&mut self, count: usize) {
   |            ^^^^^^^^^^^^^^

warning: struct `VirtualList` is never constructed
  --> platforms\windows\easyssh-winui\src\performance\virtual_scroll.rs:61:12
   |
61 | pub struct VirtualList<'a, T> {
   |            ^^^^^^^^^^^

warning: associated items `new`, `with_selection`, and `show` are never used
  --> platforms\windows\easyssh-winui\src\performance\virtual_scroll.rs:69:12
   |
68 | impl<'a, T> VirtualList<'a, T> {
   | ------------------------------ associated items in this implementation
69 |     pub fn new(
   |            ^^^
...
82 |     pub fn with_selection(mut self, selection: &'a mut usize) -> Self {
   |            ^^^^^^^^^^^^^^
...
87 |     pub fn show(mut self, ui: &mut Ui) -> Response {
   |            ^^^^

warning: struct `ServerVirtualList` is never constructed
   --> platforms\windows\easyssh-winui\src\performance\virtual_scroll.rs:147:12
    |
147 | pub struct ServerVirtualList {
    |            ^^^^^^^^^^^^^^^^^

warning: associated items `new`, `update_filter`, `get_filtered_item`, `render`, `handle_scroll`, and `set_scroll_offset` are never used
   --> platforms\windows\easyssh-winui\src\performance\virtual_scroll.rs:154:12
    |
153 | impl ServerVirtualList {
    | ---------------------- associated items in this implementation
154 |     pub fn new(total_servers: usize) -> Self {
    |            ^^^
...
163 |     pub fn update_filter<F>(&mut self, servers: &[ServerItem], filter: &str, filter_fn: F)
    |            ^^^^^^^^^^^^^
...
184 |     pub fn get_filtered_item<'a>(&self, servers: &'a [ServerItem], idx: usize) -> Option<&'a ServerItem> {
    |            ^^^^^^^^^^^^^^^^^
...
189 |     pub fn render<F>(
    |            ^^^^^^
...
242 |     pub fn handle_scroll(&mut self, delta: Vec2) {
    |            ^^^^^^^^^^^^^
...
246 |     pub fn set_scroll_offset(&mut self, offset: f32) {
    |            ^^^^^^^^^^^^^^^^^

warning: struct `ServerItem` is never constructed
   --> platforms\windows\easyssh-winui\src\performance\virtual_scroll.rs:253:12
    |
253 | pub struct ServerItem {
    |            ^^^^^^^^^^

warning: struct `FileVirtualList` is never constructed
   --> platforms\windows\easyssh-winui\src\performance\virtual_scroll.rs:265:12
    |
265 | pub struct FileVirtualList {
    |            ^^^^^^^^^^^^^^^

warning: associated items `new`, `update_count`, and `render` are never used
   --> platforms\windows\easyssh-winui\src\performance\virtual_scroll.rs:270:12
    |
269 | impl FileVirtualList {
    | -------------------- associated items in this implementation
270 |     pub fn new(file_count: usize) -> Self {
    |            ^^^
...
276 |     pub fn update_count(&mut self, count: usize) {
    |            ^^^^^^^^^^^^
...
281 |     pub fn render<'a, T, F>(
    |            ^^^^^^

warning: struct `WidgetRecyclePool` is never constructed
   --> platforms\windows\easyssh-winui\src\performance\virtual_scroll.rs:308:12
    |
308 | pub struct WidgetRecyclePool {
    |            ^^^^^^^^^^^^^^^^^

warning: struct `WidgetState` is never constructed
   --> platforms\windows\easyssh-winui\src\performance\virtual_scroll.rs:312:8
    |
312 | struct WidgetState {
    |        ^^^^^^^^^^^

warning: associated items `new`, `acquire_id`, and `cleanup_stale` are never used
   --> platforms\windows\easyssh-winui\src\performance\virtual_scroll.rs:327:12
    |
326 | impl WidgetRecyclePool {
    | ---------------------- associated items in this implementation
327 |     pub fn new() -> Self {
    |            ^^^
...
334 |     pub fn acquire_id(&self, index: usize) -> Id {
    |            ^^^^^^^^^^
...
352 |     pub fn cleanup_stale(&self, max_age: std::time::Duration) {
    |            ^^^^^^^^^^^^^

warning: struct `RecycledListView` is never constructed
   --> platforms\windows\easyssh-winui\src\performance\virtual_scroll.rs:360:12
    |
360 | pub struct RecycledListView<'a, T> {
    |            ^^^^^^^^^^^^^^^^

warning: associated items `new`, `with_scroll_offset`, and `render` are never used
   --> platforms\windows\easyssh-winui\src\performance\virtual_scroll.rs:368:12
    |
367 | impl<'a, T> RecycledListView<'a, T> {
    | ----------------------------------- associated items in this implementation
368 |     pub fn new(
    |            ^^^
...
381 |     pub fn with_scroll_offset(mut self, offset: f32) -> Self {
    |            ^^^^^^^^^^^^^^^^^^
...
386 |     pub fn render<F>(&self, ui: &mut Ui, mut render_fn: F)
    |            ^^^^^^

warning: struct `PerformancePanel` is never constructed
 --> platforms\windows\easyssh-winui\src\performance_panel.rs:8:12
  |
8 | pub struct PerformancePanel {
  |            ^^^^^^^^^^^^^^^^

warning: struct `PerformanceSnapshot` is never constructed
  --> platforms\windows\easyssh-winui\src\performance_panel.rs:15:8
   |
15 | struct PerformanceSnapshot {
   |        ^^^^^^^^^^^^^^^^^^^

warning: associated items `new`, `toggle`, `is_visible`, `update`, `render`, and `render_content` are never used
  --> platforms\windows\easyssh-winui\src\performance_panel.rs:24:12
   |
23 | impl PerformancePanel {
   | --------------------- associated items in this implementation
24 |     pub fn new() -> Self {
   |            ^^^
...
32 |     pub fn toggle(&mut self) {
   |            ^^^^^^
...
36 |     pub fn is_visible(&self) -> bool {
   |            ^^^^^^^^^^
...
40 |     pub fn update(&mut self, fps: f64, frame_time_ms: f64) {
   |            ^^^^^^
...
58 |     pub fn render(&mut self, ctx: &Context) {
   |            ^^^^^^
...
74 |     fn render_content(&self, ui: &mut Ui, report: &PerformanceReport) {
   |        ^^^^^^^^^^^^^^

warning: function `render_performance_overlay` is never used
   --> platforms\windows\easyssh-winui\src\performance_panel.rs:209:8
    |
209 | pub fn render_performance_overlay(ctx: &Context, fps: f64, frame_time_ms: f64) {
    |        ^^^^^^^^^^^^^^^^^^^^^^^^^^

warning: field `show_conflict_dialog` is never read
  --> platforms\windows\easyssh-winui\src\settings.rs:17:9
   |
11 | pub struct SettingsPanel {
   |            ------------- field in this struct
...
17 |     pub show_conflict_dialog: bool,
   |         ^^^^^^^^^^^^^^^^^^^^

warning: method `open` is never used
  --> platforms\windows\easyssh-winui\src\settings.rs:83:12
   |
82 | impl SettingsPanel {
   | ------------------ method in this implementation
83 |     pub fn open(&mut self) {
   |            ^^^^

warning: methods `get_ansi_color` and `by_name` are never used
   --> platforms\windows\easyssh-winui\src\theme_system.rs:564:12
    |
182 | impl TerminalPalette {
    | -------------------- methods in this implementation
...
564 |     pub fn get_ansi_color(&self, index: u8) -> Color32 {
    |            ^^^^^^^^^^^^^^
...
573 |     pub fn by_name(&self, name: &str) -> Option<Color32> {
    |            ^^^^^^^

warning: method `get_color` is never used
   --> platforms\windows\easyssh-winui\src\theme_system.rs:682:12
    |
660 | impl SemanticHighlighting {
    | ------------------------- method in this implementation
...
682 |     pub fn get_color(&self, token_type: SemanticTokenType) -> Color32 {
    |            ^^^^^^^^^

warning: method `to_f32` is never used
   --> platforms\windows\easyssh-winui\src\theme_system.rs:718:12
    |
717 | impl FontWeight {
    | --------------- method in this implementation
718 |     pub fn to_f32(&self) -> f32 {
    |            ^^^^^^

warning: associated items `current_theme_id` and `get_system_theme` are never used
    --> platforms\windows\easyssh-winui\src\theme_system.rs:1114:12
     |
1112 | impl DynamicThemeConfig {
     | ----------------------- associated items in this implementation
1113 |     /// Get current theme based on time
1114 |     pub fn current_theme_id(&self) -> &str {
     |            ^^^^^^^^^^^^^^^^
...
1131 |     pub fn get_system_theme() -> Option<bool> {
     |            ^^^^^^^^^^^^^^^^

warning: associated items `load_cache`, `save_cache`, and `cache_path` are never used
    --> platforms\windows\easyssh-winui\src\theme_system.rs:1172:12
     |
1170 | impl ThemeStore {
     | --------------- associated items in this implementation
1171 |     /// Load store from cache
1172 |     pub fn load_cache() -> Option<Self> {
     |            ^^^^^^^^^^
...
1182 |     pub fn save_cache(&self) -> anyhow::Result<()> {
     |            ^^^^^^^^^^
...
1190 |     fn cache_path() -> Option<PathBuf> {
     |        ^^^^^^^^^^

warning: method `update_dynamic_theme` is never used
    --> platforms\windows\easyssh-winui\src\theme_system.rs:1537:12
     |
1413 | impl ThemeManager {
     | ----------------- method in this implementation
...
1537 |     pub fn update_dynamic_theme(&mut self) {
     |            ^^^^^^^^^^^^^^^^^^^^

warning: variant `VSCode` is never constructed
    --> platforms\windows\easyssh-winui\src\theme_system.rs:1569:5
     |
1568 | pub enum ExportFormat {
     |          ------------ variant in this enum
1569 |     VSCode,
     |     ^^^^^^
     |
     = note: `ExportFormat` has derived impls for the traits `Debug` and `Clone`, but these are intentionally ignored during dead code analysis

warning: field `preview_text` is never read
    --> platforms\windows\easyssh-winui\src\theme_system.rs:1584:9
     |
1577 | pub struct ThemeEditor {
     |            ----------- field in this struct
...
1584 |     pub preview_text: String,
     |         ^^^^^^^^^^^^

warning: methods `get_color_mut` and `render_sem_color_button` are never used
    --> platforms\windows\easyssh-winui\src\theme_system.rs:1926:8
     |
1610 | impl ThemeEditor {
     | ---------------- methods in this implementation
...
1926 |     fn get_color_mut(&mut self, color_id: &str) -> &mut Color32 {
     |        ^^^^^^^^^^^^^
...
2144 |     fn render_sem_color_button(&self, ui: &mut egui::Ui, label: &str, color: &mut Color32) {
     |        ^^^^^^^^^^^^^^^^^^^^^^^

warning: method `close` is never used
    --> platforms\windows\easyssh-winui\src\theme_system.rs:2332:12
     |
2327 | impl ThemeGallery {
     | ----------------- method in this implementation
...
2332 |     pub fn close(&mut self) {
     |            ^^^^^

warning: function `render_theme_settings` is never used
    --> platforms\windows\easyssh-winui\src\theme_system.rs:2618:8
     |
2618 | pub fn render_theme_settings(ui: &mut egui::Ui, manager: &mut ThemeManager, gallery: &mut ThemeGallery, editor: &mut ThemeEditor) {
     |        ^^^^^^^^^^^^^^^^^^^^^

warning: fields `selected_template`, `show_topology`, `last_stats_refresh`, and `stats_cache` are never read
  --> platforms\windows\easyssh-winui\src\port_forward_dialog.rs:37:9
   |
23 | pub struct PortForwardDialog {
   |            ----------------- fields in this struct
...
37 |     pub selected_template: Option<String>,
   |         ^^^^^^^^^^^^^^^^^
...
52 |     pub show_topology: bool,
   |         ^^^^^^^^^^^^^
...
55 |     pub last_stats_refresh: Option<std::time::Instant>,
   |         ^^^^^^^^^^^^^^^^^^
56 |     pub stats_cache: HashMap<String, TrafficStatsDto>,
   |         ^^^^^^^^^^^

warning: methods `open`, `close`, and `is_open` are never used
  --> platforms\windows\easyssh-winui\src\pages\enterprise_vault_ui.rs:19:12
   |
12 | impl EnterpriseVaultWindow {
   | -------------------------- methods in this implementation
...
19 |     pub fn open(&mut self) {
   |            ^^^^
...
23 |     pub fn close(&mut self) {
   |            ^^^^^
...
27 |     pub fn is_open(&self) -> bool {
   |            ^^^^^^^

warning: variant `Gateway` is never constructed
  --> platforms\windows\easyssh-winui\src\remote_desktop_ui.rs:97:5
   |
92 | pub enum SettingsSection {
   |          --------------- variant in this enum
...
97 |     Gateway,
   |     ^^^^^^^
   |
   = note: `SettingsSection` has derived impls for the traits `Clone` and `Debug`, but these are intentionally ignored during dead code analysis

warning: field `desktop_scale_factor` is never read
   --> platforms\windows\easyssh-winui\src\remote_desktop_ui.rs:111:9
    |
102 | pub struct DisplaySettingsUI {
    |            ----------------- field in this struct
...
111 |     pub desktop_scale_factor: u32,
    |         ^^^^^^^^^^^^^^^^^^^^
    |
    = note: `DisplaySettingsUI` has derived impls for the traits `Clone` and `Debug`, but these are intentionally ignored during dead code analysis

warning: fields `drag_drop_state` and `clipboard_sync_enabled` are never read
   --> platforms\windows\easyssh-winui\src\remote_desktop_ui.rs:309:9
    |
302 | pub struct RemoteDesktopManagerUI {
    |            ---------------------- fields in this struct
...
309 |     pub drag_drop_state: DragDropState,
    |         ^^^^^^^^^^^^^^^
310 |     pub clipboard_sync_enabled: bool,
    |         ^^^^^^^^^^^^^^^^^^^^^^

warning: fields `id`, `connection_id`, and `recording_duration` are never read
   --> platforms\windows\easyssh-winui\src\remote_desktop_ui.rs:315:9
    |
314 | pub struct RemoteDesktopSessionUI {
    |            ---------------------- fields in this struct
315 |     pub id: String,
    |         ^^
316 |     pub connection_id: String,
    |         ^^^^^^^^^^^^^
...
323 |     pub recording_duration: Option<std::time::Duration>,
    |         ^^^^^^^^^^^^^^^^^^
    |
    = note: `RemoteDesktopSessionUI` has derived impls for the traits `Clone` and `Debug`, but these are intentionally ignored during dead code analysis

warning: variant `Error` is never constructed
   --> platforms\windows\easyssh-winui\src\remote_desktop_ui.rs:332:5
    |
328 | pub enum SessionStatus {
    |          ------------- variant in this enum
...
332 |     Error,
    |     ^^^^^
    |
    = note: `SessionStatus` has derived impls for the traits `Clone` and `Debug`, but these are intentionally ignored during dead code analysis

warning: fields `is_dragging`, `drag_source`, `drop_target`, and `files_being_dragged` are never read
   --> platforms\windows\easyssh-winui\src\remote_desktop_ui.rs:345:9
    |
344 | pub struct DragDropState {
    |            ------------- fields in this struct
345 |     pub is_dragging: bool,
    |         ^^^^^^^^^^^
346 |     pub drag_source: Option<String>,
    |         ^^^^^^^^^^^
347 |     pub drop_target: Option<String>,
    |         ^^^^^^^^^^^
348 |     pub files_being_dragged: Vec<String>,
    |         ^^^^^^^^^^^^^^^^^^^
    |
    = note: `DragDropState` has derived impls for the traits `Clone` and `Debug`, but these are intentionally ignored during dead code analysis

warning: method `get_connection_mut` is never used
   --> platforms\windows\easyssh-winui\src\remote_desktop_ui.rs:378:12
    |
351 | impl RemoteDesktopManagerUI {
    | --------------------------- method in this implementation
...
378 |     pub fn get_connection_mut(&mut self, id: &str) -> Option<&mut RemoteDesktopConnectionUI> {
    |            ^^^^^^^^^^^^^^^^^^

warning: struct `RemoteDesktopViewer` is never constructed
 --> platforms\windows\easyssh-winui\src\embedded_rdp.rs:8:12
  |
8 | pub struct RemoteDesktopViewer;
  |            ^^^^^^^^^^^^^^^^^^^

warning: enum `RemoteDesktopType` is never used
  --> platforms\windows\easyssh-winui\src\embedded_rdp.rs:11:10
   |
11 | pub enum RemoteDesktopType {
   |          ^^^^^^^^^^^^^^^^^

warning: struct `ConnectionSettings` is never constructed
  --> platforms\windows\easyssh-winui\src\embedded_rdp.rs:18:12
   |
18 | pub struct ConnectionSettings {
   |            ^^^^^^^^^^^^^^^^^^

warning: enum `ViewerState` is never used
  --> platforms\windows\easyssh-winui\src\embedded_rdp.rs:27:10
   |
27 | pub enum ViewerState {
   |          ^^^^^^^^^^^

warning: enum `RemoteDesktopError` is never used
  --> platforms\windows\easyssh-winui\src\embedded_rdp.rs:35:10
   |
35 | pub enum RemoteDesktopError {
   |          ^^^^^^^^^^^^^^^^^^

warning: multiple associated items are never used
  --> platforms\windows\easyssh-winui\src\embedded_rdp.rs:56:12
   |
55 | impl RemoteDesktopViewer {
   | ------------------------ associated items in this implementation
56 |     pub fn new(_parent: egui::Rect, _settings: ConnectionSettings, _type: RemoteDesktopType) -> Result<Self, RemoteDesktopError> {
   |            ^^^
...
60 |     pub fn connect(&mut self) -> Result<(), RemoteDesktopError> {
   |            ^^^^^^^
...
64 |     pub fn disconnect(&mut self) {
   |            ^^^^^^^^^^
...
68 |     pub fn state(&self) -> ViewerState {
   |            ^^^^^
...
72 |     pub fn render(&mut self, ui: &mut egui::Ui) {
   |            ^^^^^^
...
77 |     pub fn resize(&mut self, _width: u32, _height: u32) {
   |            ^^^^^^
...
81 |     pub fn handle_input(&mut self, _event: &egui::Event) {
   |            ^^^^^^^^^^^^
...
85 |     pub fn take_screenshot(&self) -> Option<Vec<u8>> {
   |            ^^^^^^^^^^^^^^^
...
89 |     pub fn start_recording(&mut self, _path: std::path::PathBuf) -> Result<(), RemoteDesktopError> {
   |            ^^^^^^^^^^^^^^^
...
93 |     pub fn stop_recording(&mut self) {
   |            ^^^^^^^^^^^^^^

warning: struct `RemoteDesktopManagerUI` is never constructed
   --> platforms\windows\easyssh-winui\src\embedded_rdp.rs:100:12
    |
100 | pub struct RemoteDesktopManagerUI;
    |            ^^^^^^^^^^^^^^^^^^^^^^

warning: associated items `new`, `render`, `open_connection_dialog`, and `has_active_connections` are never used
   --> platforms\windows\easyssh-winui\src\embedded_rdp.rs:103:12
    |
102 | impl RemoteDesktopManagerUI {
    | --------------------------- associated items in this implementation
103 |     pub fn new() -> Self {
    |            ^^^
...
107 |     pub fn render(&mut self, ui: &mut egui::Ui) {
    |            ^^^^^^
...
113 |     pub fn open_connection_dialog(&mut self) {}
    |            ^^^^^^^^^^^^^^^^^^^^^^
114 |
115 |     pub fn has_active_connections(&self) -> bool {
    |            ^^^^^^^^^^^^^^^^^^^^^^

warning: struct `RecordingState` is never constructed
   --> platforms\windows\easyssh-winui\src\embedded_rdp.rs:122:12
    |
122 | pub struct RecordingState;
    |            ^^^^^^^^^^^^^^

warning: associated items `new`, `add_viewer`, `remove_viewer`, `get_viewer`, and `render_viewer` are never used
   --> platforms\windows\easyssh-winui\src\embedded_rdp.rs:129:12
    |
128 | impl RemoteDesktopViewerManager {
    | ------------------------------- associated items in this implementation
129 |     pub fn new() -> Self {
    |            ^^^
...
133 |     pub fn add_viewer(&mut self, _viewer: RemoteDesktopViewer) -> String {
    |            ^^^^^^^^^^
...
137 |     pub fn remove_viewer(&mut self, _id: &str) {}
    |            ^^^^^^^^^^^^^
138 |
139 |     pub fn get_viewer(&mut self, _id: &str) -> Option<&mut RemoteDesktopViewer> {
    |            ^^^^^^^^^^
...
143 |     pub fn render_viewer(&mut self, _id: &str, _ui: &mut egui::Ui) {
    |            ^^^^^^^^^^^^^

warning: struct `WorkflowEditor` is never constructed
  --> platforms\windows\easyssh-winui\src\workflow_editor.rs:11:12
   |
11 | pub struct WorkflowEditor {
   |            ^^^^^^^^^^^^^^

warning: multiple associated items are never used
   --> platforms\windows\easyssh-winui\src\workflow_editor.rs:47:12
    |
46  | impl WorkflowEditor {
    | ------------------- associated items in this implementation
47  |     pub fn new(workflow: Workflow) -> Self {
    |            ^^^
...
68  |     pub fn with_new(name: &str) -> Self {
    |            ^^^^^^^^
...
72  |     pub fn ui(&mut self, ui: &mut Ui) -> WorkflowEditorResponse {
    |            ^^
...
120 |     fn render_toolbar(&mut self, ui: &mut Ui, response: &mut WorkflowEditorResponse) {
    |        ^^^^^^^^^^^^^^
...
165 |     fn render_canvas(&mut self, ui: &mut Ui, rect: Rect, response: &mut WorkflowEditorResponse) -> Response {
    |        ^^^^^^^^^^^^^
...
266 |     fn draw_grid(&self, painter: &egui::Painter, rect: Rect) {
    |        ^^^^^^^^^
...
294 |     fn draw_connections(&self, painter: &egui::Painter, rect: Rect) {
    |        ^^^^^^^^^^^^^^^^
...
332 |     fn draw_connection_line(&self, painter: &egui::Painter, start: Pos2, end: Pos2, color: Color32, is_true_branch: bool) {
    |        ^^^^^^^^^^^^^^^^^^^^
...
378 |     fn bezier_point(&self, p0: Pos2, p1: Pos2, p2: Pos2, p3: Pos2, t: f32) -> Pos2 {
    |        ^^^^^^^^^^^^
...
391 |     fn draw_step(&self, ui: &mut Ui, rect: Rect, step: &WorkflowStep, painter: &egui::Painter) -> Option<(Response, Rect)> {
    |        ^^^^^^^^^
...
465 |     fn get_step_style(&self, step: &WorkflowStep) -> (Color32, Color32, &'static str) {
    |        ^^^^^^^^^^^^^^
...
489 |     fn get_step_type_color(&self, step_type: &StepType) -> Color32 {
    |        ^^^^^^^^^^^^^^^^^^^
...
509 |     fn render_sidebar(&mut self, ui: &mut Ui, rect: Rect, response: &mut WorkflowEditorResponse) {
    |        ^^^^^^^^^^^^^^
...
526 |     fn render_step_properties(&mut self, ui: &mut Ui, step: &WorkflowStep, response: &mut WorkflowEditorResponse) {
    |        ^^^^^^^^^^^^^^^^^^^^^^
...
654 |     fn render_workflow_properties(&mut self, ui: &mut Ui, _response: &mut WorkflowEditorResponse) {
    |        ^^^^^^^^^^^^^^^^^^^^^^^^^^
...
699 |     fn render_step_type_selector(&mut self, ui: &mut Ui, pos: Pos2, _response: &mut WorkflowEditorResponse) {
    |        ^^^^^^^^^^^^^^^^^^^^^^^^^
...
745 |     fn screen_to_canvas(&self, screen_pos: Pos2, rect: Rect) -> Pos2 {
    |        ^^^^^^^^^^^^^^^^
...
752 |     fn canvas_to_screen(&self, canvas_pos: Pos2, rect: Rect) -> Pos2 {
    |        ^^^^^^^^^^^^^^^^
...
760 |     pub fn process_response(&mut self, response: &WorkflowEditorResponse) {
    |            ^^^^^^^^^^^^^^^^
...
779 |     pub fn workflow(&self) -> &Workflow {
    |            ^^^^^^^^
...
784 |     pub fn set_workflow(&mut self, workflow: Workflow) {
    |            ^^^^^^^^^^^^

warning: struct `WorkflowEditorResponse` is never constructed
   --> platforms\windows\easyssh-winui\src\workflow_editor.rs:792:12
    |
792 | pub struct WorkflowEditorResponse {
    |            ^^^^^^^^^^^^^^^^^^^^^^

warning: struct `ScriptLibraryBrowser` is never constructed
   --> platforms\windows\easyssh-winui\src\workflow_editor.rs:802:12
    |
802 | pub struct ScriptLibraryBrowser {
    |            ^^^^^^^^^^^^^^^^^^^^

warning: enum `LibraryViewMode` is never used
   --> platforms\windows\easyssh-winui\src\workflow_editor.rs:810:10
    |
810 | pub enum LibraryViewMode {
    |          ^^^^^^^^^^^^^^^

warning: associated items `new`, `ui`, `render_script_card`, and `render_script_list_item` are never used
   --> platforms\windows\easyssh-winui\src\workflow_editor.rs:816:12
    |
815 | impl ScriptLibraryBrowser {
    | ------------------------- associated items in this implementation
816 |     pub fn new() -> Self {
    |            ^^^
...
825 |     pub fn ui(&mut self, ui: &mut Ui, library: &ScriptLibrary) -> Option<ScriptSelection> {
    |            ^^
...
886 |     fn render_script_card(&self, ui: &mut Ui, script: &easyssh_core::script_library::ScriptSearchResult) -> Option<ScriptSelection> {
    |        ^^^^^^^^^^^^^^^^^^
...
957 |     fn render_script_list_item(&self, ui: &mut Ui, script: &easyssh_core::script_library::ScriptSearchResult) -> Option<ScriptSelection> {
    |        ^^^^^^^^^^^^^^^^^^^^^^^

warning: struct `ScriptSelection` is never constructed
    --> platforms\windows\easyssh-winui\src\workflow_editor.rs:1027:12
     |
1027 | pub struct ScriptSelection {
     |            ^^^^^^^^^^^^^^^

warning: struct `MacroRecorderPanel` is never constructed
  --> platforms\windows\easyssh-winui\src\macro_recorder_ui.rs:10:12
   |
10 | pub struct MacroRecorderPanel {
   |            ^^^^^^^^^^^^^^^^^^

warning: multiple associated items are never used
   --> platforms\windows\easyssh-winui\src\macro_recorder_ui.rs:37:12
    |
36  | impl MacroRecorderPanel {
    | ----------------------- associated items in this implementation
37  |     pub fn new() -> Self {
    |            ^^^
...
54  |     pub fn ui(&mut self, ui: &mut Ui) -> MacroRecorderResponse {
    |            ^^
...
90  |     fn render_header(&mut self, ui: &mut Ui, _response: &mut MacroRecorderResponse) {
    |        ^^^^^^^^^^^^^
...
147 |     fn render_idle_state(&mut self, ui: &mut Ui, _response: &mut MacroRecorderResponse) {
    |        ^^^^^^^^^^^^^^^^^
...
176 |     fn render_recording_state(&mut self, ui: &mut Ui, _response: &mut MacroRecorderResponse) {
    |        ^^^^^^^^^^^^^^^^^^^^^^
...
203 |     fn render_paused_state(&mut self, ui: &mut Ui, _response: &mut MacroRecorderResponse) {
    |        ^^^^^^^^^^^^^^^^^^^
...
214 |     fn render_action_preview(&self, ui: &mut Ui, action: &MacroAction) {
    |        ^^^^^^^^^^^^^^^^^^^^^
...
244 |     fn render_macro_editor(&mut self, ui: &mut Ui, macro_data: &Macro, response: &mut MacroRecorderResponse) {
    |        ^^^^^^^^^^^^^^^^^^^
...
305 |     fn render_editable_action(&mut self, ui: &mut Ui, index: usize, action: &MacroAction) {
    |        ^^^^^^^^^^^^^^^^^^^^^^
...
366 |     fn render_save_dialog(&mut self, ui: &mut Ui, response: &mut MacroRecorderResponse) {
    |        ^^^^^^^^^^^^^^^^^^
...
395 |     pub fn set_selected_server(&mut self, server: Option<ServerContext>) {
    |            ^^^^^^^^^^^^^^^^^^^
...
399 |     pub fn load_macro(&mut self, macro_data: Macro) {
    |            ^^^^^^^^^^
...
403 |     pub fn is_recording(&self) -> bool {
    |            ^^^^^^^^^^^^

warning: struct `MacroRecorderResponse` is never constructed
   --> platforms\windows\easyssh-winui\src\macro_recorder_ui.rs:410:12
    |
410 | pub struct MacroRecorderResponse {
    |            ^^^^^^^^^^^^^^^^^^^^^

warning: struct `ScheduledTasksPanel` is never constructed
 --> platforms\windows\easyssh-winui\src\scheduled_tasks_ui.rs:9:12
  |
9 | pub struct ScheduledTasksPanel {
  |            ^^^^^^^^^^^^^^^^^^^

warning: struct `NewTaskForm` is never constructed
  --> platforms\windows\easyssh-winui\src\scheduled_tasks_ui.rs:33:8
   |
33 | struct NewTaskForm {
   |        ^^^^^^^^^^^

warning: associated items `new`, `ui`, `render_task_list`, `render_task_row`, `render_create_dialog`, and `render_edit_dialog` are never used
   --> platforms\windows\easyssh-winui\src\scheduled_tasks_ui.rs:43:12
    |
42  | impl ScheduledTasksPanel {
    | ------------------------ associated items in this implementation
43  |     pub fn new() -> Self {
    |            ^^^
...
61  |     pub fn ui(&mut self, ui: &mut Ui, scheduler: &mut TaskScheduler, script_library: &ScriptLibrary) -> ScheduledTasksResponse {
    |            ^^
...
120 |     fn render_task_list(&mut self, ui: &mut Ui, scheduler: &mut TaskScheduler, response: &mut ScheduledTasksResponse) {
    |        ^^^^^^^^^^^^^^^^
...
181 |     fn render_task_row(&mut self, ui: &mut Ui, task: &ScheduledTask, response: &mut ScheduledTasksResponse) {
    |        ^^^^^^^^^^^^^^^
...
268 |     fn render_create_dialog(&mut self, ui: &mut Ui, _scheduler: &mut TaskScheduler, script_library: &ScriptLibrary, response: &mut Schedu...
    |        ^^^^^^^^^^^^^^^^^^^^
...
366 |     fn render_edit_dialog(&mut self, ui: &mut Ui, _scheduler: &mut TaskScheduler, response: &mut ScheduledTasksResponse) {
    |        ^^^^^^^^^^^^^^^^^^

warning: struct `ScheduledTasksResponse` is never constructed
   --> platforms\windows\easyssh-winui\src\scheduled_tasks_ui.rs:409:12
    |
409 | pub struct ScheduledTasksResponse {
    |            ^^^^^^^^^^^^^^^^^^^^^^

warning: struct `BatchExecutionResultsPanel` is never constructed
 --> platforms\windows\easyssh-winui\src\batch_results_ui.rs:9:12
  |
9 | pub struct BatchExecutionResultsPanel {
  |            ^^^^^^^^^^^^^^^^^^^^^^^^^^

warning: enum `ResultsViewMode` is never used
  --> platforms\windows\easyssh-winui\src\batch_results_ui.rs:27:10
   |
27 | pub enum ResultsViewMode {
   |          ^^^^^^^^^^^^^^^

warning: multiple associated items are never used
   --> platforms\windows\easyssh-winui\src\batch_results_ui.rs:34:12
    |
33  | impl BatchExecutionResultsPanel {
    | ------------------------------- associated items in this implementation
34  |     pub fn new() -> Self {
    |            ^^^
...
46  |     pub fn with_summary(summary: BatchExecutionSummary) -> Self {
    |            ^^^^^^^^^^^^
...
52  |     pub fn ui(&mut self, ui: &mut Ui) -> BatchResultsResponse {
    |            ^^
...
95  |     fn render_header(&mut self, ui: &mut Ui, summary: &BatchExecutionSummary, response: &mut BatchResultsResponse) {
    |        ^^^^^^^^^^^^^
...
149 |     fn render_summary_view(&mut self, ui: &mut Ui, summary: &BatchExecutionSummary) {
    |        ^^^^^^^^^^^^^^^^^^^
...
164 |     fn render_server_summary_card(&mut self, ui: &mut Ui, result: &ServerExecutionResult) {
    |        ^^^^^^^^^^^^^^^^^^^^^^^^^^
...
227 |     fn render_details_view(&mut self, ui: &mut Ui, summary: &BatchExecutionSummary) {
    |        ^^^^^^^^^^^^^^^^^^^
...
284 |     fn render_server_details(&mut self, ui: &mut Ui, result: &ServerExecutionResult) {
    |        ^^^^^^^^^^^^^^^^^^^^^
...
324 |     fn render_logs_view(&mut self, ui: &mut Ui, summary: &BatchExecutionSummary) {
    |        ^^^^^^^^^^^^^^^^
...
352 |     fn generate_combined_logs(&self, summary: &BatchExecutionSummary) -> String {
    |        ^^^^^^^^^^^^^^^^^^^^^^
...
419 |     pub fn set_summary(&mut self, summary: BatchExecutionSummary) {
    |            ^^^^^^^^^^^
...
423 |     pub fn update_summary(&mut self, summary: BatchExecutionSummary) {
    |            ^^^^^^^^^^^^^^

warning: struct `BatchResultsResponse` is never constructed
   --> platforms\windows\easyssh-winui\src\batch_results_ui.rs:430:12
    |
430 | pub struct BatchResultsResponse {
    |            ^^^^^^^^^^^^^^^^^^^^

warning: struct `WorkflowPanel` is never constructed
  --> platforms\windows\easyssh-winui\src\workflow_panel.rs:20:12
   |
20 | pub struct WorkflowPanel {
   |            ^^^^^^^^^^^^^

warning: enum `WorkflowTab` is never used
  --> platforms\windows\easyssh-winui\src\workflow_panel.rs:55:10
   |
55 | pub enum WorkflowTab {
   |          ^^^^^^^^^^^

warning: multiple associated items are never used
   --> platforms\windows\easyssh-winui\src\workflow_panel.rs:64:12
    |
63  | impl WorkflowPanel {
    | ------------------ associated items in this implementation
64  |     pub fn new() -> Self {
    |            ^^^
...
108 |     pub fn ui(&mut self, ui: &mut Ui, view_model: &crate::viewmodels::AppViewModel) -> WorkflowPanelResponse {
    |            ^^
...
159 |     fn render_library_tab(&mut self, ui: &mut Ui, response: &mut WorkflowPanelResponse) {
    |        ^^^^^^^^^^^^^^^^^^
...
268 |     fn render_editor_tab(&mut self, ui: &mut Ui, _response: &mut WorkflowPanelResponse) {
    |        ^^^^^^^^^^^^^^^^^
...
299 |     fn render_recorder_tab(&mut self, ui: &mut Ui, view_model: &crate::viewmodels::AppViewModel, response: &mut WorkflowPanelResponse) {
    |        ^^^^^^^^^^^^^^^^^^^
...
316 |     fn render_scheduler_tab(&mut self, ui: &mut Ui, response: &mut WorkflowPanelResponse) {
    |        ^^^^^^^^^^^^^^^^^^^^
...
350 |     fn render_results_tab(&mut self, ui: &mut Ui, response: &mut WorkflowPanelResponse) {
    |        ^^^^^^^^^^^^^^^^^^
...
372 |     fn render_new_workflow_dialog(&mut self, ui: &mut Ui, response: &mut WorkflowPanelResponse) {
    |        ^^^^^^^^^^^^^^^^^^^^^^^^^^
...
423 |     fn render_execution_dialog(&mut self, ui: &mut Ui, response: &mut WorkflowPanelResponse) {
    |        ^^^^^^^^^^^^^^^^^^^^^^^
...
466 |     pub fn get_available_workflows(&self) -> Vec<(String, String)> {
    |            ^^^^^^^^^^^^^^^^^^^^^^^
...
475 |     pub async fn execute_workflow(
    |                  ^^^^^^^^^^^^^^^^
...
504 |     pub fn is_execution_in_progress(&self) -> bool {
    |            ^^^^^^^^^^^^^^^^^^^^^^^^
...
508 |     pub fn set_target_servers(&mut self, servers: Vec<ServerContext>) {
    |            ^^^^^^^^^^^^^^^^^^

warning: struct `WorkflowPanelResponse` is never constructed
   --> platforms\windows\easyssh-winui\src\workflow_panel.rs:515:12
    |
515 | pub struct WorkflowPanelResponse {
    |            ^^^^^^^^^^^^^^^^^^^^^

warning: constant `VERSION` is never used
  --> platforms\windows\easyssh-winui\src\ai_terminal\mod.rs:22:11
   |
22 | pub const VERSION: &str = "0.1.0";
   |           ^^^^^^^

warning: variants `MacOS`, `Windows`, `FreeBSD`, and `Other` are never constructed
  --> platforms\windows\easyssh-winui\src\ai_terminal\mod.rs:28:5
   |
26 | pub enum OsType {
   |          ------ variants in this enum
27 |     Linux,
28 |     MacOS,
   |     ^^^^^
29 |     Windows,
   |     ^^^^^^^
30 |     FreeBSD,
   |     ^^^^^^^
31 |     Other,
   |     ^^^^^
   |
   = note: `OsType` has derived impls for the traits `Clone` and `Debug`, but these are intentionally ignored during dead code analysis

warning: variants `Brief` and `Detailed` are never constructed
  --> platforms\windows\easyssh-winui\src\ai_terminal\mod.rs:43:5
   |
42 | pub enum DetailLevel {
   |          ----------- variants in this enum
43 |     Brief,
   |     ^^^^^
44 |     Standard,
45 |     Detailed,
   |     ^^^^^^^^
   |
   = note: `DetailLevel` has derived impls for the traits `Clone` and `Debug`, but these are intentionally ignored during dead code analysis

warning: variants `Application`, `Security`, and `Custom` are never constructed
  --> platforms\windows\easyssh-winui\src\ai_terminal\mod.rs:58:5
   |
56 | pub enum LogType {
   |          ------- variants in this enum
57 |     System,
58 |     Application,
   |     ^^^^^^^^^^^
59 |     Security,
   |     ^^^^^^^^
60 |     Custom,
   |     ^^^^^^
   |
   = note: `LogType` has derived impls for the traits `Clone` and `Debug`, but these are intentionally ignored during dead code analysis

warning: fields `current_input`, `cursor_position`, `context`, and `session_id` are never read
   --> platforms\windows\easyssh-winui\src\ai_terminal\mod.rs:107:9
    |
106 | pub struct CommandCompletionRequest {
    |            ------------------------ fields in this struct
107 |     pub current_input: String,
    |         ^^^^^^^^^^^^^
108 |     pub cursor_position: usize,
    |         ^^^^^^^^^^^^^^^
109 |     pub context: TerminalContext,
    |         ^^^^^^^
110 |     pub session_id: String,
    |         ^^^^^^^^^^
    |
    = note: `CommandCompletionRequest` has derived impls for the traits `Clone` and `Debug`, but these are intentionally ignored during dead code analysis

warning: fields `command`, `error_output`, `exit_code`, `context`, and `session_id` are never read
   --> platforms\windows\easyssh-winui\src\ai_terminal\mod.rs:116:9
    |
115 | pub struct ErrorDiagnosisRequest {
    |            --------------------- fields in this struct
116 |     pub command: String,
    |         ^^^^^^^
117 |     pub error_output: String,
    |         ^^^^^^^^^^^^
118 |     pub exit_code: Option<i32>,
    |         ^^^^^^^^^
119 |     pub context: TerminalContext,
    |         ^^^^^^^
120 |     pub session_id: String,
    |         ^^^^^^^^^^
    |
    = note: `ErrorDiagnosisRequest` has derived impls for the traits `Clone` and `Debug`, but these are intentionally ignored during dead code analysis

warning: fields `context`, `session_id`, `output_format`, and `os_type` are never read
   --> platforms\windows\easyssh-winui\src\ai_terminal\mod.rs:127:9
    |
125 | pub struct NlToCommandRequest {
    |            ------------------ fields in this struct
126 |     pub natural_language: String,
127 |     pub context: TerminalContext,
    |         ^^^^^^^
128 |     pub session_id: String,
    |         ^^^^^^^^^^
129 |     pub output_format: Option<String>,
    |         ^^^^^^^^^^^^^
130 |     pub os_type: Option<OsType>,
    |         ^^^^^^^
    |
    = note: `NlToCommandRequest` has derived impls for the traits `Clone` and `Debug`, but these are intentionally ignored during dead code analysis

warning: fields `detail_level` and `focus_area` are never read
   --> platforms\windows\easyssh-winui\src\ai_terminal\mod.rs:137:9
    |
135 | pub struct ExplanationRequest {
    |            ------------------ fields in this struct
136 |     pub command: String,
137 |     pub detail_level: DetailLevel,
    |         ^^^^^^^^^^^^
138 |     pub focus_area: Option<String>,
    |         ^^^^^^^^^^
    |
    = note: `ExplanationRequest` has derived impls for the traits `Clone` and `Debug`, but these are intentionally ignored during dead code analysis

warning: fields `context` and `user_permissions` are never read
   --> platforms\windows\easyssh-winui\src\ai_terminal\mod.rs:145:9
    |
143 | pub struct SecurityAuditRequest {
    |            -------------------- fields in this struct
144 |     pub command: String,
145 |     pub context: Option<TerminalContext>,
    |         ^^^^^^^
146 |     pub user_permissions: security_audit::UserPermissions,
    |         ^^^^^^^^^^^^^^^^
    |
    = note: `SecurityAuditRequest` has derived impls for the traits `Clone` and `Debug`, but these are intentionally ignored during dead code analysis

warning: fields `log_type`, `max_issues`, and `time_range` are never read
   --> platforms\windows\easyssh-winui\src\ai_terminal\mod.rs:153:9
    |
151 | pub struct LogAnalysisRequest {
    |            ------------------ fields in this struct
152 |     pub log_content: String,
153 |     pub log_type: Option<LogType>,
    |         ^^^^^^^^
154 |     pub max_issues: usize,
    |         ^^^^^^^^^^
155 |     pub time_range: Option<(String, String)>,
    |         ^^^^^^^^^^
    |
    = note: `LogAnalysisRequest` has derived impls for the traits `Clone` and `Debug`, but these are intentionally ignored during dead code analysis

warning: variants `Medium`, `High`, and `Critical` are never constructed
   --> platforms\windows\easyssh-winui\src\ai_terminal\mod.rs:163:5
    |
160 | pub enum RiskLevel {
    |          --------- variants in this enum
...
163 |     Medium,
    |     ^^^^^^
164 |     High,
    |     ^^^^
165 |     Critical,
    |     ^^^^^^^^
    |
    = note: `RiskLevel` has derived impls for the traits `Clone` and `Debug`, but these are intentionally ignored during dead code analysis

warning: field `prevention_tips` is never read
   --> platforms\windows\easyssh-winui\src\ai_terminal\mod.rs:182:9
    |
176 | pub struct DiagnosisResult {
    |            --------------- field in this struct
...
182 |     pub prevention_tips: Vec<String>,
    |         ^^^^^^^^^^^^^^^
    |
    = note: `DiagnosisResult` has derived impls for the traits `Clone` and `Debug`, but these are intentionally ignored during dead code analysis

warning: field `estimated_success_rate` is never read
   --> platforms\windows\easyssh-winui\src\ai_terminal\mod.rs:191:9
    |
187 | pub struct Solution {
    |            -------- field in this struct
...
191 |     pub estimated_success_rate: f32,
    |         ^^^^^^^^^^^^^^^^^^^^^^
    |
    = note: `Solution` has derived impls for the traits `Clone` and `Debug`, but these are intentionally ignored during dead code analysis

warning: field `requires_confirmation` is never read
   --> platforms\windows\easyssh-winui\src\ai_terminal\mod.rs:244:9
    |
236 | pub struct SecurityAuditResult {
    |            ------------------- field in this struct
...
244 |     pub requires_confirmation: bool,
    |         ^^^^^^^^^^^^^^^^^^^^^
    |
    = note: `SecurityAuditResult` has derived impls for the traits `Clone` and `Debug`, but these are intentionally ignored during dead code analysis

warning: field `patterns` is never read
   --> platforms\windows\easyssh-winui\src\ai_terminal\mod.rs:259:9
    |
256 | pub struct LogAnalysisResult {
    |            ----------------- field in this struct
...
259 |     pub patterns: Vec<LogPattern>,
    |         ^^^^^^^^
    |
    = note: `LogAnalysisResult` has derived impls for the traits `Clone` and `Debug`, but these are intentionally ignored during dead code analysis

warning: fields `pattern_name`, `occurrences`, and `severity` are never read
   --> platforms\windows\easyssh-winui\src\ai_terminal\mod.rs:282:9
    |
281 | pub struct LogPattern {
    |            ---------- fields in this struct
282 |     pub pattern_name: String,
    |         ^^^^^^^^^^^^
283 |     pub occurrences: usize,
    |         ^^^^^^^^^^^
284 |     pub severity: String,
    |         ^^^^^^^^
    |
    = note: `LogPattern` has derived impls for the traits `Clone` and `Debug`, but these are intentionally ignored during dead code analysis

warning: field `config` is never read
   --> platforms\windows\easyssh-winui\src\ai_terminal\mod.rs:289:5
    |
288 | pub struct AiTerminal {
    |            ---------- field in this struct
289 |     config: AiTerminalConfig,
    |     ^^^^^^

warning: methods `update_config`, `get_config`, `update_context`, and `clear_cache` are never used
   --> platforms\windows\easyssh-winui\src\ai_terminal\mod.rs:361:12
    |
292 | impl AiTerminal {
    | --------------- methods in this implementation
...
361 |     pub fn update_config(&mut self, config: AiTerminalConfig) {
    |            ^^^^^^^^^^^^^
...
365 |     pub fn get_config(&self) -> AiTerminalConfig {
    |            ^^^^^^^^^^
...
369 |     pub fn update_context(&self, _session_id: &str, _command: &str, _output: &str) {
    |            ^^^^^^^^^^^^^^
...
373 |     pub fn clear_cache(&self) {
    |            ^^^^^^^^^^^

warning: function `create_default_config` is never used
   --> platforms\windows\easyssh-winui\src\ai_terminal\mod.rs:379:8
    |
379 | pub fn create_default_config() -> AiTerminalConfig {
    |        ^^^^^^^^^^^^^^^^^^^^^

warning: associated functions `openai`, `claude`, and `local` are never used
  --> platforms\windows\easyssh-winui\src\ai_terminal\providers\mod.rs:66:12
   |
64 | impl ProviderConfig {
   | ------------------- associated functions in this implementation
65 |     /// 创建OpenAI配置
66 |     pub fn openai(api_key: &str) -> Self {
   |            ^^^^^^
...
82 |     pub fn claude(api_key: &str) -> Self {
   |            ^^^^^^
...
98 |     pub fn local() -> Self {
   |            ^^^^^

warning: method `as_str` is never used
   --> platforms\windows\easyssh-winui\src\ai_terminal\providers\mod.rs:137:12
    |
136 | impl Role {
    | --------- method in this implementation
137 |     pub fn as_str(&self) -> &'static str {
    |            ^^^^^^

warning: struct `ChatRequest` is never constructed
   --> platforms\windows\easyssh-winui\src\ai_terminal\providers\mod.rs:148:12
    |
148 | pub struct ChatRequest {
    |            ^^^^^^^^^^^

warning: struct `ChatResponse` is never constructed
   --> platforms\windows\easyssh-winui\src\ai_terminal\providers\mod.rs:157:12
    |
157 | pub struct ChatResponse {
    |            ^^^^^^^^^^^^

warning: struct `TokenUsage` is never constructed
   --> platforms\windows\easyssh-winui\src\ai_terminal\providers\mod.rs:165:12
    |
165 | pub struct TokenUsage {
    |            ^^^^^^^^^^

warning: trait `AiProvider` is never used
   --> platforms\windows\easyssh-winui\src\ai_terminal\providers\mod.rs:173:11
    |
173 | pub trait AiProvider: Send + Sync {
    |           ^^^^^^^^^^

warning: trait `StreamingHandler` is never used
   --> platforms\windows\easyssh-winui\src\ai_terminal\providers\mod.rs:189:11
    |
189 | pub trait StreamingHandler: Send {
    |           ^^^^^^^^^^^^^^^^

warning: struct `MockProvider` is never constructed
   --> platforms\windows\easyssh-winui\src\ai_terminal\providers\mod.rs:196:12
    |
196 | pub struct MockProvider;
    |            ^^^^^^^^^^^^

warning: associated function `new` is never used
   --> platforms\windows\easyssh-winui\src\ai_terminal\providers\mod.rs:199:12
    |
198 | impl MockProvider {
    | ----------------- associated function in this implementation
199 |     pub fn new() -> Self {
    |            ^^^

warning: struct `OpenAiProvider` is never constructed
  --> platforms\windows\easyssh-winui\src\ai_terminal\providers\openai.rs:12:12
   |
12 | pub struct OpenAiProvider {
   |            ^^^^^^^^^^^^^^

warning: associated items `new` and `messages_to_openai_format` are never used
  --> platforms\windows\easyssh-winui\src\ai_terminal\providers\openai.rs:19:18
   |
18 | impl OpenAiProvider {
   | ------------------- associated items in this implementation
19 |     pub async fn new(config: ProviderConfig) -> Result<Self> {
   |                  ^^^
...
37 |     fn messages_to_openai_format(&self, messages: &[Message]) -> Vec<Value> {
   |        ^^^^^^^^^^^^^^^^^^^^^^^^^

warning: struct `ClaudeProvider` is never constructed
  --> platforms\windows\easyssh-winui\src\ai_terminal\providers\claude.rs:12:12
   |
12 | pub struct ClaudeProvider {
   |            ^^^^^^^^^^^^^^

warning: associated items `new` and `messages_to_claude_format` are never used
  --> platforms\windows\easyssh-winui\src\ai_terminal\providers\claude.rs:19:18
   |
18 | impl ClaudeProvider {
   | ------------------- associated items in this implementation
19 |     pub async fn new(config: ProviderConfig) -> Result<Self> {
   |                  ^^^
...
37 |     fn messages_to_claude_format(&self, messages: &[Message]) -> (Option<String>, Vec<Value>) {
   |        ^^^^^^^^^^^^^^^^^^^^^^^^^

warning: struct `LocalProvider` is never constructed
  --> platforms\windows\easyssh-winui\src\ai_terminal\providers\local.rs:19:12
   |
19 | pub struct LocalProvider {
   |            ^^^^^^^^^^^^^

warning: multiple associated items are never used
   --> platforms\windows\easyssh-winui\src\ai_terminal\providers\local.rs:27:12
    |
26  | impl LocalProvider {
    | ------------------ associated items in this implementation
27  |     pub fn new() -> Self {
    |            ^^^
...
49  |     pub fn with_config(config: ProviderConfig) -> Self {
    |            ^^^^^^^^^^^
...
71  |     fn format_messages_for_local(&self, messages: &[Message]) -> String {
    |        ^^^^^^^^^^^^^^^^^^^^^^^^^
...
93  |     async fn chat_with_ollama(&self, request: ChatRequest) -> Result<ChatResponse> {
    |              ^^^^^^^^^^^^^^^^
...
155 |     async fn chat_with_llamacpp(&self, request: ChatRequest) -> Result<ChatResponse> {
    |              ^^^^^^^^^^^^^^^^^^
...
215 |     pub async fn is_ollama_running(&self) -> bool {
    |                  ^^^^^^^^^^^^^^^^^
...
223 |     pub async fn is_llamacpp_running(&self) -> bool {
    |                  ^^^^^^^^^^^^^^^^^^^
...
231 |     pub async fn list_models(&self) -> Result<Vec<String>> {
    |                  ^^^^^^^^^^^
...
260 |     pub async fn start_local_model(&self) -> Result<()> {
    |                  ^^^^^^^^^^^^^^^^^

warning: method `as_str` is never used
   --> platforms\windows\easyssh-winui\src\ai_terminal\providers\local.rs:295:12
    |
294 | impl LocalModelType {
    | ------------------- method in this implementation
295 |     pub fn as_str(&self) -> &'static str {
    |            ^^^^^^

warning: multiple fields are never read
  --> platforms\windows\easyssh-winui\src\ai_terminal\context.rs:11:9
   |
10 | pub struct TerminalContext {
   |            --------------- fields in this struct
11 |     pub working_directory: String,
   |         ^^^^^^^^^^^^^^^^^
12 |     pub command_history: Vec<String>,
   |         ^^^^^^^^^^^^^^^
13 |     pub environment_variables: HashMap<String, String>,
   |         ^^^^^^^^^^^^^^^^^^^^^
14 |     pub user: String,
   |         ^^^^
15 |     pub hostname: String,
   |         ^^^^^^^^
16 |     pub shell: String,
   |         ^^^^^
17 |     pub os_type: String,
   |         ^^^^^^^
   |
   = note: `TerminalContext` has derived impls for the traits `Clone` and `Debug`, but these are intentionally ignored during dead code analysis

warning: struct `CommandHistory` is never constructed
  --> platforms\windows\easyssh-winui\src\ai_terminal\context.rs:22:12
   |
22 | pub struct CommandHistory {
   |            ^^^^^^^^^^^^^^

warning: struct `SessionContext` is never constructed
  --> platforms\windows\easyssh-winui\src\ai_terminal\context.rs:32:12
   |
32 | pub struct SessionContext {
   |            ^^^^^^^^^^^^^^

warning: associated items `new`, `add_command`, `update_directory`, and `get_recent_commands` are never used
  --> platforms\windows\easyssh-winui\src\ai_terminal\context.rs:41:12
   |
40 | impl SessionContext {
   | ------------------- associated items in this implementation
41 |     pub fn new(session_id: String) -> Self {
   |            ^^^
...
52 |     pub fn add_command(&mut self, command: String, output: String, exit_code: Option<i32>) {
   |            ^^^^^^^^^^^
...
71 |     pub fn update_directory(&mut self, directory: String) {
   |            ^^^^^^^^^^^^^^^^
...
76 |     pub fn get_recent_commands(&self, count: usize) -> Vec<&CommandHistory> {
   |            ^^^^^^^^^^^^^^^^^^^

warning: struct `ContextTracker` is never constructed
  --> platforms\windows\easyssh-winui\src\ai_terminal\context.rs:86:12
   |
86 | pub struct ContextTracker {
   |            ^^^^^^^^^^^^^^

warning: multiple associated items are never used
   --> platforms\windows\easyssh-winui\src\ai_terminal\context.rs:92:12
    |
91  | impl ContextTracker {
    | ------------------- associated items in this implementation
92  |     pub fn new() -> Self {
    |            ^^^
...
99  |     pub fn with_capacity(max_history: usize) -> Self {
    |            ^^^^^^^^^^^^^
...
107 |     pub fn create_session(&self, session_id: &str) {
    |            ^^^^^^^^^^^^^^
...
116 |     pub fn add_command(
    |            ^^^^^^^^^^^
...
135 |     pub fn update_directory(&self, session_id: &str, directory: &str) {
    |            ^^^^^^^^^^^^^^^^
...
144 |     pub fn get_context(&self, session_id: &str) -> TerminalContext {
    |            ^^^^^^^^^^^
...
167 |     pub fn get_session(&self, session_id: &str) -> Option<SessionContext> {
    |            ^^^^^^^^^^^
...
173 |     pub fn remove_session(&self, session_id: &str) {
    |            ^^^^^^^^^^^^^^
...
179 |     pub fn list_sessions(&self) -> Vec<String> {
    |            ^^^^^^^^^^^^^
...
185 |     pub fn cleanup_inactive(&self, max_age_secs: u64) {
    |            ^^^^^^^^^^^^^^^^
...
199 |     pub fn get_global_context(&self) -> TerminalContext {
    |            ^^^^^^^^^^^^^^^^^^

warning: fields `suggestion_type`, `priority`, and `icon` are never read
  --> platforms\windows\easyssh-winui\src\ai_terminal\suggestions.rs:10:9
   |
9  | pub struct AiSuggestion {
   |            ------------ fields in this struct
10 |     pub suggestion_type: SuggestionType,
   |         ^^^^^^^^^^^^^^^
...
13 |     pub priority: SuggestionPriority,
   |         ^^^^^^^^
14 |     pub icon: Option<String>,
   |         ^^^^
   |
   = note: `AiSuggestion` has derived impls for the traits `Clone` and `Debug`, but these are intentionally ignored during dead code analysis

warning: multiple variants are never constructed
  --> platforms\windows\easyssh-winui\src\ai_terminal\suggestions.rs:20:5
   |
19 | pub enum SuggestionType {
   |          -------------- variants in this enum
20 |     CommandCompletion,
   |     ^^^^^^^^^^^^^^^^^
21 |     ErrorRecovery,
   |     ^^^^^^^^^^^^^
22 |     BestPractice,
   |     ^^^^^^^^^^^^
23 |     SecurityWarning,
   |     ^^^^^^^^^^^^^^^
24 |     PerformanceTip,
   |     ^^^^^^^^^^^^^^
25 |     TimeSaver,
   |     ^^^^^^^^^
26 |     LearningOpportunity,
   |     ^^^^^^^^^^^^^^^^^^^
   |
   = note: `SuggestionType` has derived impls for the traits `Clone` and `Debug`, but these are intentionally ignored during dead code analysis

warning: methods `as_str` and `icon` are never used
  --> platforms\windows\easyssh-winui\src\ai_terminal\suggestions.rs:30:12
   |
29 | impl SuggestionType {
   | ------------------- methods in this implementation
30 |     pub fn as_str(&self) -> &'static str {
   |            ^^^^^^
...
42 |     pub fn icon(&self) -> &'static str {
   |            ^^^^

warning: variants `Low`, `Medium`, `High`, and `Critical` are never constructed
  --> platforms\windows\easyssh-winui\src\ai_terminal\suggestions.rs:58:5
   |
57 | pub enum SuggestionPriority {
   |          ------------------ variants in this enum
58 |     Low,
   |     ^^^
59 |     Medium,
   |     ^^^^^^
60 |     High,
   |     ^^^^
61 |     Critical,
   |     ^^^^^^^^
   |
   = note: `SuggestionPriority` has derived impls for the traits `Clone` and `Debug`, but these are intentionally ignored during dead code analysis

warning: method `as_str` is never used
  --> platforms\windows\easyssh-winui\src\ai_terminal\suggestions.rs:65:12
   |
64 | impl SuggestionPriority {
   | ----------------------- method in this implementation
65 |     pub fn as_str(&self) -> &'static str {
   |            ^^^^^^

warning: struct `SuggestionEngine` is never constructed
  --> platforms\windows\easyssh-winui\src\ai_terminal\suggestions.rs:76:12
   |
76 | pub struct SuggestionEngine;
   |            ^^^^^^^^^^^^^^^^

warning: associated items `new`, `get_suggestions`, `suggest_for_command`, `suggest_for_directory`, and `suggest_from_patterns` are never used
   --> platforms\windows\easyssh-winui\src\ai_terminal\suggestions.rs:79:12
    |
78  | impl SuggestionEngine {
    | --------------------- associated items in this implementation
79  |     pub fn new() -> Self {
    |            ^^^
...
84  |     pub fn get_suggestions(&self, context: &TerminalContext) -> Vec<AiSuggestion> {
    |            ^^^^^^^^^^^^^^^
...
106 |     fn suggest_for_command(&self, command: &str, _context: &TerminalContext) -> Vec<AiSuggestion> {
    |        ^^^^^^^^^^^^^^^^^^^
...
176 |     fn suggest_for_directory(&self, directory: &str) -> Vec<AiSuggestion> {
    |        ^^^^^^^^^^^^^^^^^^^^^
...
203 |     fn suggest_from_patterns(&self, history: &[String]) -> Vec<AiSuggestion> {
    |        ^^^^^^^^^^^^^^^^^^^^^

warning: struct `CompletionRequest` is never constructed
  --> platforms\windows\easyssh-winui\src\ai_terminal\completion.rs:15:12
   |
15 | pub struct CompletionRequest {
   |            ^^^^^^^^^^^^^^^^^

warning: struct `CompletionResult` is never constructed
  --> platforms\windows\easyssh-winui\src\ai_terminal\completion.rs:24:12
   |
24 | pub struct CompletionResult {
   |            ^^^^^^^^^^^^^^^^

warning: struct `CompletionSuggestion` is never constructed
  --> platforms\windows\easyssh-winui\src\ai_terminal\completion.rs:31:12
   |
31 | pub struct CompletionSuggestion {
   |            ^^^^^^^^^^^^^^^^^^^^

warning: enum `SuggestionCategory` is never used
  --> platforms\windows\easyssh-winui\src\ai_terminal\completion.rs:42:10
   |
42 | pub enum SuggestionCategory {
   |          ^^^^^^^^^^^^^^^^^^

warning: method `as_str` is never used
  --> platforms\windows\easyssh-winui\src\ai_terminal\completion.rs:54:12
   |
53 | impl SuggestionCategory {
   | ----------------------- method in this implementation
54 |     pub fn as_str(&self) -> &'static str {
   |            ^^^^^^

warning: struct `CommandCompleter` is never constructed
  --> platforms\windows\easyssh-winui\src\ai_terminal\completion.rs:69:12
   |
69 | pub struct CommandCompleter {
   |            ^^^^^^^^^^^^^^^^

warning: associated items `new`, `complete`, `rule_based_completion`, `ai_completion`, `parse_ai_response`, and `deduplicate_and_sort` are never used
   --> platforms\windows\easyssh-winui\src\ai_terminal\completion.rs:75:12
    |
74  | impl CommandCompleter {
    | --------------------- associated items in this implementation
75  |     pub fn new(provider: Arc<dyn AiProvider>) -> Self {
    |            ^^^
...
83  |     pub async fn complete(
    |                  ^^^^^^^^
...
108 |     fn rule_based_completion(&self, request: &CompletionRequest) -> CompletionResult {
    |        ^^^^^^^^^^^^^^^^^^^^^
...
282 |     async fn ai_completion(&self, request: &CompletionRequest) -> Result<CompletionResult> {
    |              ^^^^^^^^^^^^^
...
341 |     fn parse_ai_response(&self, content: &str) -> Vec<CompletionSuggestion> {
    |        ^^^^^^^^^^^^^^^^^
...
383 |     fn deduplicate_and_sort(&self, suggestions: Vec<CompletionSuggestion>) -> Vec<CompletionSuggestion> {
    |        ^^^^^^^^^^^^^^^^^^^^

warning: function `generate_completion` is never used
   --> platforms\windows\easyssh-winui\src\ai_terminal\completion.rs:398:14
    |
398 | pub async fn generate_completion(
    |              ^^^^^^^^^^^^^^^^^^^

warning: struct `ErrorDiagnosisRequest` is never constructed
  --> platforms\windows\easyssh-winui\src\ai_terminal\error_diagnosis.rs:14:12
   |
14 | pub struct ErrorDiagnosisRequest {
   |            ^^^^^^^^^^^^^^^^^^^^^

warning: struct `DiagnosisResult` is never constructed
  --> platforms\windows\easyssh-winui\src\ai_terminal\error_diagnosis.rs:24:12
   |
24 | pub struct DiagnosisResult {
   |            ^^^^^^^^^^^^^^^

warning: struct `Solution` is never constructed
  --> platforms\windows\easyssh-winui\src\ai_terminal\error_diagnosis.rs:35:12
   |
35 | pub struct Solution {
   |            ^^^^^^^^

warning: enum `ErrorSeverity` is never used
  --> platforms\windows\easyssh-winui\src\ai_terminal\error_diagnosis.rs:44:10
   |
44 | pub enum ErrorSeverity {
   |          ^^^^^^^^^^^^^

warning: methods `as_str` and `description` are never used
  --> platforms\windows\easyssh-winui\src\ai_terminal\error_diagnosis.rs:52:12
   |
51 | impl ErrorSeverity {
   | ------------------ methods in this implementation
52 |     pub fn as_str(&self) -> &'static str {
   |            ^^^^^^
...
61 |     pub fn description(&self) -> &'static str {
   |            ^^^^^^^^^^^

warning: struct `ErrorDiagnoser` is never constructed
  --> platforms\windows\easyssh-winui\src\ai_terminal\error_diagnosis.rs:72:12
   |
72 | pub struct ErrorDiagnoser {
   |            ^^^^^^^^^^^^^^

warning: associated items `new`, `diagnose`, `pattern_based_diagnosis`, `ai_diagnosis`, and `parse_diagnosis_response` are never used
   --> platforms\windows\easyssh-winui\src\ai_terminal\error_diagnosis.rs:77:12
    |
76  | impl ErrorDiagnoser {
    | ------------------- associated items in this implementation
77  |     pub fn new(provider: Arc<dyn AiProvider>) -> Self {
    |            ^^^
...
82  |     pub async fn diagnose(&self, request: &ErrorDiagnosisRequest) -> Result<DiagnosisResult> {
    |                  ^^^^^^^^
...
93  |     fn pattern_based_diagnosis(&self, request: &ErrorDiagnosisRequest) -> Option<DiagnosisResult> {
    |        ^^^^^^^^^^^^^^^^^^^^^^^
...
383 |     async fn ai_diagnosis(&self, request: &ErrorDiagnosisRequest) -> Result<DiagnosisResult> {
    |              ^^^^^^^^^^^^
...
436 |     fn parse_diagnosis_response(&self, content: &str) -> DiagnosisResult {
    |        ^^^^^^^^^^^^^^^^^^^^^^^^

warning: function `diagnose_error` is never used
   --> platforms\windows\easyssh-winui\src\ai_terminal\error_diagnosis.rs:553:14
    |
553 | pub async fn diagnose_error(
    |              ^^^^^^^^^^^^^^

warning: struct `NlToCommandRequest` is never constructed
  --> platforms\windows\easyssh-winui\src\ai_terminal\natural_language.rs:14:12
   |
14 | pub struct NlToCommandRequest {
   |            ^^^^^^^^^^^^^^^^^^

warning: enum `OsType` is never used
  --> platforms\windows\easyssh-winui\src\ai_terminal\natural_language.rs:26:10
   |
26 | pub enum OsType {
   |          ^^^^^^

warning: method `as_str` is never used
  --> platforms\windows\easyssh-winui\src\ai_terminal\natural_language.rs:34:12
   |
33 | impl OsType {
   | ----------- method in this implementation
34 |     pub fn as_str(&self) -> &'static str {
   |            ^^^^^^

warning: struct `NlToCommandResult` is never constructed
  --> platforms\windows\easyssh-winui\src\ai_terminal\natural_language.rs:46:12
   |
46 | pub struct NlToCommandResult {
   |            ^^^^^^^^^^^^^^^^^

warning: struct `GeneratedCommand` is never constructed
  --> platforms\windows\easyssh-winui\src\ai_terminal\natural_language.rs:54:12
   |
54 | pub struct GeneratedCommand {
   |            ^^^^^^^^^^^^^^^^

warning: enum `RiskLevel` is never used
  --> platforms\windows\easyssh-winui\src\ai_terminal\natural_language.rs:65:10
   |
65 | pub enum RiskLevel {
   |          ^^^^^^^^^

warning: methods `as_str`, `description`, and `requires_confirmation` are never used
  --> platforms\windows\easyssh-winui\src\ai_terminal\natural_language.rs:74:12
   |
73 | impl RiskLevel {
   | -------------- methods in this implementation
74 |     pub fn as_str(&self) -> &'static str {
   |            ^^^^^^
...
84 |     pub fn description(&self) -> &'static str {
   |            ^^^^^^^^^^^
...
94 |     pub fn requires_confirmation(&self) -> bool {
   |            ^^^^^^^^^^^^^^^^^^^^^

warning: struct `NaturalLanguageProcessor` is never constructed
   --> platforms\windows\easyssh-winui\src\ai_terminal\natural_language.rs:100:12
    |
100 | pub struct NaturalLanguageProcessor {
    |            ^^^^^^^^^^^^^^^^^^^^^^^^

warning: associated items `new`, `convert`, `pattern_based_conversion`, `ai_conversion`, and `parse_conversion_response` are never used
   --> platforms\windows\easyssh-winui\src\ai_terminal\natural_language.rs:105:12
    |
104 | impl NaturalLanguageProcessor {
    | ----------------------------- associated items in this implementation
105 |     pub fn new(provider: Arc<dyn AiProvider>) -> Self {
    |            ^^^
...
110 |     pub async fn convert(&self, request: &NlToCommandRequest) -> Result<NlToCommandResult> {
    |                  ^^^^^^^
...
121 |     fn pattern_based_conversion(&self, request: &NlToCommandRequest) -> Option<NlToCommandResult> {
    |        ^^^^^^^^^^^^^^^^^^^^^^^^
...
189 |     async fn ai_conversion(&self, request: &NlToCommandRequest) -> Result<NlToCommandResult> {
    |              ^^^^^^^^^^^^^
...
257 |     fn parse_conversion_response(&self, content: &str) -> NlToCommandResult {
    |        ^^^^^^^^^^^^^^^^^^^^^^^^^

warning: function `convert_to_command` is never used
   --> platforms\windows\easyssh-winui\src\ai_terminal\natural_language.rs:349:14
    |
349 | pub async fn convert_to_command(
    |              ^^^^^^^^^^^^^^^^^^

warning: struct `ExplanationRequest` is never constructed
  --> platforms\windows\easyssh-winui\src\ai_terminal\command_explainer.rs:13:12
   |
13 | pub struct ExplanationRequest {
   |            ^^^^^^^^^^^^^^^^^^

warning: enum `DetailLevel` is never used
  --> platforms\windows\easyssh-winui\src\ai_terminal\command_explainer.rs:21:10
   |
21 | pub enum DetailLevel {
   |          ^^^^^^^^^^^

warning: methods `as_str` and `description` are never used
  --> platforms\windows\easyssh-winui\src\ai_terminal\command_explainer.rs:29:12
   |
28 | impl DetailLevel {
   | ---------------- methods in this implementation
29 |     pub fn as_str(&self) -> &'static str {
   |            ^^^^^^
...
38 |     pub fn description(&self) -> &'static str {
   |            ^^^^^^^^^^^

warning: enum `FocusArea` is never used
  --> platforms\windows\easyssh-winui\src\ai_terminal\command_explainer.rs:50:10
   |
50 | pub enum FocusArea {
   |          ^^^^^^^^^

warning: method `as_str` is never used
  --> platforms\windows\easyssh-winui\src\ai_terminal\command_explainer.rs:59:12
   |
58 | impl FocusArea {
   | -------------- method in this implementation
59 |     pub fn as_str(&self) -> &'static str {
   |            ^^^^^^

warning: struct `ExplanationResult` is never constructed
  --> platforms\windows\easyssh-winui\src\ai_terminal\command_explainer.rs:72:12
   |
72 | pub struct ExplanationResult {
   |            ^^^^^^^^^^^^^^^^^

warning: struct `CommandComponent` is never constructed
  --> platforms\windows\easyssh-winui\src\ai_terminal\command_explainer.rs:84:12
   |
84 | pub struct CommandComponent {
   |            ^^^^^^^^^^^^^^^^

warning: enum `ComponentCategory` is never used
  --> platforms\windows\easyssh-winui\src\ai_terminal\command_explainer.rs:92:10
   |
92 | pub enum ComponentCategory {
   |          ^^^^^^^^^^^^^^^^^

warning: method `as_str` is never used
   --> platforms\windows\easyssh-winui\src\ai_terminal\command_explainer.rs:104:12
    |
103 | impl ComponentCategory {
    | ---------------------- method in this implementation
104 |     pub fn as_str(&self) -> &'static str {
    |            ^^^^^^

warning: struct `Example` is never constructed
   --> platforms\windows\easyssh-winui\src\ai_terminal\command_explainer.rs:120:12
    |
120 | pub struct Example {
    |            ^^^^^^^

warning: struct `CommandExplainer` is never constructed
   --> platforms\windows\easyssh-winui\src\ai_terminal\command_explainer.rs:127:12
    |
127 | pub struct CommandExplainer {
    |            ^^^^^^^^^^^^^^^^

warning: associated items `new`, `explain`, `pattern_based_explanation`, `ai_explanation`, and `parse_explanation_response` are never used
   --> platforms\windows\easyssh-winui\src\ai_terminal\command_explainer.rs:132:12
    |
131 | impl CommandExplainer {
    | --------------------- associated items in this implementation
132 |     pub fn new(provider: Arc<dyn AiProvider>) -> Self {
    |            ^^^
...
137 |     pub async fn explain(&self, request: &ExplanationRequest) -> Result<ExplanationResult> {
    |                  ^^^^^^^
...
150 |     fn pattern_based_explanation(&self, request: &ExplanationRequest) -> Option<ExplanationResult> {
    |        ^^^^^^^^^^^^^^^^^^^^^^^^^
...
479 |     async fn ai_explanation(&self, request: &ExplanationRequest) -> Result<ExplanationResult> {
    |              ^^^^^^^^^^^^^^
...
553 |     fn parse_explanation_response(&self, content: &str) -> ExplanationResult {
    |        ^^^^^^^^^^^^^^^^^^^^^^^^^^

warning: function `explain_command` is never used
   --> platforms\windows\easyssh-winui\src\ai_terminal\command_explainer.rs:701:14
    |
701 | pub async fn explain_command(
    |              ^^^^^^^^^^^^^^^

warning: struct `LogAnalysisRequest` is never constructed
  --> platforms\windows\easyssh-winui\src\ai_terminal\log_analyzer.rs:15:12
   |
15 | pub struct LogAnalysisRequest {
   |            ^^^^^^^^^^^^^^^^^^

warning: enum `LogType` is never used
  --> platforms\windows\easyssh-winui\src\ai_terminal\log_analyzer.rs:24:10
   |
24 | pub enum LogType {
   |          ^^^^^^^

warning: methods `as_str` and `common_patterns` are never used
  --> platforms\windows\easyssh-winui\src\ai_terminal\log_analyzer.rs:35:12
   |
34 | impl LogType {
   | ------------ methods in this implementation
35 |     pub fn as_str(&self) -> &'static str {
   |            ^^^^^^
...
47 |     pub fn common_patterns(&self) -> Vec<(&'static str, &'static str, LogSeverity)> {
   |            ^^^^^^^^^^^^^^^

warning: enum `LogSeverity` is never used
   --> platforms\windows\easyssh-winui\src\ai_terminal\log_analyzer.rs:102:10
    |
102 | pub enum LogSeverity {
    |          ^^^^^^^^^^^

warning: methods `as_str` and `color` are never used
   --> platforms\windows\easyssh-winui\src\ai_terminal\log_analyzer.rs:111:12
    |
110 | impl LogSeverity {
    | ---------------- methods in this implementation
111 |     pub fn as_str(&self) -> &'static str {
    |            ^^^^^^
...
121 |     pub fn color(&self) -> &'static str {
    |            ^^^^^

warning: struct `LogAnalysisResult` is never constructed
   --> platforms\windows\easyssh-winui\src\ai_terminal\log_analyzer.rs:134:12
    |
134 | pub struct LogAnalysisResult {
    |            ^^^^^^^^^^^^^^^^^

warning: struct `LogSummary` is never constructed
   --> platforms\windows\easyssh-winui\src\ai_terminal\log_analyzer.rs:144:12
    |
144 | pub struct LogSummary {
    |            ^^^^^^^^^^

warning: struct `LogIssue` is never constructed
   --> platforms\windows\easyssh-winui\src\ai_terminal\log_analyzer.rs:155:12
    |
155 | pub struct LogIssue {
    |            ^^^^^^^^

warning: struct `LogPattern` is never constructed
   --> platforms\windows\easyssh-winui\src\ai_terminal\log_analyzer.rs:167:12
    |
167 | pub struct LogPattern {
    |            ^^^^^^^^^^

warning: struct `LogTrend` is never constructed
   --> platforms\windows\easyssh-winui\src\ai_terminal\log_analyzer.rs:178:12
    |
178 | pub struct LogTrend {
    |            ^^^^^^^^

warning: enum `TrendDirection` is never used
   --> platforms\windows\easyssh-winui\src\ai_terminal\log_analyzer.rs:187:10
    |
187 | pub enum TrendDirection {
    |          ^^^^^^^^^^^^^^

warning: struct `LogAnalyzer` is never constructed
   --> platforms\windows\easyssh-winui\src\ai_terminal\log_analyzer.rs:195:12
    |
195 | pub struct LogAnalyzer {
    |            ^^^^^^^^^^^

warning: multiple associated items are never used
   --> platforms\windows\easyssh-winui\src\ai_terminal\log_analyzer.rs:201:12
    |
200 | impl LogAnalyzer {
    | ---------------- associated items in this implementation
201 |     pub fn new(provider: Arc<dyn AiProvider>) -> Self {
    |            ^^^
...
209 |     pub async fn analyze(&self, request: &LogAnalysisRequest) -> Result<LogAnalysisResult> {
    |                  ^^^^^^^
...
225 |     fn pattern_analysis(&self, request: &LogAnalysisRequest) -> LogAnalysisResult {
    |        ^^^^^^^^^^^^^^^^
...
323 |     async fn ai_analysis(&self, request: &LogAnalysisRequest) -> Result<LogAnalysisResult> {
    |              ^^^^^^^^^^^
...
387 |     fn parse_ai_response(&self, content: &str, request: &LogAnalysisRequest) -> LogAnalysisResult {
    |        ^^^^^^^^^^^^^^^^^
...
412 |     fn merge_results(&self, pattern: LogAnalysisResult, _ai: LogAnalysisResult) -> LogAnalysisResult {
    |        ^^^^^^^^^^^^^
...
418 |     fn get_or_compile_regex(&self, pattern: &str) -> Regex {
    |        ^^^^^^^^^^^^^^^^^^^^
...
432 |     fn extract_timestamp(&self, line: &str) -> Option<String> {
    |        ^^^^^^^^^^^^^^^^^
...
453 |     fn get_context(&self, lines: &[&str], index: usize, context_lines: usize) -> Vec<String> {
    |        ^^^^^^^^^^^
...
464 |     fn get_suggested_action(&self, category: &str) -> Option<String> {
    |        ^^^^^^^^^^^^^^^^^^^^
...
487 |     fn get_pattern_severity(&self, pattern_name: &str) -> LogSeverity {
    |        ^^^^^^^^^^^^^^^^^^^^
...
506 |     fn generate_recommendations(&self, patterns: &[LogPattern]) -> Vec<String> {
    |        ^^^^^^^^^^^^^^^^^^^^^^^^

warning: function `analyze_logs` is never used
   --> platforms\windows\easyssh-winui\src\ai_terminal\log_analyzer.rs:558:14
    |
558 | pub async fn analyze_logs(
    |              ^^^^^^^^^^^^

warning: struct `SecurityAuditRequest` is never constructed
  --> platforms\windows\easyssh-winui\src\ai_terminal\security_audit.rs:14:12
   |
14 | pub struct SecurityAuditRequest {
   |            ^^^^^^^^^^^^^^^^^^^^

warning: fields `is_root`, `is_sudoer`, and `groups` are never read
  --> platforms\windows\easyssh-winui\src\ai_terminal\security_audit.rs:23:9
   |
22 | pub struct UserPermissions {
   |            --------------- fields in this struct
23 |     pub is_root: bool,
   |         ^^^^^^^
24 |     pub is_sudoer: bool,
   |         ^^^^^^^^^
25 |     pub groups: Vec<String>,
   |         ^^^^^^
   |
   = note: `UserPermissions` has derived impls for the traits `Clone` and `Debug`, but these are intentionally ignored during dead code analysis

warning: struct `SecurityAuditResult` is never constructed
  --> platforms\windows\easyssh-winui\src\ai_terminal\security_audit.rs:40:12
   |
40 | pub struct SecurityAuditResult {
   |            ^^^^^^^^^^^^^^^^^^^

warning: enum `RiskLevel` is never used
  --> platforms\windows\easyssh-winui\src\ai_terminal\security_audit.rs:54:10
   |
54 | pub enum RiskLevel {
   |          ^^^^^^^^^

warning: methods `as_str`, `description`, `color`, and `requires_confirmation` are never used
  --> platforms\windows\easyssh-winui\src\ai_terminal\security_audit.rs:63:12
   |
62 | impl RiskLevel {
   | -------------- methods in this implementation
63 |     pub fn as_str(&self) -> &'static str {
   |            ^^^^^^
...
73 |     pub fn description(&self) -> &'static str {
   |            ^^^^^^^^^^^
...
83 |     pub fn color(&self) -> &'static str {
   |            ^^^^^
...
93 |     pub fn requires_confirmation(&self) -> bool {
   |            ^^^^^^^^^^^^^^^^^^^^^

warning: struct `SecurityThreat` is never constructed
   --> platforms\windows\easyssh-winui\src\ai_terminal\security_audit.rs:100:12
    |
100 | pub struct SecurityThreat {
    |            ^^^^^^^^^^^^^^

warning: enum `ThreatCategory` is never used
   --> platforms\windows\easyssh-winui\src\ai_terminal\security_audit.rs:110:10
    |
110 | pub enum ThreatCategory {
    |          ^^^^^^^^^^^^^^

warning: methods `as_str` and `description` are never used
   --> platforms\windows\easyssh-winui\src\ai_terminal\security_audit.rs:122:12
    |
121 | impl ThreatCategory {
    | ------------------- methods in this implementation
122 |     pub fn as_str(&self) -> &'static str {
    |            ^^^^^^
...
135 |     pub fn description(&self) -> &'static str {
    |            ^^^^^^^^^^^

warning: struct `SecurityAuditor` is never constructed
   --> platforms\windows\easyssh-winui\src\ai_terminal\security_audit.rs:150:12
    |
150 | pub struct SecurityAuditor {
    |            ^^^^^^^^^^^^^^^

warning: associated items `new`, `audit`, `rule_based_audit`, `ai_audit`, and `generate_safe_alternatives` are never used
   --> platforms\windows\easyssh-winui\src\ai_terminal\security_audit.rs:157:12
    |
156 | impl SecurityAuditor {
    | -------------------- associated items in this implementation
157 |     pub fn new(provider: Arc<dyn AiProvider>) -> Self {
    |            ^^^
...
226 |     pub async fn audit(&self, request: &SecurityAuditRequest) -> Result<SecurityAuditResult> {
    |                  ^^^^^
...
240 |     fn rule_based_audit(&self, request: &SecurityAuditRequest) -> SecurityAuditResult {
    |        ^^^^^^^^^^^^^^^^
...
446 |     async fn ai_audit(&self, request: &SecurityAuditRequest, rule_result: SecurityAuditResult) -> Result<SecurityAuditResult> {
    |              ^^^^^^^^
...
497 |     fn generate_safe_alternatives(&self, command: &str, threats: &[SecurityThreat]) -> Vec<String> {
    |        ^^^^^^^^^^^^^^^^^^^^^^^^^^

warning: function `audit_command` is never used
   --> platforms\windows\easyssh-winui\src\ai_terminal\security_audit.rs:535:14
    |
535 | pub async fn audit_command(
    |              ^^^^^^^^^^^^^

warning: methods `check_command_safety`, `get_completions`, `on_command_error`, and `update_context` are never used
   --> platforms\windows\easyssh-winui\src\ai_terminal_ui.rs:600:12
    |
57  | impl AiTerminalUi {
    | ----------------- methods in this implementation
...
600 |     pub fn check_command_safety(&mut self, command: &str) -> bool {
    |            ^^^^^^^^^^^^^^^^^^^^
...
621 |     pub fn get_completions(&self, _input: &str) -> Vec<String> {
    |            ^^^^^^^^^^^^^^^
...
626 |     pub fn on_command_error(&mut self, _command: &str, _error: &str, _exit_code: i32) {
    |            ^^^^^^^^^^^^^^^^
...
631 |     pub fn update_context(&self, _command: &str, _output: &str) {
    |            ^^^^^^^^^^^^^^

warning: unused `std::result::Result` that must be used
   --> platforms\windows\easyssh-winui\src\hotkeys.rs:659:17
    |
659 |                 self.register_binding(action, binding);
    |                 ^^^^^^^^^^^^^^^^^^^^^^^^^^^^^^^^^^^^^^
    |
    = note: this `Result` may be an `Err` variant, which should be handled
    = note: `#[warn(unused_must_use)]` on by default
help: use `let _ = ...` to ignore the resulting value
    |
659 |                 let _ = self.register_binding(action, binding);
    |                 +++++++

warning: `easyssh-winui` (bin "EasySSH-Debug") generated 16 warnings (run `cargo fix --bin "EasySSH-Debug"` to apply 7 suggestions)
warning: `easyssh-winui` (bin "EasySSH") generated 686 warnings (7 duplicates) (run `cargo fix --bin "EasySSH"` to apply 114 suggestions)
    Finished `dev` profile [unoptimized + debuginfo] target(s) in 1m 03s
